09:04:53.802 [reactor-http-nio-3] ERROR c.c.g.h.GatewayExceptionHandler - [handle,48] - [网关异常处理]请求路径:/favicon.ico,异常信息:404 NOT_FOUND
09:04:55.409 [reactor-http-nio-6] ERROR c.c.g.h.GatewayExceptionHandler - [handle,48] - [网关异常处理]请求路径:/service-worker.js,异常信息:404 NOT_FOUND
09:06:28.490 [reactor-http-nio-16] ERROR c.c.g.f.AuthFilter - [unauthorizedResponse,145] - [鉴权异常处理]请求路径: /file/upload
09:06:28.848 [reactor-http-nio-16] ERROR c.c.g.h.GatewayExceptionHandler - [handle,48] - [网关异常处理]请求路径:/favicon.ico,异常信息:404 NOT_FOUND
09:06:57.391 [reactor-http-nio-17] ERROR c.c.g.h.GatewayExceptionHandler - [handle,48] - [网关异常处理]请求路径:/favicon.ico,异常信息:404 NOT_FOUND
09:07:42.010 [reactor-http-nio-19] ERROR c.c.g.f.AuthFilter - [unauthorizedResponse,145] - [鉴权异常处理]请求路径: /file/upload
09:07:42.339 [reactor-http-nio-19] ERROR c.c.g.h.GatewayExceptionHandler - [handle,48] - [网关异常处理]请求路径:/favicon.ico,异常信息:404 NOT_FOUND
09:07:42.445 [reactor-http-nio-18] ERROR c.c.g.h.GatewayExceptionHandler - [handle,48] - [网关异常处理]请求路径:/favicon.ico,异常信息:404 NOT_FOUND
09:07:49.870 [reactor-http-nio-8] ERROR c.c.g.f.AuthFilter - [unauthorizedResponse,145] - [鉴权异常处理]请求路径: /file/upload
09:07:50.175 [reactor-http-nio-8] ERROR c.c.g.h.GatewayExceptionHandler - [handle,48] - [网关异常处理]请求路径:/favicon.ico,异常信息:404 NOT_FOUND
09:07:54.568 [reactor-http-nio-8] ERROR c.c.g.f.AuthFilter - [unauthorizedResponse,145] - [鉴权异常处理]请求路径: /file/upload
09:07:54.885 [reactor-http-nio-8] ERROR c.c.g.h.GatewayExceptionHandler - [handle,48] - [网关异常处理]请求路径:/favicon.ico,异常信息:404 NOT_FOUND
09:07:55.290 [reactor-http-nio-8] ERROR c.c.g.f.AuthFilter - [unauthorizedResponse,145] - [鉴权异常处理]请求路径: /file/upload
09:07:55.714 [reactor-http-nio-8] ERROR c.c.g.h.GatewayExceptionHandler - [handle,48] - [网关异常处理]请求路径:/favicon.ico,异常信息:404 NOT_FOUND
09:07:55.717 [reactor-http-nio-9] ERROR c.c.g.f.AuthFilter - [unauthorizedResponse,145] - [鉴权异常处理]请求路径: /file/upload
09:07:56.045 [reactor-http-nio-8] ERROR c.c.g.f.AuthFilter - [unauthorizedResponse,145] - [鉴权异常处理]请求路径: /file/upload
09:07:56.130 [reactor-http-nio-9] ERROR c.c.g.h.GatewayExceptionHandler - [handle,48] - [网关异常处理]请求路径:/favicon.ico,异常信息:404 NOT_FOUND
09:07:56.336 [reactor-http-nio-8] ERROR c.c.g.f.AuthFilter - [unauthorizedResponse,145] - [鉴权异常处理]请求路径: /file/upload
09:07:56.435 [reactor-http-nio-10] ERROR c.c.g.h.GatewayExceptionHandler - [handle,48] - [网关异常处理]请求路径:/favicon.ico,异常信息:404 NOT_FOUND
09:07:56.652 [reactor-http-nio-8] ERROR c.c.g.h.GatewayExceptionHandler - [handle,48] - [网关异常处理]请求路径:/favicon.ico,异常信息:404 NOT_FOUND
09:08:07.819 [reactor-http-nio-13] ERROR c.c.g.h.GatewayExceptionHandler - [handle,48] - [网关异常处理]请求路径:/favicon.ico,异常信息:404 NOT_FOUND
09:08:08.578 [reactor-http-nio-12] ERROR c.c.g.h.GatewayExceptionHandler - [handle,48] - [网关异常处理]请求路径:/favicon.ico,异常信息:404 NOT_FOUND
09:08:10.326 [reactor-http-nio-13] ERROR c.c.g.h.GatewayExceptionHandler - [handle,48] - [网关异常处理]请求路径:/favicon.ico,异常信息:404 NOT_FOUND
09:08:10.886 [reactor-http-nio-13] ERROR c.c.g.h.GatewayExceptionHandler - [handle,48] - [网关异常处理]请求路径:/favicon.ico,异常信息:404 NOT_FOUND
09:08:12.347 [reactor-http-nio-13] ERROR c.c.g.h.GatewayExceptionHandler - [handle,48] - [网关异常处理]请求路径:/favicon.ico,异常信息:404 NOT_FOUND
09:09:40.311 [reactor-http-nio-19] ERROR c.c.g.h.GatewayExceptionHandler - [handle,48] - [网关异常处理]请求路径:/favicon.ico,异常信息:404 NOT_FOUND
09:09:50.491 [reactor-http-nio-5] ERROR c.c.g.h.GatewayExceptionHandler - [handle,48] - [网关异常处理]请求路径:/favicon.ico,异常信息:404 NOT_FOUND
09:09:52.324 [reactor-http-nio-6] ERROR c.c.g.h.GatewayExceptionHandler - [handle,48] - [网关异常处理]请求路径:/service-worker.js,异常信息:404 NOT_FOUND
09:09:55.032 [reactor-http-nio-5] ERROR c.c.g.h.GatewayExceptionHandler - [handle,48] - [网关异常处理]请求路径:/favicon.ico,异常信息:404 NOT_FOUND
09:09:55.833 [reactor-http-nio-7] ERROR c.c.g.h.GatewayExceptionHandler - [handle,48] - [网关异常处理]请求路径:/favicon.ico,异常信息:404 NOT_FOUND
09:09:56.660 [reactor-http-nio-7] ERROR c.c.g.h.GatewayExceptionHandler - [handle,48] - [网关异常处理]请求路径:/favicon.ico,异常信息:404 NOT_FOUND
09:09:57.170 [reactor-http-nio-7] ERROR c.c.g.h.GatewayExceptionHandler - [handle,48] - [网关异常处理]请求路径:/favicon.ico,异常信息:404 NOT_FOUND
09:09:58.498 [reactor-http-nio-7] ERROR c.c.g.h.GatewayExceptionHandler - [handle,48] - [网关异常处理]请求路径:/favicon.ico,异常信息:404 NOT_FOUND
09:09:59.511 [reactor-http-nio-7] ERROR c.c.g.h.GatewayExceptionHandler - [handle,48] - [网关异常处理]请求路径:/favicon.ico,异常信息:404 NOT_FOUND
09:14:51.051 [reactor-http-nio-10] ERROR c.c.g.h.GatewayExceptionHandler - [handle,48] - [网关异常处理]请求路径:/service-worker.js,异常信息:404 NOT_FOUND
09:20:21.074 [reactor-http-nio-11] ERROR c.c.g.h.GatewayExceptionHandler - [handle,48] - [网关异常处理]请求路径:/service-worker.js,异常信息:404 NOT_FOUND
09:25:51.084 [reactor-http-nio-12] ERROR c.c.g.h.GatewayExceptionHandler - [handle,48] - [网关异常处理]请求路径:/service-worker.js,异常信息:404 NOT_FOUND
09:31:21.109 [reactor-http-nio-13] ERROR c.c.g.h.GatewayExceptionHandler - [handle,48] - [网关异常处理]请求路径:/service-worker.js,异常信息:404 NOT_FOUND
09:36:51.137 [reactor-http-nio-14] ERROR c.c.g.h.GatewayExceptionHandler - [handle,48] - [网关异常处理]请求路径:/service-worker.js,异常信息:404 NOT_FOUND
09:38:33.088 [reactor-http-nio-15] ERROR c.c.g.f.AuthFilter - [unauthorizedResponse,145] - [鉴权异常处理]请求路径: /system/config/sys_config
09:38:33.088 [reactor-http-nio-16] ERROR c.c.g.f.AuthFilter - [unauthorizedResponse,145] - [鉴权异常处理]请求路径: /system/user/getInfo
09:42:21.166 [reactor-http-nio-15] ERROR c.c.g.h.GatewayExceptionHandler - [handle,48] - [网关异常处理]请求路径:/service-worker.js,异常信息:404 NOT_FOUND
09:47:51.183 [reactor-http-nio-8] ERROR c.c.g.h.GatewayExceptionHandler - [handle,48] - [网关异常处理]请求路径:/service-worker.js,异常信息:404 NOT_FOUND
09:53:21.199 [reactor-http-nio-11] ERROR c.c.g.h.GatewayExceptionHandler - [handle,48] - [网关异常处理]请求路径:/service-worker.js,异常信息:404 NOT_FOUND
09:55:51.235 [reactor-http-nio-2] ERROR c.c.g.h.GatewayExceptionHandler - [handle,48] - [网关异常处理]请求路径:/,异常信息:404 NOT_FOUND
09:55:51.956 [reactor-http-nio-3] ERROR c.c.g.h.GatewayExceptionHandler - [handle,48] - [网关异常处理]请求路径:,异常信息:404 NOT_FOUND
09:55:53.756 [reactor-http-nio-4] ERROR c.c.g.h.GatewayExceptionHandler - [handle,48] - [网关异常处理]请求路径:/,异常信息:404 NOT_FOUND
09:55:54.475 [reactor-http-nio-5] ERROR c.c.g.h.GatewayExceptionHandler - [handle,48] - [网关异常处理]请求路径:,异常信息:404 NOT_FOUND
09:56:13.853 [reactor-http-nio-6] ERROR c.c.g.h.GatewayExceptionHandler - [handle,48] - [网关异常处理]请求路径:/favicon.ico,异常信息:404 NOT_FOUND
09:56:14.635 [reactor-http-nio-6] ERROR c.c.g.h.GatewayExceptionHandler - [handle,48] - [网关异常处理]请求路径:/favicon.ico,异常信息:404 NOT_FOUND
09:56:15.152 [reactor-http-nio-6] ERROR c.c.g.h.GatewayExceptionHandler - [handle,48] - [网关异常处理]请求路径:/favicon.ico,异常信息:404 NOT_FOUND
09:56:15.662 [reactor-http-nio-6] ERROR c.c.g.h.GatewayExceptionHandler - [handle,48] - [网关异常处理]请求路径:/favicon.ico,异常信息:404 NOT_FOUND
09:56:16.079 [reactor-http-nio-6] ERROR c.c.g.h.GatewayExceptionHandler - [handle,48] - [网关异常处理]请求路径:/favicon.ico,异常信息:404 NOT_FOUND
09:56:17.318 [reactor-http-nio-6] ERROR c.c.g.h.GatewayExceptionHandler - [handle,48] - [网关异常处理]请求路径:/favicon.ico,异常信息:404 NOT_FOUND
09:58:51.216 [reactor-http-nio-17] ERROR c.c.g.h.GatewayExceptionHandler - [handle,48] - [网关异常处理]请求路径:/service-worker.js,异常信息:404 NOT_FOUND
10:04:21.233 [reactor-http-nio-2] ERROR c.c.g.h.GatewayExceptionHandler - [handle,48] - [网关异常处理]请求路径:/service-worker.js,异常信息:404 NOT_FOUND
10:09:51.254 [reactor-http-nio-5] ERROR c.c.g.h.GatewayExceptionHandler - [handle,48] - [网关异常处理]请求路径:/service-worker.js,异常信息:404 NOT_FOUND
10:15:21.272 [reactor-http-nio-6] ERROR c.c.g.h.GatewayExceptionHandler - [handle,48] - [网关异常处理]请求路径:/service-worker.js,异常信息:404 NOT_FOUND
10:20:51.296 [reactor-http-nio-7] ERROR c.c.g.h.GatewayExceptionHandler - [handle,48] - [网关异常处理]请求路径:/service-worker.js,异常信息:404 NOT_FOUND
10:26:21.309 [reactor-http-nio-13] ERROR c.c.g.h.GatewayExceptionHandler - [handle,48] - [网关异常处理]请求路径:/service-worker.js,异常信息:404 NOT_FOUND
10:30:37.076 [reactor-http-nio-14] ERROR c.c.g.h.GatewayExceptionHandler - [handle,48] - [网关异常处理]请求路径:/cgi-bin/luci/;stok=/locale,异常信息:404 NOT_FOUND
10:31:28.590 [reactor-http-nio-15] ERROR c.c.g.h.GatewayExceptionHandler - [handle,48] - [网关异常处理]请求路径:/,异常信息:404 NOT_FOUND
10:31:29.148 [reactor-http-nio-16] ERROR c.c.g.h.GatewayExceptionHandler - [handle,48] - [网关异常处理]请求路径:,异常信息:404 NOT_FOUND
10:31:30.029 [reactor-http-nio-17] ERROR c.c.g.h.GatewayExceptionHandler - [handle,48] - [网关异常处理]请求路径:/,异常信息:404 NOT_FOUND
10:31:30.551 [reactor-http-nio-18] ERROR c.c.g.h.GatewayExceptionHandler - [handle,48] - [网关异常处理]请求路径:,异常信息:404 NOT_FOUND
10:31:51.330 [reactor-http-nio-19] ERROR c.c.g.h.GatewayExceptionHandler - [handle,48] - [网关异常处理]请求路径:/service-worker.js,异常信息:404 NOT_FOUND
10:37:21.358 [reactor-http-nio-20] ERROR c.c.g.h.GatewayExceptionHandler - [handle,48] - [网关异常处理]请求路径:/service-worker.js,异常信息:404 NOT_FOUND
10:42:51.379 [reactor-http-nio-1] ERROR c.c.g.h.GatewayExceptionHandler - [handle,48] - [网关异常处理]请求路径:/service-worker.js,异常信息:404 NOT_FOUND
10:48:21.399 [reactor-http-nio-6] ERROR c.c.g.h.GatewayExceptionHandler - [handle,48] - [网关异常处理]请求路径:/service-worker.js,异常信息:404 NOT_FOUND
10:53:51.426 [reactor-http-nio-11] ERROR c.c.g.h.GatewayExceptionHandler - [handle,48] - [网关异常处理]请求路径:/service-worker.js,异常信息:404 NOT_FOUND
10:59:21.455 [reactor-http-nio-14] ERROR c.c.g.h.GatewayExceptionHandler - [handle,48] - [网关异常处理]请求路径:/service-worker.js,异常信息:404 NOT_FOUND
11:04:18.695 [boundedElastic-75] ERROR c.a.c.n.d.r.NacosReactiveDiscoveryClient - [lambda$getServices$3,94] - get services from nacos server fail,
com.alibaba.nacos.api.exception.NacosException: java.util.concurrent.TimeoutException: Waited 3000 milliseconds (plus 2 milliseconds, 814201 nanoseconds delay) for com.alibaba.nacos.shaded.io.grpc.stub.ClientCalls$GrpcFuture@7a58f304[status=PENDING, info=[GrpcFuture{clientCall=ClientCallImpl{method=MethodDescriptor{fullMethodName=Request/request, type=UNARY, idempotent=false, safe=false, sampledToLocalTracing=true, requestMarshaller=com.alibaba.nacos.shaded.io.grpc.protobuf.lite.ProtoLiteUtils$MessageMarshaller@17a58c15, responseMarshaller=com.alibaba.nacos.shaded.io.grpc.protobuf.lite.ProtoLiteUtils$MessageMarshaller@5af9c39e, schemaDescriptor=com.alibaba.nacos.api.grpc.auto.RequestGrpc$RequestMethodDescriptorSupplier@26c81956}}}]]
	at com.alibaba.nacos.common.remote.client.grpc.GrpcConnection.request(GrpcConnection.java:78)
	at com.alibaba.nacos.common.remote.client.RpcClient.request(RpcClient.java:641)
	at com.alibaba.nacos.common.remote.client.RpcClient.request(RpcClient.java:619)
	at com.alibaba.nacos.client.naming.remote.gprc.NamingGrpcClientProxy.requestToServer(NamingGrpcClientProxy.java:356)
	at com.alibaba.nacos.client.naming.remote.gprc.NamingGrpcClientProxy.getServiceList(NamingGrpcClientProxy.java:282)
	at com.alibaba.nacos.client.naming.remote.NamingClientProxyDelegate.getServiceList(NamingClientProxyDelegate.java:162)
	at com.alibaba.nacos.client.naming.NacosNamingService.getServicesOfServer(NacosNamingService.java:461)
	at com.alibaba.nacos.client.naming.NacosNamingService.getServicesOfServer(NacosNamingService.java:449)
	at com.alibaba.cloud.nacos.discovery.NacosServiceDiscovery.getServices(NacosServiceDiscovery.java:70)
	at com.alibaba.cloud.nacos.discovery.reactive.NacosReactiveDiscoveryClient.lambda$getServices$3(NacosReactiveDiscoveryClient.java:87)
	at reactor.core.publisher.FluxDefer.subscribe(FluxDefer.java:46)
	at reactor.core.publisher.FluxSubscribeOn$SubscribeOnSubscriber.run(FluxSubscribeOn.java:194)
	at reactor.core.scheduler.WorkerTask.call(WorkerTask.java:84)
	at reactor.core.scheduler.WorkerTask.call(WorkerTask.java:37)
	at java.util.concurrent.FutureTask.run$$$capture(FutureTask.java:266)
	at java.util.concurrent.FutureTask.run(FutureTask.java)
	at java.util.concurrent.ScheduledThreadPoolExecutor$ScheduledFutureTask.access$201(ScheduledThreadPoolExecutor.java:180)
	at java.util.concurrent.ScheduledThreadPoolExecutor$ScheduledFutureTask.run(ScheduledThreadPoolExecutor.java:293)
	at java.util.concurrent.ThreadPoolExecutor.runWorker(ThreadPoolExecutor.java:1149)
	at java.util.concurrent.ThreadPoolExecutor$Worker.run(ThreadPoolExecutor.java:624)
	at java.lang.Thread.run(Thread.java:748)
Caused by: java.util.concurrent.TimeoutException: Waited 3000 milliseconds (plus 2 milliseconds, 814201 nanoseconds delay) for com.alibaba.nacos.shaded.io.grpc.stub.ClientCalls$GrpcFuture@7a58f304[status=PENDING, info=[GrpcFuture{clientCall=ClientCallImpl{method=MethodDescriptor{fullMethodName=Request/request, type=UNARY, idempotent=false, safe=false, sampledToLocalTracing=true, requestMarshaller=com.alibaba.nacos.shaded.io.grpc.protobuf.lite.ProtoLiteUtils$MessageMarshaller@17a58c15, responseMarshaller=com.alibaba.nacos.shaded.io.grpc.protobuf.lite.ProtoLiteUtils$MessageMarshaller@5af9c39e, schemaDescriptor=com.alibaba.nacos.api.grpc.auto.RequestGrpc$RequestMethodDescriptorSupplier@26c81956}}}]]
	at com.alibaba.nacos.shaded.com.google.common.util.concurrent.AbstractFuture.get(AbstractFuture.java:508)
	at com.alibaba.nacos.common.remote.client.grpc.GrpcConnection.request(GrpcConnection.java:76)
	... 20 common frames omitted
11:04:18.695 [boundedElastic-69] ERROR c.a.c.n.d.r.NacosReactiveDiscoveryClient - [lambda$getServices$3,94] - get services from nacos server fail,
com.alibaba.nacos.api.exception.NacosException: java.util.concurrent.TimeoutException: Waited 3000 milliseconds (plus 2 milliseconds, 816100 nanoseconds delay) for com.alibaba.nacos.shaded.io.grpc.stub.ClientCalls$GrpcFuture@a526211[status=PENDING, info=[GrpcFuture{clientCall=ClientCallImpl{method=MethodDescriptor{fullMethodName=Request/request, type=UNARY, idempotent=false, safe=false, sampledToLocalTracing=true, requestMarshaller=com.alibaba.nacos.shaded.io.grpc.protobuf.lite.ProtoLiteUtils$MessageMarshaller@17a58c15, responseMarshaller=com.alibaba.nacos.shaded.io.grpc.protobuf.lite.ProtoLiteUtils$MessageMarshaller@5af9c39e, schemaDescriptor=com.alibaba.nacos.api.grpc.auto.RequestGrpc$RequestMethodDescriptorSupplier@26c81956}}}]]
	at com.alibaba.nacos.common.remote.client.grpc.GrpcConnection.request(GrpcConnection.java:78)
	at com.alibaba.nacos.common.remote.client.RpcClient.request(RpcClient.java:641)
	at com.alibaba.nacos.common.remote.client.RpcClient.request(RpcClient.java:619)
	at com.alibaba.nacos.client.naming.remote.gprc.NamingGrpcClientProxy.requestToServer(NamingGrpcClientProxy.java:356)
	at com.alibaba.nacos.client.naming.remote.gprc.NamingGrpcClientProxy.getServiceList(NamingGrpcClientProxy.java:282)
	at com.alibaba.nacos.client.naming.remote.NamingClientProxyDelegate.getServiceList(NamingClientProxyDelegate.java:162)
	at com.alibaba.nacos.client.naming.NacosNamingService.getServicesOfServer(NacosNamingService.java:461)
	at com.alibaba.nacos.client.naming.NacosNamingService.getServicesOfServer(NacosNamingService.java:449)
	at com.alibaba.cloud.nacos.discovery.NacosServiceDiscovery.getServices(NacosServiceDiscovery.java:70)
	at com.alibaba.cloud.nacos.discovery.reactive.NacosReactiveDiscoveryClient.lambda$getServices$3(NacosReactiveDiscoveryClient.java:87)
	at reactor.core.publisher.FluxDefer.subscribe(FluxDefer.java:46)
	at reactor.core.publisher.FluxSubscribeOn$SubscribeOnSubscriber.run(FluxSubscribeOn.java:194)
	at reactor.core.scheduler.WorkerTask.call(WorkerTask.java:84)
	at reactor.core.scheduler.WorkerTask.call(WorkerTask.java:37)
	at java.util.concurrent.FutureTask.run$$$capture(FutureTask.java:266)
	at java.util.concurrent.FutureTask.run(FutureTask.java)
	at java.util.concurrent.ScheduledThreadPoolExecutor$ScheduledFutureTask.access$201(ScheduledThreadPoolExecutor.java:180)
	at java.util.concurrent.ScheduledThreadPoolExecutor$ScheduledFutureTask.run(ScheduledThreadPoolExecutor.java:293)
	at java.util.concurrent.ThreadPoolExecutor.runWorker(ThreadPoolExecutor.java:1149)
	at java.util.concurrent.ThreadPoolExecutor$Worker.run(ThreadPoolExecutor.java:624)
	at java.lang.Thread.run(Thread.java:748)
Caused by: java.util.concurrent.TimeoutException: Waited 3000 milliseconds (plus 2 milliseconds, 816100 nanoseconds delay) for com.alibaba.nacos.shaded.io.grpc.stub.ClientCalls$GrpcFuture@a526211[status=PENDING, info=[GrpcFuture{clientCall=ClientCallImpl{method=MethodDescriptor{fullMethodName=Request/request, type=UNARY, idempotent=false, safe=false, sampledToLocalTracing=true, requestMarshaller=com.alibaba.nacos.shaded.io.grpc.protobuf.lite.ProtoLiteUtils$MessageMarshaller@17a58c15, responseMarshaller=com.alibaba.nacos.shaded.io.grpc.protobuf.lite.ProtoLiteUtils$MessageMarshaller@5af9c39e, schemaDescriptor=com.alibaba.nacos.api.grpc.auto.RequestGrpc$RequestMethodDescriptorSupplier@26c81956}}}]]
	at com.alibaba.nacos.shaded.com.google.common.util.concurrent.AbstractFuture.get(AbstractFuture.java:508)
	at com.alibaba.nacos.common.remote.client.grpc.GrpcConnection.request(GrpcConnection.java:76)
	... 20 common frames omitted
11:04:51.478 [reactor-http-nio-12] ERROR c.c.g.h.GatewayExceptionHandler - [handle,48] - [网关异常处理]请求路径:/service-worker.js,异常信息:404 NOT_FOUND
11:10:21.504 [reactor-http-nio-19] ERROR c.c.g.h.GatewayExceptionHandler - [handle,48] - [网关异常处理]请求路径:/service-worker.js,异常信息:404 NOT_FOUND
11:15:51.523 [reactor-http-nio-9] ERROR c.c.g.h.GatewayExceptionHandler - [handle,48] - [网关异常处理]请求路径:/service-worker.js,异常信息:404 NOT_FOUND
11:21:21.545 [reactor-http-nio-16] ERROR c.c.g.h.GatewayExceptionHandler - [handle,48] - [网关异常处理]请求路径:/service-worker.js,异常信息:404 NOT_FOUND
11:26:51.558 [reactor-http-nio-13] ERROR c.c.g.h.GatewayExceptionHandler - [handle,48] - [网关异常处理]请求路径:/service-worker.js,异常信息:404 NOT_FOUND
11:32:21.588 [reactor-http-nio-5] ERROR c.c.g.h.GatewayExceptionHandler - [handle,48] - [网关异常处理]请求路径:/service-worker.js,异常信息:404 NOT_FOUND
11:37:51.608 [reactor-http-nio-10] ERROR c.c.g.h.GatewayExceptionHandler - [handle,48] - [网关异常处理]请求路径:/service-worker.js,异常信息:404 NOT_FOUND
11:39:12.566 [reactor-http-nio-16] ERROR c.c.g.h.GatewayExceptionHandler - [handle,48] - [网关异常处理]请求路径:/,异常信息:404 NOT_FOUND
11:43:17.323 [reactor-http-nio-14] ERROR c.c.g.h.GatewayExceptionHandler - [handle,48] - [网关异常处理]请求路径:/,异常信息:404 NOT_FOUND
11:43:17.922 [reactor-http-nio-15] ERROR c.c.g.h.GatewayExceptionHandler - [handle,48] - [网关异常处理]请求路径:,异常信息:404 NOT_FOUND
11:43:18.801 [reactor-http-nio-16] ERROR c.c.g.h.GatewayExceptionHandler - [handle,48] - [网关异常处理]请求路径:/,异常信息:404 NOT_FOUND
11:43:19.404 [reactor-http-nio-17] ERROR c.c.g.h.GatewayExceptionHandler - [handle,48] - [网关异常处理]请求路径:,异常信息:404 NOT_FOUND
11:43:21.625 [reactor-http-nio-18] ERROR c.c.g.h.GatewayExceptionHandler - [handle,48] - [网关异常处理]请求路径:/service-worker.js,异常信息:404 NOT_FOUND
11:48:05.406 [reactor-http-nio-2] ERROR c.c.g.h.GatewayExceptionHandler - [handle,48] - [网关异常处理]请求路径:/favicon.ico,异常信息:404 NOT_FOUND
11:48:23.131 [reactor-http-nio-7] ERROR c.c.g.h.GatewayExceptionHandler - [handle,48] - [网关异常处理]请求路径:/favicon.ico,异常信息:404 NOT_FOUND
11:48:51.646 [reactor-http-nio-9] ERROR c.c.g.h.GatewayExceptionHandler - [handle,48] - [网关异常处理]请求路径:/service-worker.js,异常信息:404 NOT_FOUND
11:49:58.046 [reactor-http-nio-10] ERROR c.c.g.h.GatewayExceptionHandler - [handle,48] - [网关异常处理]请求路径:/favicon.ico,异常信息:404 NOT_FOUND
11:50:01.084 [reactor-http-nio-10] ERROR c.c.g.h.GatewayExceptionHandler - [handle,48] - [网关异常处理]请求路径:/favicon.ico,异常信息:404 NOT_FOUND
11:50:03.719 [reactor-http-nio-10] ERROR c.c.g.h.GatewayExceptionHandler - [handle,48] - [网关异常处理]请求路径:/favicon.ico,异常信息:404 NOT_FOUND
11:50:05.558 [reactor-http-nio-10] ERROR c.c.g.h.GatewayExceptionHandler - [handle,48] - [网关异常处理]请求路径:/favicon.ico,异常信息:404 NOT_FOUND
11:50:06.439 [reactor-http-nio-10] ERROR c.c.g.h.GatewayExceptionHandler - [handle,48] - [网关异常处理]请求路径:/favicon.ico,异常信息:404 NOT_FOUND
11:50:08.361 [reactor-http-nio-11] ERROR c.c.g.h.GatewayExceptionHandler - [handle,48] - [网关异常处理]请求路径:/favicon.ico,异常信息:404 NOT_FOUND
11:50:11.911 [reactor-http-nio-11] ERROR c.c.g.h.GatewayExceptionHandler - [handle,48] - [网关异常处理]请求路径:/favicon.ico,异常信息:404 NOT_FOUND
11:50:13.280 [reactor-http-nio-11] ERROR c.c.g.h.GatewayExceptionHandler - [handle,48] - [网关异常处理]请求路径:/favicon.ico,异常信息:404 NOT_FOUND
11:50:13.927 [reactor-http-nio-11] ERROR c.c.g.h.GatewayExceptionHandler - [handle,48] - [网关异常处理]请求路径:/favicon.ico,异常信息:404 NOT_FOUND
11:50:15.365 [reactor-http-nio-11] ERROR c.c.g.h.GatewayExceptionHandler - [handle,48] - [网关异常处理]请求路径:/favicon.ico,异常信息:404 NOT_FOUND
11:50:16.392 [reactor-http-nio-11] ERROR c.c.g.h.GatewayExceptionHandler - [handle,48] - [网关异常处理]请求路径:/favicon.ico,异常信息:404 NOT_FOUND
11:50:16.882 [reactor-http-nio-12] ERROR c.c.g.h.GatewayExceptionHandler - [handle,48] - [网关异常处理]请求路径:/favicon.ico,异常信息:404 NOT_FOUND
11:50:17.282 [reactor-http-nio-12] ERROR c.c.g.h.GatewayExceptionHandler - [handle,48] - [网关异常处理]请求路径:/favicon.ico,异常信息:404 NOT_FOUND
11:50:17.673 [reactor-http-nio-13] ERROR c.c.g.h.GatewayExceptionHandler - [handle,48] - [网关异常处理]请求路径:/favicon.ico,异常信息:404 NOT_FOUND
11:53:13.482 [reactor-http-nio-17] ERROR c.c.g.h.GatewayExceptionHandler - [handle,48] - [网关异常处理]请求路径:/favicon.ico,异常信息:404 NOT_FOUND
11:53:15.405 [reactor-http-nio-15] ERROR c.c.g.h.GatewayExceptionHandler - [handle,48] - [网关异常处理]请求路径:/service-worker.js,异常信息:404 NOT_FOUND
11:53:15.750 [reactor-http-nio-15] ERROR c.c.g.h.GatewayExceptionHandler - [handle,48] - [网关异常处理]请求路径:/favicon.ico,异常信息:404 NOT_FOUND
11:54:21.669 [reactor-http-nio-11] ERROR c.c.g.h.GatewayExceptionHandler - [handle,48] - [网关异常处理]请求路径:/service-worker.js,异常信息:404 NOT_FOUND
11:59:51.700 [reactor-http-nio-17] ERROR c.c.g.h.GatewayExceptionHandler - [handle,48] - [网关异常处理]请求路径:/service-worker.js,异常信息:404 NOT_FOUND
12:05:21.719 [reactor-http-nio-18] ERROR c.c.g.h.GatewayExceptionHandler - [handle,48] - [网关异常处理]请求路径:/service-worker.js,异常信息:404 NOT_FOUND
12:10:18.962 [boundedElastic-107] ERROR c.a.c.n.d.r.NacosReactiveDiscoveryClient - [lambda$getServices$3,94] - get services from nacos server fail,
com.alibaba.nacos.api.exception.NacosException: java.util.concurrent.TimeoutException: Waited 3000 milliseconds (plus 1 milliseconds, 478300 nanoseconds delay) for com.alibaba.nacos.shaded.io.grpc.stub.ClientCalls$GrpcFuture@58be796a[status=PENDING, info=[GrpcFuture{clientCall=ClientCallImpl{method=MethodDescriptor{fullMethodName=Request/request, type=UNARY, idempotent=false, safe=false, sampledToLocalTracing=true, requestMarshaller=com.alibaba.nacos.shaded.io.grpc.protobuf.lite.ProtoLiteUtils$MessageMarshaller@17a58c15, responseMarshaller=com.alibaba.nacos.shaded.io.grpc.protobuf.lite.ProtoLiteUtils$MessageMarshaller@5af9c39e, schemaDescriptor=com.alibaba.nacos.api.grpc.auto.RequestGrpc$RequestMethodDescriptorSupplier@26c81956}}}]]
	at com.alibaba.nacos.common.remote.client.grpc.GrpcConnection.request(GrpcConnection.java:78)
	at com.alibaba.nacos.common.remote.client.RpcClient.request(RpcClient.java:641)
	at com.alibaba.nacos.common.remote.client.RpcClient.request(RpcClient.java:619)
	at com.alibaba.nacos.client.naming.remote.gprc.NamingGrpcClientProxy.requestToServer(NamingGrpcClientProxy.java:356)
	at com.alibaba.nacos.client.naming.remote.gprc.NamingGrpcClientProxy.getServiceList(NamingGrpcClientProxy.java:282)
	at com.alibaba.nacos.client.naming.remote.NamingClientProxyDelegate.getServiceList(NamingClientProxyDelegate.java:162)
	at com.alibaba.nacos.client.naming.NacosNamingService.getServicesOfServer(NacosNamingService.java:461)
	at com.alibaba.nacos.client.naming.NacosNamingService.getServicesOfServer(NacosNamingService.java:449)
	at com.alibaba.cloud.nacos.discovery.NacosServiceDiscovery.getServices(NacosServiceDiscovery.java:70)
	at com.alibaba.cloud.nacos.discovery.reactive.NacosReactiveDiscoveryClient.lambda$getServices$3(NacosReactiveDiscoveryClient.java:87)
	at reactor.core.publisher.FluxDefer.subscribe(FluxDefer.java:46)
	at reactor.core.publisher.FluxSubscribeOn$SubscribeOnSubscriber.run(FluxSubscribeOn.java:194)
	at reactor.core.scheduler.WorkerTask.call(WorkerTask.java:84)
	at reactor.core.scheduler.WorkerTask.call(WorkerTask.java:37)
	at java.util.concurrent.FutureTask.run$$$capture(FutureTask.java:266)
	at java.util.concurrent.FutureTask.run(FutureTask.java)
	at java.util.concurrent.ScheduledThreadPoolExecutor$ScheduledFutureTask.access$201(ScheduledThreadPoolExecutor.java:180)
	at java.util.concurrent.ScheduledThreadPoolExecutor$ScheduledFutureTask.run(ScheduledThreadPoolExecutor.java:293)
	at java.util.concurrent.ThreadPoolExecutor.runWorker(ThreadPoolExecutor.java:1149)
	at java.util.concurrent.ThreadPoolExecutor$Worker.run(ThreadPoolExecutor.java:624)
	at java.lang.Thread.run(Thread.java:748)
Caused by: java.util.concurrent.TimeoutException: Waited 3000 milliseconds (plus 1 milliseconds, 478300 nanoseconds delay) for com.alibaba.nacos.shaded.io.grpc.stub.ClientCalls$GrpcFuture@58be796a[status=PENDING, info=[GrpcFuture{clientCall=ClientCallImpl{method=MethodDescriptor{fullMethodName=Request/request, type=UNARY, idempotent=false, safe=false, sampledToLocalTracing=true, requestMarshaller=com.alibaba.nacos.shaded.io.grpc.protobuf.lite.ProtoLiteUtils$MessageMarshaller@17a58c15, responseMarshaller=com.alibaba.nacos.shaded.io.grpc.protobuf.lite.ProtoLiteUtils$MessageMarshaller@5af9c39e, schemaDescriptor=com.alibaba.nacos.api.grpc.auto.RequestGrpc$RequestMethodDescriptorSupplier@26c81956}}}]]
	at com.alibaba.nacos.shaded.com.google.common.util.concurrent.AbstractFuture.get(AbstractFuture.java:508)
	at com.alibaba.nacos.common.remote.client.grpc.GrpcConnection.request(GrpcConnection.java:76)
	... 20 common frames omitted
12:10:18.962 [boundedElastic-109] ERROR c.a.c.n.d.r.NacosReactiveDiscoveryClient - [lambda$getServices$3,94] - get services from nacos server fail,
com.alibaba.nacos.api.exception.NacosException: java.util.concurrent.TimeoutException: Waited 3000 milliseconds (plus 1 milliseconds, 380000 nanoseconds delay) for com.alibaba.nacos.shaded.io.grpc.stub.ClientCalls$GrpcFuture@6842bea6[status=PENDING, info=[GrpcFuture{clientCall=ClientCallImpl{method=MethodDescriptor{fullMethodName=Request/request, type=UNARY, idempotent=false, safe=false, sampledToLocalTracing=true, requestMarshaller=com.alibaba.nacos.shaded.io.grpc.protobuf.lite.ProtoLiteUtils$MessageMarshaller@17a58c15, responseMarshaller=com.alibaba.nacos.shaded.io.grpc.protobuf.lite.ProtoLiteUtils$MessageMarshaller@5af9c39e, schemaDescriptor=com.alibaba.nacos.api.grpc.auto.RequestGrpc$RequestMethodDescriptorSupplier@26c81956}}}]]
	at com.alibaba.nacos.common.remote.client.grpc.GrpcConnection.request(GrpcConnection.java:78)
	at com.alibaba.nacos.common.remote.client.RpcClient.request(RpcClient.java:641)
	at com.alibaba.nacos.common.remote.client.RpcClient.request(RpcClient.java:619)
	at com.alibaba.nacos.client.naming.remote.gprc.NamingGrpcClientProxy.requestToServer(NamingGrpcClientProxy.java:356)
	at com.alibaba.nacos.client.naming.remote.gprc.NamingGrpcClientProxy.getServiceList(NamingGrpcClientProxy.java:282)
	at com.alibaba.nacos.client.naming.remote.NamingClientProxyDelegate.getServiceList(NamingClientProxyDelegate.java:162)
	at com.alibaba.nacos.client.naming.NacosNamingService.getServicesOfServer(NacosNamingService.java:461)
	at com.alibaba.nacos.client.naming.NacosNamingService.getServicesOfServer(NacosNamingService.java:449)
	at com.alibaba.cloud.nacos.discovery.NacosServiceDiscovery.getServices(NacosServiceDiscovery.java:70)
	at com.alibaba.cloud.nacos.discovery.reactive.NacosReactiveDiscoveryClient.lambda$getServices$3(NacosReactiveDiscoveryClient.java:87)
	at reactor.core.publisher.FluxDefer.subscribe(FluxDefer.java:46)
	at reactor.core.publisher.FluxSubscribeOn$SubscribeOnSubscriber.run(FluxSubscribeOn.java:194)
	at reactor.core.scheduler.WorkerTask.call(WorkerTask.java:84)
	at reactor.core.scheduler.WorkerTask.call(WorkerTask.java:37)
	at java.util.concurrent.FutureTask.run$$$capture(FutureTask.java:266)
	at java.util.concurrent.FutureTask.run(FutureTask.java)
	at java.util.concurrent.ScheduledThreadPoolExecutor$ScheduledFutureTask.access$201(ScheduledThreadPoolExecutor.java:180)
	at java.util.concurrent.ScheduledThreadPoolExecutor$ScheduledFutureTask.run(ScheduledThreadPoolExecutor.java:293)
	at java.util.concurrent.ThreadPoolExecutor.runWorker(ThreadPoolExecutor.java:1149)
	at java.util.concurrent.ThreadPoolExecutor$Worker.run(ThreadPoolExecutor.java:624)
	at java.lang.Thread.run(Thread.java:748)
Caused by: java.util.concurrent.TimeoutException: Waited 3000 milliseconds (plus 1 milliseconds, 380000 nanoseconds delay) for com.alibaba.nacos.shaded.io.grpc.stub.ClientCalls$GrpcFuture@6842bea6[status=PENDING, info=[GrpcFuture{clientCall=ClientCallImpl{method=MethodDescriptor{fullMethodName=Request/request, type=UNARY, idempotent=false, safe=false, sampledToLocalTracing=true, requestMarshaller=com.alibaba.nacos.shaded.io.grpc.protobuf.lite.ProtoLiteUtils$MessageMarshaller@17a58c15, responseMarshaller=com.alibaba.nacos.shaded.io.grpc.protobuf.lite.ProtoLiteUtils$MessageMarshaller@5af9c39e, schemaDescriptor=com.alibaba.nacos.api.grpc.auto.RequestGrpc$RequestMethodDescriptorSupplier@26c81956}}}]]
	at com.alibaba.nacos.shaded.com.google.common.util.concurrent.AbstractFuture.get(AbstractFuture.java:508)
	at com.alibaba.nacos.common.remote.client.grpc.GrpcConnection.request(GrpcConnection.java:76)
	... 20 common frames omitted
12:10:51.744 [reactor-http-nio-5] ERROR c.c.g.h.GatewayExceptionHandler - [handle,48] - [网关异常处理]请求路径:/service-worker.js,异常信息:404 NOT_FOUND
12:11:18.965 [boundedElastic-105] ERROR c.a.c.n.d.r.NacosReactiveDiscoveryClient - [lambda$getServices$3,94] - get services from nacos server fail,
com.alibaba.nacos.api.exception.NacosException: java.util.concurrent.TimeoutException: Waited 3000 milliseconds (plus 2 milliseconds, 411400 nanoseconds delay) for com.alibaba.nacos.shaded.io.grpc.stub.ClientCalls$GrpcFuture@254a4a1[status=PENDING, info=[GrpcFuture{clientCall=ClientCallImpl{method=MethodDescriptor{fullMethodName=Request/request, type=UNARY, idempotent=false, safe=false, sampledToLocalTracing=true, requestMarshaller=com.alibaba.nacos.shaded.io.grpc.protobuf.lite.ProtoLiteUtils$MessageMarshaller@17a58c15, responseMarshaller=com.alibaba.nacos.shaded.io.grpc.protobuf.lite.ProtoLiteUtils$MessageMarshaller@5af9c39e, schemaDescriptor=com.alibaba.nacos.api.grpc.auto.RequestGrpc$RequestMethodDescriptorSupplier@26c81956}}}]]
	at com.alibaba.nacos.common.remote.client.grpc.GrpcConnection.request(GrpcConnection.java:78)
	at com.alibaba.nacos.common.remote.client.RpcClient.request(RpcClient.java:641)
	at com.alibaba.nacos.common.remote.client.RpcClient.request(RpcClient.java:619)
	at com.alibaba.nacos.client.naming.remote.gprc.NamingGrpcClientProxy.requestToServer(NamingGrpcClientProxy.java:356)
	at com.alibaba.nacos.client.naming.remote.gprc.NamingGrpcClientProxy.getServiceList(NamingGrpcClientProxy.java:282)
	at com.alibaba.nacos.client.naming.remote.NamingClientProxyDelegate.getServiceList(NamingClientProxyDelegate.java:162)
	at com.alibaba.nacos.client.naming.NacosNamingService.getServicesOfServer(NacosNamingService.java:461)
	at com.alibaba.nacos.client.naming.NacosNamingService.getServicesOfServer(NacosNamingService.java:449)
	at com.alibaba.cloud.nacos.discovery.NacosServiceDiscovery.getServices(NacosServiceDiscovery.java:70)
	at com.alibaba.cloud.nacos.discovery.reactive.NacosReactiveDiscoveryClient.lambda$getServices$3(NacosReactiveDiscoveryClient.java:87)
	at reactor.core.publisher.FluxDefer.subscribe(FluxDefer.java:46)
	at reactor.core.publisher.FluxSubscribeOn$SubscribeOnSubscriber.run(FluxSubscribeOn.java:194)
	at reactor.core.scheduler.WorkerTask.call(WorkerTask.java:84)
	at reactor.core.scheduler.WorkerTask.call(WorkerTask.java:37)
	at java.util.concurrent.FutureTask.run$$$capture(FutureTask.java:266)
	at java.util.concurrent.FutureTask.run(FutureTask.java)
	at java.util.concurrent.ScheduledThreadPoolExecutor$ScheduledFutureTask.access$201(ScheduledThreadPoolExecutor.java:180)
	at java.util.concurrent.ScheduledThreadPoolExecutor$ScheduledFutureTask.run(ScheduledThreadPoolExecutor.java:293)
	at java.util.concurrent.ThreadPoolExecutor.runWorker(ThreadPoolExecutor.java:1149)
	at java.util.concurrent.ThreadPoolExecutor$Worker.run(ThreadPoolExecutor.java:624)
	at java.lang.Thread.run(Thread.java:748)
Caused by: java.util.concurrent.TimeoutException: Waited 3000 milliseconds (plus 2 milliseconds, 411400 nanoseconds delay) for com.alibaba.nacos.shaded.io.grpc.stub.ClientCalls$GrpcFuture@254a4a1[status=PENDING, info=[GrpcFuture{clientCall=ClientCallImpl{method=MethodDescriptor{fullMethodName=Request/request, type=UNARY, idempotent=false, safe=false, sampledToLocalTracing=true, requestMarshaller=com.alibaba.nacos.shaded.io.grpc.protobuf.lite.ProtoLiteUtils$MessageMarshaller@17a58c15, responseMarshaller=com.alibaba.nacos.shaded.io.grpc.protobuf.lite.ProtoLiteUtils$MessageMarshaller@5af9c39e, schemaDescriptor=com.alibaba.nacos.api.grpc.auto.RequestGrpc$RequestMethodDescriptorSupplier@26c81956}}}]]
	at com.alibaba.nacos.shaded.com.google.common.util.concurrent.AbstractFuture.get(AbstractFuture.java:508)
	at com.alibaba.nacos.common.remote.client.grpc.GrpcConnection.request(GrpcConnection.java:76)
	... 20 common frames omitted
12:11:18.965 [boundedElastic-97] ERROR c.a.c.n.d.r.NacosReactiveDiscoveryClient - [lambda$getServices$3,94] - get services from nacos server fail,
com.alibaba.nacos.api.exception.NacosException: java.util.concurrent.TimeoutException: Waited 3000 milliseconds (plus 2 milliseconds, 470700 nanoseconds delay) for com.alibaba.nacos.shaded.io.grpc.stub.ClientCalls$GrpcFuture@1e6da534[status=PENDING, info=[GrpcFuture{clientCall=ClientCallImpl{method=MethodDescriptor{fullMethodName=Request/request, type=UNARY, idempotent=false, safe=false, sampledToLocalTracing=true, requestMarshaller=com.alibaba.nacos.shaded.io.grpc.protobuf.lite.ProtoLiteUtils$MessageMarshaller@17a58c15, responseMarshaller=com.alibaba.nacos.shaded.io.grpc.protobuf.lite.ProtoLiteUtils$MessageMarshaller@5af9c39e, schemaDescriptor=com.alibaba.nacos.api.grpc.auto.RequestGrpc$RequestMethodDescriptorSupplier@26c81956}}}]]
	at com.alibaba.nacos.common.remote.client.grpc.GrpcConnection.request(GrpcConnection.java:78)
	at com.alibaba.nacos.common.remote.client.RpcClient.request(RpcClient.java:641)
	at com.alibaba.nacos.common.remote.client.RpcClient.request(RpcClient.java:619)
	at com.alibaba.nacos.client.naming.remote.gprc.NamingGrpcClientProxy.requestToServer(NamingGrpcClientProxy.java:356)
	at com.alibaba.nacos.client.naming.remote.gprc.NamingGrpcClientProxy.getServiceList(NamingGrpcClientProxy.java:282)
	at com.alibaba.nacos.client.naming.remote.NamingClientProxyDelegate.getServiceList(NamingClientProxyDelegate.java:162)
	at com.alibaba.nacos.client.naming.NacosNamingService.getServicesOfServer(NacosNamingService.java:461)
	at com.alibaba.nacos.client.naming.NacosNamingService.getServicesOfServer(NacosNamingService.java:449)
	at com.alibaba.cloud.nacos.discovery.NacosServiceDiscovery.getServices(NacosServiceDiscovery.java:70)
	at com.alibaba.cloud.nacos.discovery.reactive.NacosReactiveDiscoveryClient.lambda$getServices$3(NacosReactiveDiscoveryClient.java:87)
	at reactor.core.publisher.FluxDefer.subscribe(FluxDefer.java:46)
	at reactor.core.publisher.FluxSubscribeOn$SubscribeOnSubscriber.run(FluxSubscribeOn.java:194)
	at reactor.core.scheduler.WorkerTask.call(WorkerTask.java:84)
	at reactor.core.scheduler.WorkerTask.call(WorkerTask.java:37)
	at java.util.concurrent.FutureTask.run$$$capture(FutureTask.java:266)
	at java.util.concurrent.FutureTask.run(FutureTask.java)
	at java.util.concurrent.ScheduledThreadPoolExecutor$ScheduledFutureTask.access$201(ScheduledThreadPoolExecutor.java:180)
	at java.util.concurrent.ScheduledThreadPoolExecutor$ScheduledFutureTask.run(ScheduledThreadPoolExecutor.java:293)
	at java.util.concurrent.ThreadPoolExecutor.runWorker(ThreadPoolExecutor.java:1149)
	at java.util.concurrent.ThreadPoolExecutor$Worker.run(ThreadPoolExecutor.java:624)
	at java.lang.Thread.run(Thread.java:748)
Caused by: java.util.concurrent.TimeoutException: Waited 3000 milliseconds (plus 2 milliseconds, 470700 nanoseconds delay) for com.alibaba.nacos.shaded.io.grpc.stub.ClientCalls$GrpcFuture@1e6da534[status=PENDING, info=[GrpcFuture{clientCall=ClientCallImpl{method=MethodDescriptor{fullMethodName=Request/request, type=UNARY, idempotent=false, safe=false, sampledToLocalTracing=true, requestMarshaller=com.alibaba.nacos.shaded.io.grpc.protobuf.lite.ProtoLiteUtils$MessageMarshaller@17a58c15, responseMarshaller=com.alibaba.nacos.shaded.io.grpc.protobuf.lite.ProtoLiteUtils$MessageMarshaller@5af9c39e, schemaDescriptor=com.alibaba.nacos.api.grpc.auto.RequestGrpc$RequestMethodDescriptorSupplier@26c81956}}}]]
	at com.alibaba.nacos.shaded.com.google.common.util.concurrent.AbstractFuture.get(AbstractFuture.java:508)
	at com.alibaba.nacos.common.remote.client.grpc.GrpcConnection.request(GrpcConnection.java:76)
	... 20 common frames omitted
12:16:21.761 [reactor-http-nio-6] ERROR c.c.g.h.GatewayExceptionHandler - [handle,48] - [网关异常处理]请求路径:/service-worker.js,异常信息:404 NOT_FOUND
20:46:12.536 [reactor-http-nio-2] ERROR c.c.g.f.AuthFilter - [unauthorizedResponse,145] - [鉴权异常处理]请求路径: /system/config/sys_config
20:46:12.536 [reactor-http-nio-3] ERROR c.c.g.f.AuthFilter - [unauthorizedResponse,145] - [鉴权异常处理]请求路径: /system/user/getInfo
20:46:18.280 [reactor-http-nio-5] ERROR c.c.g.f.AuthFilter - [unauthorizedResponse,145] - [鉴权异常处理]请求路径: /system/user/getInfo
20:46:18.374 [reactor-http-nio-4] ERROR c.c.g.f.AuthFilter - [unauthorizedResponse,145] - [鉴权异常处理]请求路径: /system/config/sys_config
20:50:54.620 [reactor-http-nio-5] ERROR c.c.g.h.GatewayExceptionHandler - [handle,48] - [网关异常处理]请求路径:/,异常信息:404 NOT_FOUND
20:59:32.889 [reactor-http-nio-9] ERROR c.c.g.h.GatewayExceptionHandler - [handle,48] - [网关异常处理]请求路径:/favicon.ico,异常信息:404 NOT_FOUND
20:59:36.647 [reactor-http-nio-9] ERROR c.c.g.h.GatewayExceptionHandler - [handle,48] - [网关异常处理]请求路径:/favicon.ico,异常信息:404 NOT_FOUND
20:59:38.060 [reactor-http-nio-9] ERROR c.c.g.h.GatewayExceptionHandler - [handle,48] - [网关异常处理]请求路径:/favicon.ico,异常信息:404 NOT_FOUND
20:59:39.351 [reactor-http-nio-9] ERROR c.c.g.h.GatewayExceptionHandler - [handle,48] - [网关异常处理]请求路径:/favicon.ico,异常信息:404 NOT_FOUND
20:59:40.971 [reactor-http-nio-9] ERROR c.c.g.h.GatewayExceptionHandler - [handle,48] - [网关异常处理]请求路径:/favicon.ico,异常信息:404 NOT_FOUND
20:59:43.410 [reactor-http-nio-9] ERROR c.c.g.h.GatewayExceptionHandler - [handle,48] - [网关异常处理]请求路径:/favicon.ico,异常信息:404 NOT_FOUND
20:59:53.486 [reactor-http-nio-9] ERROR c.c.g.h.GatewayExceptionHandler - [handle,48] - [网关异常处理]请求路径:/favicon.ico,异常信息:404 NOT_FOUND
21:00:52.731 [reactor-http-nio-9] ERROR c.c.g.h.GatewayExceptionHandler - [handle,48] - [网关异常处理]请求路径:/favicon.ico,异常信息:404 NOT_FOUND
21:00:53.711 [reactor-http-nio-9] ERROR c.c.g.h.GatewayExceptionHandler - [handle,48] - [网关异常处理]请求路径:/favicon.ico,异常信息:404 NOT_FOUND
21:01:24.902 [reactor-http-nio-9] ERROR c.c.g.h.GatewayExceptionHandler - [handle,48] - [网关异常处理]请求路径:/favicon.ico,异常信息:404 NOT_FOUND
21:01:25.451 [reactor-http-nio-9] ERROR c.c.g.h.GatewayExceptionHandler - [handle,48] - [网关异常处理]请求路径:/favicon.ico,异常信息:404 NOT_FOUND
21:06:44.472 [reactor-http-nio-19] ERROR c.c.g.h.GatewayExceptionHandler - [handle,48] - [网关异常处理]请求路径:/favicon.ico,异常信息:404 NOT_FOUND
21:06:45.069 [reactor-http-nio-19] ERROR c.c.g.h.GatewayExceptionHandler - [handle,48] - [网关异常处理]请求路径:/favicon.ico,异常信息:404 NOT_FOUND
21:06:57.700 [reactor-http-nio-19] ERROR c.c.g.h.GatewayExceptionHandler - [handle,48] - [网关异常处理]请求路径:/favicon.ico,异常信息:404 NOT_FOUND
21:07:02.990 [boundedElastic-23] ERROR c.a.c.n.d.r.NacosReactiveDiscoveryClient - [lambda$getServices$3,94] - get services from nacos server fail,
com.alibaba.nacos.api.exception.NacosException: java.util.concurrent.TimeoutException: Waited 3000 milliseconds (plus 1 milliseconds, 58200 nanoseconds delay) for com.alibaba.nacos.shaded.io.grpc.stub.ClientCalls$GrpcFuture@22cf4804[status=PENDING, info=[GrpcFuture{clientCall=ClientCallImpl{method=MethodDescriptor{fullMethodName=Request/request, type=UNARY, idempotent=false, safe=false, sampledToLocalTracing=true, requestMarshaller=com.alibaba.nacos.shaded.io.grpc.protobuf.lite.ProtoLiteUtils$MessageMarshaller@64932848, responseMarshaller=com.alibaba.nacos.shaded.io.grpc.protobuf.lite.ProtoLiteUtils$MessageMarshaller@65f22f76, schemaDescriptor=com.alibaba.nacos.api.grpc.auto.RequestGrpc$RequestMethodDescriptorSupplier@1e69b073}}}]]
	at com.alibaba.nacos.common.remote.client.grpc.GrpcConnection.request(GrpcConnection.java:78)
	at com.alibaba.nacos.common.remote.client.RpcClient.request(RpcClient.java:641)
	at com.alibaba.nacos.common.remote.client.RpcClient.request(RpcClient.java:619)
	at com.alibaba.nacos.client.naming.remote.gprc.NamingGrpcClientProxy.requestToServer(NamingGrpcClientProxy.java:356)
	at com.alibaba.nacos.client.naming.remote.gprc.NamingGrpcClientProxy.getServiceList(NamingGrpcClientProxy.java:282)
	at com.alibaba.nacos.client.naming.remote.NamingClientProxyDelegate.getServiceList(NamingClientProxyDelegate.java:162)
	at com.alibaba.nacos.client.naming.NacosNamingService.getServicesOfServer(NacosNamingService.java:461)
	at com.alibaba.nacos.client.naming.NacosNamingService.getServicesOfServer(NacosNamingService.java:449)
	at com.alibaba.cloud.nacos.discovery.NacosServiceDiscovery.getServices(NacosServiceDiscovery.java:70)
	at com.alibaba.cloud.nacos.discovery.reactive.NacosReactiveDiscoveryClient.lambda$getServices$3(NacosReactiveDiscoveryClient.java:87)
	at reactor.core.publisher.FluxDefer.subscribe(FluxDefer.java:46)
	at reactor.core.publisher.FluxSubscribeOn$SubscribeOnSubscriber.run(FluxSubscribeOn.java:194)
	at reactor.core.scheduler.WorkerTask.call(WorkerTask.java:84)
	at reactor.core.scheduler.WorkerTask.call(WorkerTask.java:37)
	at java.util.concurrent.FutureTask.run$$$capture(FutureTask.java:266)
	at java.util.concurrent.FutureTask.run(FutureTask.java)
	at java.util.concurrent.ScheduledThreadPoolExecutor$ScheduledFutureTask.access$201(ScheduledThreadPoolExecutor.java:180)
	at java.util.concurrent.ScheduledThreadPoolExecutor$ScheduledFutureTask.run(ScheduledThreadPoolExecutor.java:293)
	at java.util.concurrent.ThreadPoolExecutor.runWorker(ThreadPoolExecutor.java:1149)
	at java.util.concurrent.ThreadPoolExecutor$Worker.run(ThreadPoolExecutor.java:624)
	at java.lang.Thread.run(Thread.java:748)
Caused by: java.util.concurrent.TimeoutException: Waited 3000 milliseconds (plus 1 milliseconds, 58200 nanoseconds delay) for com.alibaba.nacos.shaded.io.grpc.stub.ClientCalls$GrpcFuture@22cf4804[status=PENDING, info=[GrpcFuture{clientCall=ClientCallImpl{method=MethodDescriptor{fullMethodName=Request/request, type=UNARY, idempotent=false, safe=false, sampledToLocalTracing=true, requestMarshaller=com.alibaba.nacos.shaded.io.grpc.protobuf.lite.ProtoLiteUtils$MessageMarshaller@64932848, responseMarshaller=com.alibaba.nacos.shaded.io.grpc.protobuf.lite.ProtoLiteUtils$MessageMarshaller@65f22f76, schemaDescriptor=com.alibaba.nacos.api.grpc.auto.RequestGrpc$RequestMethodDescriptorSupplier@1e69b073}}}]]
	at com.alibaba.nacos.shaded.com.google.common.util.concurrent.AbstractFuture.get(AbstractFuture.java:508)
	at com.alibaba.nacos.common.remote.client.grpc.GrpcConnection.request(GrpcConnection.java:76)
	... 20 common frames omitted
21:07:02.990 [boundedElastic-18] ERROR c.a.c.n.d.r.NacosReactiveDiscoveryClient - [lambda$getServices$3,94] - get services from nacos server fail,
com.alibaba.nacos.api.exception.NacosException: java.util.concurrent.TimeoutException: Waited 3000 milliseconds (plus 1 milliseconds, 74000 nanoseconds delay) for com.alibaba.nacos.shaded.io.grpc.stub.ClientCalls$GrpcFuture@371f131f[status=PENDING, info=[GrpcFuture{clientCall=ClientCallImpl{method=MethodDescriptor{fullMethodName=Request/request, type=UNARY, idempotent=false, safe=false, sampledToLocalTracing=true, requestMarshaller=com.alibaba.nacos.shaded.io.grpc.protobuf.lite.ProtoLiteUtils$MessageMarshaller@64932848, responseMarshaller=com.alibaba.nacos.shaded.io.grpc.protobuf.lite.ProtoLiteUtils$MessageMarshaller@65f22f76, schemaDescriptor=com.alibaba.nacos.api.grpc.auto.RequestGrpc$RequestMethodDescriptorSupplier@1e69b073}}}]]
	at com.alibaba.nacos.common.remote.client.grpc.GrpcConnection.request(GrpcConnection.java:78)
	at com.alibaba.nacos.common.remote.client.RpcClient.request(RpcClient.java:641)
	at com.alibaba.nacos.common.remote.client.RpcClient.request(RpcClient.java:619)
	at com.alibaba.nacos.client.naming.remote.gprc.NamingGrpcClientProxy.requestToServer(NamingGrpcClientProxy.java:356)
	at com.alibaba.nacos.client.naming.remote.gprc.NamingGrpcClientProxy.getServiceList(NamingGrpcClientProxy.java:282)
	at com.alibaba.nacos.client.naming.remote.NamingClientProxyDelegate.getServiceList(NamingClientProxyDelegate.java:162)
	at com.alibaba.nacos.client.naming.NacosNamingService.getServicesOfServer(NacosNamingService.java:461)
	at com.alibaba.nacos.client.naming.NacosNamingService.getServicesOfServer(NacosNamingService.java:449)
	at com.alibaba.cloud.nacos.discovery.NacosServiceDiscovery.getServices(NacosServiceDiscovery.java:70)
	at com.alibaba.cloud.nacos.discovery.reactive.NacosReactiveDiscoveryClient.lambda$getServices$3(NacosReactiveDiscoveryClient.java:87)
	at reactor.core.publisher.FluxDefer.subscribe(FluxDefer.java:46)
	at reactor.core.publisher.FluxSubscribeOn$SubscribeOnSubscriber.run(FluxSubscribeOn.java:194)
	at reactor.core.scheduler.WorkerTask.call(WorkerTask.java:84)
	at reactor.core.scheduler.WorkerTask.call(WorkerTask.java:37)
	at java.util.concurrent.FutureTask.run$$$capture(FutureTask.java:266)
	at java.util.concurrent.FutureTask.run(FutureTask.java)
	at java.util.concurrent.ScheduledThreadPoolExecutor$ScheduledFutureTask.access$201(ScheduledThreadPoolExecutor.java:180)
	at java.util.concurrent.ScheduledThreadPoolExecutor$ScheduledFutureTask.run(ScheduledThreadPoolExecutor.java:293)
	at java.util.concurrent.ThreadPoolExecutor.runWorker(ThreadPoolExecutor.java:1149)
	at java.util.concurrent.ThreadPoolExecutor$Worker.run(ThreadPoolExecutor.java:624)
	at java.lang.Thread.run(Thread.java:748)
Caused by: java.util.concurrent.TimeoutException: Waited 3000 milliseconds (plus 1 milliseconds, 74000 nanoseconds delay) for com.alibaba.nacos.shaded.io.grpc.stub.ClientCalls$GrpcFuture@371f131f[status=PENDING, info=[GrpcFuture{clientCall=ClientCallImpl{method=MethodDescriptor{fullMethodName=Request/request, type=UNARY, idempotent=false, safe=false, sampledToLocalTracing=true, requestMarshaller=com.alibaba.nacos.shaded.io.grpc.protobuf.lite.ProtoLiteUtils$MessageMarshaller@64932848, responseMarshaller=com.alibaba.nacos.shaded.io.grpc.protobuf.lite.ProtoLiteUtils$MessageMarshaller@65f22f76, schemaDescriptor=com.alibaba.nacos.api.grpc.auto.RequestGrpc$RequestMethodDescriptorSupplier@1e69b073}}}]]
	at com.alibaba.nacos.shaded.com.google.common.util.concurrent.AbstractFuture.get(AbstractFuture.java:508)
	at com.alibaba.nacos.common.remote.client.grpc.GrpcConnection.request(GrpcConnection.java:76)
	... 20 common frames omitted
21:07:38.963 [reactor-http-nio-19] ERROR c.c.g.h.GatewayExceptionHandler - [handle,48] - [网关异常处理]请求路径:/favicon.ico,异常信息:404 NOT_FOUND
21:07:52.436 [reactor-http-nio-20] ERROR c.c.g.h.GatewayExceptionHandler - [handle,48] - [网关异常处理]请求路径:/favicon.ico,异常信息:404 NOT_FOUND
21:07:54.610 [reactor-http-nio-1] ERROR c.c.g.h.GatewayExceptionHandler - [handle,48] - [网关异常处理]请求路径:/favicon.ico,异常信息:404 NOT_FOUND
21:07:57.524 [reactor-http-nio-20] ERROR c.c.g.h.GatewayExceptionHandler - [handle,48] - [网关异常处理]请求路径:/favicon.ico,异常信息:404 NOT_FOUND
21:08:00.018 [reactor-http-nio-1] ERROR c.c.g.h.GatewayExceptionHandler - [handle,48] - [网关异常处理]请求路径:/favicon.ico,异常信息:404 NOT_FOUND
21:08:01.931 [reactor-http-nio-20] ERROR c.c.g.h.GatewayExceptionHandler - [handle,48] - [网关异常处理]请求路径:/favicon.ico,异常信息:404 NOT_FOUND
21:08:02.445 [reactor-http-nio-1] ERROR c.c.g.h.GatewayExceptionHandler - [handle,48] - [网关异常处理]请求路径:/favicon.ico,异常信息:404 NOT_FOUND
21:08:03.250 [reactor-http-nio-20] ERROR c.c.g.h.GatewayExceptionHandler - [handle,48] - [网关异常处理]请求路径:/favicon.ico,异常信息:404 NOT_FOUND
21:08:03.564 [reactor-http-nio-1] ERROR c.c.g.h.GatewayExceptionHandler - [handle,48] - [网关异常处理]请求路径:/favicon.ico,异常信息:404 NOT_FOUND
21:08:04.086 [reactor-http-nio-20] ERROR c.c.g.h.GatewayExceptionHandler - [handle,48] - [网关异常处理]请求路径:/favicon.ico,异常信息:404 NOT_FOUND
21:08:04.338 [reactor-http-nio-1] ERROR c.c.g.h.GatewayExceptionHandler - [handle,48] - [网关异常处理]请求路径:/favicon.ico,异常信息:404 NOT_FOUND
21:08:04.765 [reactor-http-nio-20] ERROR c.c.g.h.GatewayExceptionHandler - [handle,48] - [网关异常处理]请求路径:/favicon.ico,异常信息:404 NOT_FOUND
21:08:05.005 [reactor-http-nio-1] ERROR c.c.g.h.GatewayExceptionHandler - [handle,48] - [网关异常处理]请求路径:/favicon.ico,异常信息:404 NOT_FOUND
21:08:05.243 [reactor-http-nio-20] ERROR c.c.g.h.GatewayExceptionHandler - [handle,48] - [网关异常处理]请求路径:/favicon.ico,异常信息:404 NOT_FOUND
21:08:05.877 [reactor-http-nio-1] ERROR c.c.g.h.GatewayExceptionHandler - [handle,48] - [网关异常处理]请求路径:/favicon.ico,异常信息:404 NOT_FOUND
21:08:06.124 [reactor-http-nio-20] ERROR c.c.g.h.GatewayExceptionHandler - [handle,48] - [网关异常处理]请求路径:/favicon.ico,异常信息:404 NOT_FOUND
21:08:22.610 [reactor-http-nio-20] ERROR c.c.g.h.GatewayExceptionHandler - [handle,48] - [网关异常处理]请求路径:/favicon.ico,异常信息:404 NOT_FOUND
21:08:24.493 [reactor-http-nio-20] ERROR c.c.g.h.GatewayExceptionHandler - [handle,48] - [网关异常处理]请求路径:/favicon.ico,异常信息:404 NOT_FOUND
21:08:28.325 [reactor-http-nio-20] ERROR c.c.g.h.GatewayExceptionHandler - [handle,48] - [网关异常处理]请求路径:/favicon.ico,异常信息:404 NOT_FOUND
21:08:28.894 [reactor-http-nio-20] ERROR c.c.g.h.GatewayExceptionHandler - [handle,48] - [网关异常处理]请求路径:/favicon.ico,异常信息:404 NOT_FOUND
21:08:32.248 [reactor-http-nio-20] ERROR c.c.g.h.GatewayExceptionHandler - [handle,48] - [网关异常处理]请求路径:/favicon.ico,异常信息:404 NOT_FOUND
21:08:34.686 [reactor-http-nio-1] ERROR c.c.g.h.GatewayExceptionHandler - [handle,48] - [网关异常处理]请求路径:/favicon.ico,异常信息:404 NOT_FOUND
21:08:39.206 [reactor-http-nio-20] ERROR c.c.g.h.GatewayExceptionHandler - [handle,48] - [网关异常处理]请求路径:/favicon.ico,异常信息:404 NOT_FOUND
21:08:40.605 [reactor-http-nio-1] ERROR c.c.g.h.GatewayExceptionHandler - [handle,48] - [网关异常处理]请求路径:/favicon.ico,异常信息:404 NOT_FOUND
21:08:41.483 [reactor-http-nio-20] ERROR c.c.g.h.GatewayExceptionHandler - [handle,48] - [网关异常处理]请求路径:/favicon.ico,异常信息:404 NOT_FOUND
21:08:42.244 [reactor-http-nio-1] ERROR c.c.g.h.GatewayExceptionHandler - [handle,48] - [网关异常处理]请求路径:/favicon.ico,异常信息:404 NOT_FOUND
21:08:44.654 [reactor-http-nio-20] ERROR c.c.g.h.GatewayExceptionHandler - [handle,48] - [网关异常处理]请求路径:/favicon.ico,异常信息:404 NOT_FOUND
21:08:47.364 [reactor-http-nio-1] ERROR c.c.g.h.GatewayExceptionHandler - [handle,48] - [网关异常处理]请求路径:/favicon.ico,异常信息:404 NOT_FOUND
21:08:51.201 [reactor-http-nio-20] ERROR c.c.g.h.GatewayExceptionHandler - [handle,48] - [网关异常处理]请求路径:/favicon.ico,异常信息:404 NOT_FOUND
21:08:51.456 [reactor-http-nio-1] ERROR c.c.g.h.GatewayExceptionHandler - [handle,48] - [网关异常处理]请求路径:/favicon.ico,异常信息:404 NOT_FOUND
21:08:52.043 [reactor-http-nio-20] ERROR c.c.g.h.GatewayExceptionHandler - [handle,48] - [网关异常处理]请求路径:/favicon.ico,异常信息:404 NOT_FOUND
21:08:52.247 [reactor-http-nio-1] ERROR c.c.g.h.GatewayExceptionHandler - [handle,48] - [网关异常处理]请求路径:/favicon.ico,异常信息:404 NOT_FOUND
21:09:12.926 [reactor-http-nio-1] ERROR c.c.g.h.GatewayExceptionHandler - [handle,48] - [网关异常处理]请求路径:/favicon.ico,异常信息:404 NOT_FOUND
21:11:09.724 [reactor-http-nio-3] ERROR c.c.g.h.GatewayExceptionHandler - [handle,48] - [网关异常处理]请求路径:/,异常信息:404 NOT_FOUND
21:11:10.323 [reactor-http-nio-4] ERROR c.c.g.h.GatewayExceptionHandler - [handle,48] - [网关异常处理]请求路径:,异常信息:404 NOT_FOUND
21:11:12.002 [reactor-http-nio-5] ERROR c.c.g.h.GatewayExceptionHandler - [handle,48] - [网关异常处理]请求路径:/,异常信息:404 NOT_FOUND
21:11:13.603 [reactor-http-nio-6] ERROR c.c.g.h.GatewayExceptionHandler - [handle,48] - [网关异常处理]请求路径:,异常信息:404 NOT_FOUND
21:14:15.718 [reactor-http-nio-11] ERROR c.c.g.h.GatewayExceptionHandler - [handle,48] - [网关异常处理]请求路径:/favicon.ico,异常信息:404 NOT_FOUND
21:14:17.451 [reactor-http-nio-10] ERROR c.c.g.h.GatewayExceptionHandler - [handle,48] - [网关异常处理]请求路径:/service-worker.js,异常信息:404 NOT_FOUND
21:14:18.127 [reactor-http-nio-10] ERROR c.c.g.h.GatewayExceptionHandler - [handle,48] - [网关异常处理]请求路径:/favicon.ico,异常信息:404 NOT_FOUND
21:14:18.776 [reactor-http-nio-10] ERROR c.c.g.h.GatewayExceptionHandler - [handle,48] - [网关异常处理]请求路径:/favicon.ico,异常信息:404 NOT_FOUND
21:14:49.786 [reactor-http-nio-13] ERROR c.c.g.h.GatewayExceptionHandler - [handle,48] - [网关异常处理]请求路径:/service-worker.js,异常信息:404 NOT_FOUND
21:36:22.557 [reactor-http-nio-15] ERROR c.c.g.h.GatewayExceptionHandler - [handle,48] - [网关异常处理]请求路径:/,异常信息:404 NOT_FOUND
21:36:23.234 [reactor-http-nio-16] ERROR c.c.g.h.GatewayExceptionHandler - [handle,48] - [网关异常处理]请求路径:,异常信息:404 NOT_FOUND
21:36:24.316 [reactor-http-nio-17] ERROR c.c.g.h.GatewayExceptionHandler - [handle,48] - [网关异常处理]请求路径:/,异常信息:404 NOT_FOUND
21:36:25.071 [reactor-http-nio-18] ERROR c.c.g.h.GatewayExceptionHandler - [handle,48] - [网关异常处理]请求路径:,异常信息:404 NOT_FOUND
22:05:08.226 [reactor-http-nio-7] ERROR c.c.g.h.GatewayExceptionHandler - [handle,48] - [网关异常处理]请求路径:/,异常信息:404 NOT_FOUND
22:05:08.865 [reactor-http-nio-8] ERROR c.c.g.h.GatewayExceptionHandler - [handle,48] - [网关异常处理]请求路径:,异常信息:404 NOT_FOUND
22:05:09.945 [reactor-http-nio-9] ERROR c.c.g.h.GatewayExceptionHandler - [handle,48] - [网关异常处理]请求路径:/,异常信息:404 NOT_FOUND
22:05:10.590 [reactor-http-nio-10] ERROR c.c.g.h.GatewayExceptionHandler - [handle,48] - [网关异常处理]请求路径:,异常信息:404 NOT_FOUND
22:21:35.306 [reactor-http-nio-17] ERROR c.c.g.h.GatewayExceptionHandler - [handle,48] - [网关异常处理]请求路径:/favicon.ico,异常信息:404 NOT_FOUND
22:21:36.808 [reactor-http-nio-17] ERROR c.c.g.h.GatewayExceptionHandler - [handle,48] - [网关异常处理]请求路径:/service-worker.js,异常信息:404 NOT_FOUND
22:22:06.307 [reactor-http-nio-17] ERROR c.c.g.h.GatewayExceptionHandler - [handle,48] - [网关异常处理]请求路径:/service-worker.js,异常信息:404 NOT_FOUND
22:23:21.388 [reactor-http-nio-17] ERROR c.c.g.h.GatewayExceptionHandler - [handle,48] - [网关异常处理]请求路径:/favicon.ico,异常信息:404 NOT_FOUND
22:23:52.417 [reactor-http-nio-17] ERROR c.c.g.h.GatewayExceptionHandler - [handle,48] - [网关异常处理]请求路径:/service-worker.js,异常信息:404 NOT_FOUND
22:26:45.966 [reactor-http-nio-17] ERROR c.c.g.h.GatewayExceptionHandler - [handle,48] - [网关异常处理]请求路径:/favicon.ico,异常信息:404 NOT_FOUND
22:26:47.308 [reactor-http-nio-17] ERROR c.c.g.h.GatewayExceptionHandler - [handle,48] - [网关异常处理]请求路径:/favicon.ico,异常信息:404 NOT_FOUND
22:27:18.311 [reactor-http-nio-17] ERROR c.c.g.h.GatewayExceptionHandler - [handle,48] - [网关异常处理]请求路径:/service-worker.js,异常信息:404 NOT_FOUND
22:28:06.437 [reactor-http-nio-20] ERROR c.c.g.f.AuthFilter - [unauthorizedResponse,145] - [鉴权异常处理]请求路径: /system/user/getInfo
22:28:06.437 [reactor-http-nio-19] ERROR c.c.g.f.AuthFilter - [unauthorizedResponse,145] - [鉴权异常处理]请求路径: /system/config/sys_config
22:34:03.467 [reactor-http-nio-2] ERROR c.c.g.h.GatewayExceptionHandler - [handle,48] - [网关异常处理]请求路径:/favicon.ico,异常信息:404 NOT_FOUND
22:34:34.472 [reactor-http-nio-2] ERROR c.c.g.h.GatewayExceptionHandler - [handle,48] - [网关异常处理]请求路径:/service-worker.js,异常信息:404 NOT_FOUND
22:34:50.012 [reactor-http-nio-2] ERROR c.c.g.h.GatewayExceptionHandler - [handle,48] - [网关异常处理]请求路径:/favicon.ico,异常信息:404 NOT_FOUND
22:35:21.017 [reactor-http-nio-2] ERROR c.c.g.h.GatewayExceptionHandler - [handle,48] - [网关异常处理]请求路径:/service-worker.js,异常信息:404 NOT_FOUND
22:38:39.032 [reactor-http-nio-2] ERROR c.c.g.h.GatewayExceptionHandler - [handle,48] - [网关异常处理]请求路径:/favicon.ico,异常信息:404 NOT_FOUND
22:38:39.533 [reactor-http-nio-2] ERROR c.c.g.h.GatewayExceptionHandler - [handle,48] - [网关异常处理]请求路径:/favicon.ico,异常信息:404 NOT_FOUND
22:38:41.381 [reactor-http-nio-2] ERROR c.c.g.h.GatewayExceptionHandler - [handle,48] - [网关异常处理]请求路径:/favicon.ico,异常信息:404 NOT_FOUND
22:39:12.389 [reactor-http-nio-8] ERROR c.c.g.h.GatewayExceptionHandler - [handle,48] - [网关异常处理]请求路径:/service-worker.js,异常信息:404 NOT_FOUND
22:55:32.571 [reactor-http-nio-19] ERROR c.c.g.h.GatewayExceptionHandler - [handle,48] - [网关异常处理]请求路径:/favicon.ico,异常信息:404 NOT_FOUND
23:16:29.568 [reactor-http-nio-9] ERROR c.c.g.h.GatewayExceptionHandler - [handle,48] - [网关异常处理]请求路径:/onlineUser/list,异常信息:404 NOT_FOUND
23:16:30.975 [reactor-http-nio-10] ERROR c.c.g.h.GatewayExceptionHandler - [handle,48] - [网关异常处理]请求路径:/onlineUser/list,异常信息:404 NOT_FOUND
23:16:32.481 [reactor-http-nio-11] ERROR c.c.g.h.GatewayExceptionHandler - [handle,48] - [网关异常处理]请求路径:/onlineUser/list,异常信息:404 NOT_FOUND
23:16:37.210 [reactor-http-nio-12] ERROR c.c.g.h.GatewayExceptionHandler - [handle,48] - [网关异常处理]请求路径:/onlineUser/list,异常信息:404 NOT_FOUND
23:16:39.729 [reactor-http-nio-13] ERROR c.c.g.h.GatewayExceptionHandler - [handle,48] - [网关异常处理]请求路径:/onlineUser/list,异常信息:404 NOT_FOUND
23:18:37.290 [reactor-http-nio-14] ERROR c.c.g.h.GatewayExceptionHandler - [handle,48] - [网关异常处理]请求路径:/onlineUser/list,异常信息:404 NOT_FOUND
23:18:39.493 [reactor-http-nio-15] ERROR c.c.g.h.GatewayExceptionHandler - [handle,48] - [网关异常处理]请求路径:/onlineUser/list,异常信息:404 NOT_FOUND
23:18:41.832 [reactor-http-nio-16] ERROR c.c.g.h.GatewayExceptionHandler - [handle,48] - [网关异常处理]请求路径:/onlineUser/list,异常信息:404 NOT_FOUND
23:18:42.468 [reactor-http-nio-17] ERROR c.c.g.h.GatewayExceptionHandler - [handle,48] - [网关异常处理]请求路径:/onlineUser/list,异常信息:404 NOT_FOUND
23:18:42.803 [reactor-http-nio-18] ERROR c.c.g.h.GatewayExceptionHandler - [handle,48] - [网关异常处理]请求路径:/onlineUser/list,异常信息:404 NOT_FOUND
23:19:50.481 [reactor-http-nio-5] ERROR c.c.g.h.GatewayExceptionHandler - [handle,48] - [网关异常处理]请求路径:/onlineUser/list,异常信息:404 NOT_FOUND
23:20:06.312 [reactor-http-nio-6] ERROR c.c.g.h.GatewayExceptionHandler - [handle,48] - [网关异常处理]请求路径:/onlineUser/list,异常信息:404 NOT_FOUND
23:20:09.559 [reactor-http-nio-7] ERROR c.c.g.h.GatewayExceptionHandler - [handle,48] - [网关异常处理]请求路径:/onlineUser/list,异常信息:404 NOT_FOUND
23:20:58.151 [reactor-http-nio-8] ERROR c.c.g.h.GatewayExceptionHandler - [handle,48] - [网关异常处理]请求路径:/,异常信息:404 NOT_FOUND
23:20:58.805 [reactor-http-nio-9] ERROR c.c.g.h.GatewayExceptionHandler - [handle,48] - [网关异常处理]请求路径:,异常信息:404 NOT_FOUND
23:20:59.806 [reactor-http-nio-10] ERROR c.c.g.h.GatewayExceptionHandler - [handle,48] - [网关异常处理]请求路径:/,异常信息:404 NOT_FOUND
23:21:02.161 [reactor-http-nio-11] ERROR c.c.g.h.GatewayExceptionHandler - [handle,48] - [网关异常处理]请求路径:,异常信息:404 NOT_FOUND
23:24:45.441 [reactor-http-nio-18] ERROR c.c.g.h.GatewayExceptionHandler - [handle,48] - [网关异常处理]请求路径:/onlineUser/list,异常信息:404 NOT_FOUND
23:24:48.000 [reactor-http-nio-19] ERROR c.c.g.h.GatewayExceptionHandler - [handle,48] - [网关异常处理]请求路径:/onlineUser/list,异常信息:404 NOT_FOUND
23:25:35.910 [reactor-http-nio-4] ERROR c.c.g.h.GatewayExceptionHandler - [handle,48] - [网关异常处理]请求路径:/onlineUser/list,异常信息:404 NOT_FOUND
23:25:36.604 [reactor-http-nio-5] ERROR c.c.g.h.GatewayExceptionHandler - [handle,48] - [网关异常处理]请求路径:/onlineUser/list,异常信息:404 NOT_FOUND
23:25:37.027 [reactor-http-nio-6] ERROR c.c.g.h.GatewayExceptionHandler - [handle,48] - [网关异常处理]请求路径:/onlineUser/list,异常信息:404 NOT_FOUND
23:25:37.754 [reactor-http-nio-7] ERROR c.c.g.h.GatewayExceptionHandler - [handle,48] - [网关异常处理]请求路径:/onlineUser/list,异常信息:404 NOT_FOUND
23:25:39.199 [reactor-http-nio-8] ERROR c.c.g.h.GatewayExceptionHandler - [handle,48] - [网关异常处理]请求路径:/onlineUser/list,异常信息:404 NOT_FOUND
23:25:39.802 [reactor-http-nio-9] ERROR c.c.g.h.GatewayExceptionHandler - [handle,48] - [网关异常处理]请求路径:/onlineUser/list,异常信息:404 NOT_FOUND
23:27:05.080 [reactor-http-nio-10] ERROR c.c.g.h.GatewayExceptionHandler - [handle,48] - [网关异常处理]请求路径:/,异常信息:404 NOT_FOUND
23:30:51.080 [reactor-http-nio-17] ERROR c.c.g.h.GatewayExceptionHandler - [handle,48] - [网关异常处理]请求路径:/favicon.ico,异常信息:404 NOT_FOUND
23:31:12.919 [reactor-http-nio-17] ERROR c.c.g.h.GatewayExceptionHandler - [handle,48] - [网关异常处理]请求路径:/favicon.ico,异常信息:404 NOT_FOUND
23:31:16.918 [reactor-http-nio-17] ERROR c.c.g.h.GatewayExceptionHandler - [handle,48] - [网关异常处理]请求路径:/favicon.ico,异常信息:404 NOT_FOUND
23:31:17.800 [reactor-http-nio-18] ERROR c.c.g.h.GatewayExceptionHandler - [handle,48] - [网关异常处理]请求路径:/favicon.ico,异常信息:404 NOT_FOUND
23:31:18.161 [reactor-http-nio-17] ERROR c.c.g.h.GatewayExceptionHandler - [handle,48] - [网关异常处理]请求路径:/favicon.ico,异常信息:404 NOT_FOUND
