17:25:23.742 [main] INFO  c.a.n.c.e.SearchableProperties - [sortPropertySourceDefaultOrder,197] - properties search order:PROPERTIES->JVM->ENV->DEFAULT_SETTING
17:25:23.797 [background-preinit] INFO  o.h.v.i.util.Version - [<clinit>,21] - HV000001: Hibernate Validator 6.2.5.Final
17:25:24.176 [main] INFO  c.a.n.p.a.s.c.ClientAuthPluginManager - [init,56] - [ClientAuthPluginManager] Load ClientAuthService com.alibaba.nacos.client.auth.impl.NacosClientAuthServiceImpl success.
17:25:24.177 [main] INFO  c.a.n.p.a.s.c.ClientAuthPluginManager - [init,56] - [ClientAuthPluginManager] Load ClientAuthService com.alibaba.nacos.client.auth.ram.RamClientAuthServiceImpl success.
17:25:28.656 [main] INFO  o.s.c.b.c.PropertySourceBootstrapConfiguration - [doInitialize,134] - Located property source: [BootstrapPropertySource@1502882632 {name='bootstrapProperties-cms-gateway-dev.yml,cms-project', properties={}}, BootstrapPropertySource@409596180 {name='bootstrapProperties-cms-gateway.yml,cms-project', properties={}}, BootstrapPropertySource@1217089772 {name='bootstrapProperties-cms-gateway,cms-project', properties={}}]
17:25:28.670 [main] INFO  c.c.g.CmsGatewayApplication - [logStartupProfileInfo,638] - The following 1 profile is active: "dev"
17:25:29.945 [main] INFO  o.s.d.r.c.RepositoryConfigurationDelegate - [multipleStoresDetected,262] - Multiple Spring Data modules found, entering strict repository configuration mode
17:25:29.947 [main] INFO  o.s.d.r.c.RepositoryConfigurationDelegate - [registerRepositoriesIn,132] - Bootstrapping Spring Data Redis repositories in DEFAULT mode.
17:25:29.972 [main] INFO  o.s.d.r.c.RepositoryConfigurationDelegate - [registerRepositoriesIn,201] - Finished Spring Data repository scanning in 7 ms. Found 0 Redis repository interfaces.
17:25:30.234 [main] INFO  o.s.c.c.s.GenericScope - [setSerializationId,283] - BeanFactory id=ccf269f7-d045-3864-83cd-ab933134df90
17:25:30.502 [main] INFO  o.s.c.s.PostProcessorRegistrationDelegate$BeanPostProcessorChecker - [postProcessAfterInitialization,376] - Bean 'com.cms.common.redis.config.RedisConfig' of type [com.cms.common.redis.config.RedisConfig$$EnhancerBySpringCGLIB$$200aeb68] is not eligible for getting processed by all BeanPostProcessors (for example: not eligible for auto-proxying)
17:25:30.547 [main] INFO  o.s.c.s.PostProcessorRegistrationDelegate$BeanPostProcessorChecker - [postProcessAfterInitialization,376] - Bean 'org.springframework.cloud.client.loadbalancer.reactive.LoadBalancerBeanPostProcessorAutoConfiguration' of type [org.springframework.cloud.client.loadbalancer.reactive.LoadBalancerBeanPostProcessorAutoConfiguration] is not eligible for getting processed by all BeanPostProcessors (for example: not eligible for auto-proxying)
17:25:30.550 [main] INFO  o.s.c.s.PostProcessorRegistrationDelegate$BeanPostProcessorChecker - [postProcessAfterInitialization,376] - Bean 'org.springframework.cloud.client.loadbalancer.reactive.LoadBalancerBeanPostProcessorAutoConfiguration$ReactorDeferringLoadBalancerFilterConfig' of type [org.springframework.cloud.client.loadbalancer.reactive.LoadBalancerBeanPostProcessorAutoConfiguration$ReactorDeferringLoadBalancerFilterConfig] is not eligible for getting processed by all BeanPostProcessors (for example: not eligible for auto-proxying)
17:25:30.554 [main] INFO  o.s.c.s.PostProcessorRegistrationDelegate$BeanPostProcessorChecker - [postProcessAfterInitialization,376] - Bean 'reactorDeferringLoadBalancerExchangeFilterFunction' of type [org.springframework.cloud.client.loadbalancer.reactive.DeferringLoadBalancerExchangeFilterFunction] is not eligible for getting processed by all BeanPostProcessors (for example: not eligible for auto-proxying)
17:25:34.072 [main] INFO  c.a.c.s.g.s.SentinelSCGAutoConfiguration - [sentinelGatewayFilter,144] - [Sentinel SpringCloudGateway] register SentinelGatewayFilter with order: -2147483648
17:25:34.372 [main] INFO  o.s.c.g.r.RouteDefinitionRouteLocator - [lambda$initFactories$1,89] - Loaded RoutePredicateFactory [After]
17:25:34.372 [main] INFO  o.s.c.g.r.RouteDefinitionRouteLocator - [lambda$initFactories$1,89] - Loaded RoutePredicateFactory [Before]
17:25:34.372 [main] INFO  o.s.c.g.r.RouteDefinitionRouteLocator - [lambda$initFactories$1,89] - Loaded RoutePredicateFactory [Between]
17:25:34.373 [main] INFO  o.s.c.g.r.RouteDefinitionRouteLocator - [lambda$initFactories$1,89] - Loaded RoutePredicateFactory [Cookie]
17:25:34.373 [main] INFO  o.s.c.g.r.RouteDefinitionRouteLocator - [lambda$initFactories$1,89] - Loaded RoutePredicateFactory [Header]
17:25:34.373 [main] INFO  o.s.c.g.r.RouteDefinitionRouteLocator - [lambda$initFactories$1,89] - Loaded RoutePredicateFactory [Host]
17:25:34.373 [main] INFO  o.s.c.g.r.RouteDefinitionRouteLocator - [lambda$initFactories$1,89] - Loaded RoutePredicateFactory [Method]
17:25:34.373 [main] INFO  o.s.c.g.r.RouteDefinitionRouteLocator - [lambda$initFactories$1,89] - Loaded RoutePredicateFactory [Path]
17:25:34.374 [main] INFO  o.s.c.g.r.RouteDefinitionRouteLocator - [lambda$initFactories$1,89] - Loaded RoutePredicateFactory [Query]
17:25:34.374 [main] INFO  o.s.c.g.r.RouteDefinitionRouteLocator - [lambda$initFactories$1,89] - Loaded RoutePredicateFactory [ReadBody]
17:25:34.374 [main] INFO  o.s.c.g.r.RouteDefinitionRouteLocator - [lambda$initFactories$1,89] - Loaded RoutePredicateFactory [RemoteAddr]
17:25:34.374 [main] INFO  o.s.c.g.r.RouteDefinitionRouteLocator - [lambda$initFactories$1,89] - Loaded RoutePredicateFactory [XForwardedRemoteAddr]
17:25:34.374 [main] INFO  o.s.c.g.r.RouteDefinitionRouteLocator - [lambda$initFactories$1,89] - Loaded RoutePredicateFactory [Weight]
17:25:34.374 [main] INFO  o.s.c.g.r.RouteDefinitionRouteLocator - [lambda$initFactories$1,89] - Loaded RoutePredicateFactory [CloudFoundryRouteService]
17:25:36.663 [main] INFO  o.s.b.a.e.w.EndpointLinksResolver - [<init>,58] - Exposing 1 endpoint(s) beneath base path '/actuator'
17:25:37.995 [main] INFO  c.a.c.s.g.s.SentinelSCGAutoConfiguration - [sentinelGatewayBlockExceptionHandler,134] - [Sentinel SpringCloudGateway] register SentinelGatewayBlockExceptionHandler
17:35:05.342 [main] INFO  c.a.n.c.e.SearchableProperties - [sortPropertySourceDefaultOrder,197] - properties search order:PROPERTIES->JVM->ENV->DEFAULT_SETTING
17:35:05.388 [background-preinit] INFO  o.h.v.i.util.Version - [<clinit>,21] - HV000001: Hibernate Validator 6.2.5.Final
17:35:05.732 [main] INFO  c.a.n.p.a.s.c.ClientAuthPluginManager - [init,56] - [ClientAuthPluginManager] Load ClientAuthService com.alibaba.nacos.client.auth.impl.NacosClientAuthServiceImpl success.
17:35:05.732 [main] INFO  c.a.n.p.a.s.c.ClientAuthPluginManager - [init,56] - [ClientAuthPluginManager] Load ClientAuthService com.alibaba.nacos.client.auth.ram.RamClientAuthServiceImpl success.
17:35:09.984 [main] INFO  o.s.c.b.c.PropertySourceBootstrapConfiguration - [doInitialize,134] - Located property source: [BootstrapPropertySource@1500697171 {name='bootstrapProperties-cms-gateway-dev.yml,cms-project', properties={server.port=8081, spring.redis.host=127.0.0.1, spring.redis.port=6379, spring.cloud.gateway.discovery.locator.lowerCaseServiceId=true, spring.cloud.gateway.discovery.locator.enabled=true, spring.cloud.gateway.routes[0].id=cms-system, spring.cloud.gateway.routes[0].uri=lb://cms-system, spring.cloud.gateway.routes[0].predicates[0]=Path=/system/**, spring.cloud.gateway.routes[0].filters[0]=StripPrefix=1, spring.cloud.gateway.routes[0].metadata.swaggerName=系统管理服务, spring.cloud.gateway.routes[1].id=cms-file, spring.cloud.gateway.routes[1].uri=lb://cms-file, spring.cloud.gateway.routes[1].predicates[0]=Path=/file/**, spring.cloud.gateway.routes[1].filters[0]=StripPrefix=1, spring.cloud.gateway.routes[1].metadata.swaggerName=系统文件管理服务, security.ignore.whites[0]=/auth/logout, security.ignore.whites[1]=/auth/login, security.ignore.whites[2]=/*/v2/api-docs}}, BootstrapPropertySource@1338770454 {name='bootstrapProperties-cms-gateway.yml,cms-project', properties={}}, BootstrapPropertySource@836972194 {name='bootstrapProperties-cms-gateway,cms-project', properties={}}]
17:35:09.994 [main] INFO  c.c.g.CmsGatewayApplication - [logStartupProfileInfo,638] - The following 1 profile is active: "dev"
17:35:11.321 [main] INFO  o.s.d.r.c.RepositoryConfigurationDelegate - [multipleStoresDetected,262] - Multiple Spring Data modules found, entering strict repository configuration mode
17:35:11.323 [main] INFO  o.s.d.r.c.RepositoryConfigurationDelegate - [registerRepositoriesIn,132] - Bootstrapping Spring Data Redis repositories in DEFAULT mode.
17:35:11.347 [main] INFO  o.s.d.r.c.RepositoryConfigurationDelegate - [registerRepositoriesIn,201] - Finished Spring Data repository scanning in 7 ms. Found 0 Redis repository interfaces.
17:35:11.562 [main] INFO  o.s.c.c.s.GenericScope - [setSerializationId,283] - BeanFactory id=e69dcc2f-0b5e-33b8-aab2-c1ec209db0ab
17:35:11.766 [main] INFO  o.s.c.s.PostProcessorRegistrationDelegate$BeanPostProcessorChecker - [postProcessAfterInitialization,376] - Bean 'com.cms.common.redis.config.RedisConfig' of type [com.cms.common.redis.config.RedisConfig$$EnhancerBySpringCGLIB$$23af2047] is not eligible for getting processed by all BeanPostProcessors (for example: not eligible for auto-proxying)
17:35:11.808 [main] INFO  o.s.c.s.PostProcessorRegistrationDelegate$BeanPostProcessorChecker - [postProcessAfterInitialization,376] - Bean 'org.springframework.cloud.client.loadbalancer.reactive.LoadBalancerBeanPostProcessorAutoConfiguration' of type [org.springframework.cloud.client.loadbalancer.reactive.LoadBalancerBeanPostProcessorAutoConfiguration] is not eligible for getting processed by all BeanPostProcessors (for example: not eligible for auto-proxying)
17:35:11.810 [main] INFO  o.s.c.s.PostProcessorRegistrationDelegate$BeanPostProcessorChecker - [postProcessAfterInitialization,376] - Bean 'org.springframework.cloud.client.loadbalancer.reactive.LoadBalancerBeanPostProcessorAutoConfiguration$ReactorDeferringLoadBalancerFilterConfig' of type [org.springframework.cloud.client.loadbalancer.reactive.LoadBalancerBeanPostProcessorAutoConfiguration$ReactorDeferringLoadBalancerFilterConfig] is not eligible for getting processed by all BeanPostProcessors (for example: not eligible for auto-proxying)
17:35:11.812 [main] INFO  o.s.c.s.PostProcessorRegistrationDelegate$BeanPostProcessorChecker - [postProcessAfterInitialization,376] - Bean 'reactorDeferringLoadBalancerExchangeFilterFunction' of type [org.springframework.cloud.client.loadbalancer.reactive.DeferringLoadBalancerExchangeFilterFunction] is not eligible for getting processed by all BeanPostProcessors (for example: not eligible for auto-proxying)
17:35:14.831 [main] INFO  c.a.c.s.g.s.SentinelSCGAutoConfiguration - [sentinelGatewayFilter,144] - [Sentinel SpringCloudGateway] register SentinelGatewayFilter with order: -2147483648
17:35:17.069 [main] INFO  o.s.c.g.r.RouteDefinitionRouteLocator - [lambda$initFactories$1,89] - Loaded RoutePredicateFactory [After]
17:35:17.069 [main] INFO  o.s.c.g.r.RouteDefinitionRouteLocator - [lambda$initFactories$1,89] - Loaded RoutePredicateFactory [Before]
17:35:17.069 [main] INFO  o.s.c.g.r.RouteDefinitionRouteLocator - [lambda$initFactories$1,89] - Loaded RoutePredicateFactory [Between]
17:35:17.069 [main] INFO  o.s.c.g.r.RouteDefinitionRouteLocator - [lambda$initFactories$1,89] - Loaded RoutePredicateFactory [Cookie]
17:35:17.069 [main] INFO  o.s.c.g.r.RouteDefinitionRouteLocator - [lambda$initFactories$1,89] - Loaded RoutePredicateFactory [Header]
17:35:17.069 [main] INFO  o.s.c.g.r.RouteDefinitionRouteLocator - [lambda$initFactories$1,89] - Loaded RoutePredicateFactory [Host]
17:35:17.070 [main] INFO  o.s.c.g.r.RouteDefinitionRouteLocator - [lambda$initFactories$1,89] - Loaded RoutePredicateFactory [Method]
17:35:17.070 [main] INFO  o.s.c.g.r.RouteDefinitionRouteLocator - [lambda$initFactories$1,89] - Loaded RoutePredicateFactory [Path]
17:35:17.070 [main] INFO  o.s.c.g.r.RouteDefinitionRouteLocator - [lambda$initFactories$1,89] - Loaded RoutePredicateFactory [Query]
17:35:17.070 [main] INFO  o.s.c.g.r.RouteDefinitionRouteLocator - [lambda$initFactories$1,89] - Loaded RoutePredicateFactory [ReadBody]
17:35:17.070 [main] INFO  o.s.c.g.r.RouteDefinitionRouteLocator - [lambda$initFactories$1,89] - Loaded RoutePredicateFactory [RemoteAddr]
17:35:17.070 [main] INFO  o.s.c.g.r.RouteDefinitionRouteLocator - [lambda$initFactories$1,89] - Loaded RoutePredicateFactory [XForwardedRemoteAddr]
17:35:17.070 [main] INFO  o.s.c.g.r.RouteDefinitionRouteLocator - [lambda$initFactories$1,89] - Loaded RoutePredicateFactory [Weight]
17:35:17.071 [main] INFO  o.s.c.g.r.RouteDefinitionRouteLocator - [lambda$initFactories$1,89] - Loaded RoutePredicateFactory [CloudFoundryRouteService]
17:35:17.238 [main] INFO  o.s.b.a.e.w.EndpointLinksResolver - [<init>,58] - Exposing 1 endpoint(s) beneath base path '/actuator'
17:35:18.432 [main] INFO  c.a.c.s.g.s.SentinelSCGAutoConfiguration - [sentinelGatewayBlockExceptionHandler,134] - [Sentinel SpringCloudGateway] register SentinelGatewayBlockExceptionHandler
17:35:18.862 [main] INFO  o.s.b.w.e.n.NettyWebServer - [start,111] - Netty started on port 8081
17:35:20.916 [main] INFO  c.a.n.p.a.s.c.ClientAuthPluginManager - [init,56] - [ClientAuthPluginManager] Load ClientAuthService com.alibaba.nacos.client.auth.impl.NacosClientAuthServiceImpl success.
17:35:20.917 [main] INFO  c.a.n.p.a.s.c.ClientAuthPluginManager - [init,56] - [ClientAuthPluginManager] Load ClientAuthService com.alibaba.nacos.client.auth.ram.RamClientAuthServiceImpl success.
17:35:21.045 [main] INFO  c.a.c.n.r.NacosServiceRegistry - [register,76] - nacos registry, cms-project cms-gateway 182.91.27.81:8081 register finished
17:35:21.483 [main] INFO  c.a.c.n.d.GatewayLocatorHeartBeatPublisher - [start,64] - Start nacos gateway locator heartBeat task scheduler.
17:35:21.525 [main] INFO  c.c.g.CmsGatewayApplication - [logStarted,61] - Started CmsGatewayApplication in 17.774 seconds (JVM running for 19.943)
17:35:21.537 [main] INFO  c.a.c.n.r.NacosContextRefresher - [registerNacosListener,129] - [Nacos Config] Listening config: dataId=cms-gateway, group=cms-project
17:35:21.538 [main] INFO  c.a.c.n.r.NacosContextRefresher - [registerNacosListener,129] - [Nacos Config] Listening config: dataId=cms-gateway.yml, group=cms-project
17:35:21.539 [main] INFO  c.a.c.n.r.NacosContextRefresher - [registerNacosListener,129] - [Nacos Config] Listening config: dataId=cms-gateway-dev.yml, group=cms-project
21:43:27.934 [main] INFO  c.a.n.c.e.SearchableProperties - [sortPropertySourceDefaultOrder,197] - properties search order:PROPERTIES->JVM->ENV->DEFAULT_SETTING
21:43:27.987 [background-preinit] INFO  o.h.v.i.util.Version - [<clinit>,21] - HV000001: Hibernate Validator 6.2.5.Final
21:43:28.403 [main] INFO  c.a.n.p.a.s.c.ClientAuthPluginManager - [init,56] - [ClientAuthPluginManager] Load ClientAuthService com.alibaba.nacos.client.auth.impl.NacosClientAuthServiceImpl success.
21:43:28.403 [main] INFO  c.a.n.p.a.s.c.ClientAuthPluginManager - [init,56] - [ClientAuthPluginManager] Load ClientAuthService com.alibaba.nacos.client.auth.ram.RamClientAuthServiceImpl success.
21:43:35.216 [main] INFO  o.s.c.b.c.PropertySourceBootstrapConfiguration - [doInitialize,134] - Located property source: [BootstrapPropertySource@1500697171 {name='bootstrapProperties-cms-gateway-dev.yml,cms-project', properties={server.port=8081, spring.redis.host=127.0.0.1, spring.redis.port=6379, spring.cloud.gateway.discovery.locator.lowerCaseServiceId=true, spring.cloud.gateway.discovery.locator.enabled=true, spring.cloud.gateway.routes[0].id=cms-system, spring.cloud.gateway.routes[0].uri=lb://cms-system, spring.cloud.gateway.routes[0].predicates[0]=Path=/system/**, spring.cloud.gateway.routes[0].filters[0]=StripPrefix=1, spring.cloud.gateway.routes[0].metadata.swaggerName=系统管理服务, spring.cloud.gateway.routes[1].id=cms-file, spring.cloud.gateway.routes[1].uri=lb://cms-file, spring.cloud.gateway.routes[1].predicates[0]=Path=/file/**, spring.cloud.gateway.routes[1].filters[0]=StripPrefix=1, spring.cloud.gateway.routes[1].metadata.swaggerName=系统文件管理服务, security.ignore.whites[0]=/auth/logout, security.ignore.whites[1]=/auth/login, security.ignore.whites[2]=/*/v2/api-docs}}, BootstrapPropertySource@1338770454 {name='bootstrapProperties-cms-gateway.yml,cms-project', properties={}}, BootstrapPropertySource@836972194 {name='bootstrapProperties-cms-gateway,cms-project', properties={}}]
21:43:35.230 [main] INFO  c.c.g.CmsGatewayApplication - [logStartupProfileInfo,638] - The following 1 profile is active: "dev"
21:43:36.712 [main] INFO  o.s.d.r.c.RepositoryConfigurationDelegate - [multipleStoresDetected,262] - Multiple Spring Data modules found, entering strict repository configuration mode
21:43:36.716 [main] INFO  o.s.d.r.c.RepositoryConfigurationDelegate - [registerRepositoriesIn,132] - Bootstrapping Spring Data Redis repositories in DEFAULT mode.
21:43:36.748 [main] INFO  o.s.d.r.c.RepositoryConfigurationDelegate - [registerRepositoriesIn,201] - Finished Spring Data repository scanning in 10 ms. Found 0 Redis repository interfaces.
21:43:37.067 [main] INFO  o.s.c.c.s.GenericScope - [setSerializationId,283] - BeanFactory id=e69dcc2f-0b5e-33b8-aab2-c1ec209db0ab
21:43:37.403 [main] INFO  o.s.c.s.PostProcessorRegistrationDelegate$BeanPostProcessorChecker - [postProcessAfterInitialization,376] - Bean 'com.cms.common.redis.config.RedisConfig' of type [com.cms.common.redis.config.RedisConfig$$EnhancerBySpringCGLIB$$23af2047] is not eligible for getting processed by all BeanPostProcessors (for example: not eligible for auto-proxying)
21:43:37.447 [main] INFO  o.s.c.s.PostProcessorRegistrationDelegate$BeanPostProcessorChecker - [postProcessAfterInitialization,376] - Bean 'org.springframework.cloud.client.loadbalancer.reactive.LoadBalancerBeanPostProcessorAutoConfiguration' of type [org.springframework.cloud.client.loadbalancer.reactive.LoadBalancerBeanPostProcessorAutoConfiguration] is not eligible for getting processed by all BeanPostProcessors (for example: not eligible for auto-proxying)
21:43:37.449 [main] INFO  o.s.c.s.PostProcessorRegistrationDelegate$BeanPostProcessorChecker - [postProcessAfterInitialization,376] - Bean 'org.springframework.cloud.client.loadbalancer.reactive.LoadBalancerBeanPostProcessorAutoConfiguration$ReactorDeferringLoadBalancerFilterConfig' of type [org.springframework.cloud.client.loadbalancer.reactive.LoadBalancerBeanPostProcessorAutoConfiguration$ReactorDeferringLoadBalancerFilterConfig] is not eligible for getting processed by all BeanPostProcessors (for example: not eligible for auto-proxying)
21:43:37.450 [main] INFO  o.s.c.s.PostProcessorRegistrationDelegate$BeanPostProcessorChecker - [postProcessAfterInitialization,376] - Bean 'reactorDeferringLoadBalancerExchangeFilterFunction' of type [org.springframework.cloud.client.loadbalancer.reactive.DeferringLoadBalancerExchangeFilterFunction] is not eligible for getting processed by all BeanPostProcessors (for example: not eligible for auto-proxying)
21:43:42.697 [main] INFO  c.a.c.s.g.s.SentinelSCGAutoConfiguration - [sentinelGatewayFilter,144] - [Sentinel SpringCloudGateway] register SentinelGatewayFilter with order: -2147483648
21:43:46.150 [main] INFO  o.s.c.g.r.RouteDefinitionRouteLocator - [lambda$initFactories$1,89] - Loaded RoutePredicateFactory [After]
21:43:46.150 [main] INFO  o.s.c.g.r.RouteDefinitionRouteLocator - [lambda$initFactories$1,89] - Loaded RoutePredicateFactory [Before]
21:43:46.150 [main] INFO  o.s.c.g.r.RouteDefinitionRouteLocator - [lambda$initFactories$1,89] - Loaded RoutePredicateFactory [Between]
21:43:46.151 [main] INFO  o.s.c.g.r.RouteDefinitionRouteLocator - [lambda$initFactories$1,89] - Loaded RoutePredicateFactory [Cookie]
21:43:46.151 [main] INFO  o.s.c.g.r.RouteDefinitionRouteLocator - [lambda$initFactories$1,89] - Loaded RoutePredicateFactory [Header]
21:43:46.151 [main] INFO  o.s.c.g.r.RouteDefinitionRouteLocator - [lambda$initFactories$1,89] - Loaded RoutePredicateFactory [Host]
21:43:46.151 [main] INFO  o.s.c.g.r.RouteDefinitionRouteLocator - [lambda$initFactories$1,89] - Loaded RoutePredicateFactory [Method]
21:43:46.151 [main] INFO  o.s.c.g.r.RouteDefinitionRouteLocator - [lambda$initFactories$1,89] - Loaded RoutePredicateFactory [Path]
21:43:46.151 [main] INFO  o.s.c.g.r.RouteDefinitionRouteLocator - [lambda$initFactories$1,89] - Loaded RoutePredicateFactory [Query]
21:43:46.151 [main] INFO  o.s.c.g.r.RouteDefinitionRouteLocator - [lambda$initFactories$1,89] - Loaded RoutePredicateFactory [ReadBody]
21:43:46.152 [main] INFO  o.s.c.g.r.RouteDefinitionRouteLocator - [lambda$initFactories$1,89] - Loaded RoutePredicateFactory [RemoteAddr]
21:43:46.152 [main] INFO  o.s.c.g.r.RouteDefinitionRouteLocator - [lambda$initFactories$1,89] - Loaded RoutePredicateFactory [XForwardedRemoteAddr]
21:43:46.152 [main] INFO  o.s.c.g.r.RouteDefinitionRouteLocator - [lambda$initFactories$1,89] - Loaded RoutePredicateFactory [Weight]
21:43:46.152 [main] INFO  o.s.c.g.r.RouteDefinitionRouteLocator - [lambda$initFactories$1,89] - Loaded RoutePredicateFactory [CloudFoundryRouteService]
21:43:46.338 [main] INFO  o.s.b.a.e.w.EndpointLinksResolver - [<init>,58] - Exposing 1 endpoint(s) beneath base path '/actuator'
21:43:48.017 [main] INFO  c.a.c.s.g.s.SentinelSCGAutoConfiguration - [sentinelGatewayBlockExceptionHandler,134] - [Sentinel SpringCloudGateway] register SentinelGatewayBlockExceptionHandler
21:43:48.542 [main] INFO  o.s.b.w.e.n.NettyWebServer - [start,111] - Netty started on port 8081
21:43:51.394 [main] INFO  c.a.n.p.a.s.c.ClientAuthPluginManager - [init,56] - [ClientAuthPluginManager] Load ClientAuthService com.alibaba.nacos.client.auth.impl.NacosClientAuthServiceImpl success.
21:43:51.394 [main] INFO  c.a.n.p.a.s.c.ClientAuthPluginManager - [init,56] - [ClientAuthPluginManager] Load ClientAuthService com.alibaba.nacos.client.auth.ram.RamClientAuthServiceImpl success.
21:43:51.534 [main] INFO  c.a.c.n.r.NacosServiceRegistry - [register,76] - nacos registry, cms-project cms-gateway 172.22.32.32:8081 register finished
21:43:51.965 [main] INFO  c.a.c.n.d.GatewayLocatorHeartBeatPublisher - [start,64] - Start nacos gateway locator heartBeat task scheduler.
21:43:52.031 [main] INFO  c.c.g.CmsGatewayApplication - [logStarted,61] - Started CmsGatewayApplication in 26.493 seconds (JVM running for 30.443)
21:43:52.041 [main] INFO  c.a.c.n.r.NacosContextRefresher - [registerNacosListener,129] - [Nacos Config] Listening config: dataId=cms-gateway, group=cms-project
21:43:52.042 [main] INFO  c.a.c.n.r.NacosContextRefresher - [registerNacosListener,129] - [Nacos Config] Listening config: dataId=cms-gateway.yml, group=cms-project
21:43:52.043 [main] INFO  c.a.c.n.r.NacosContextRefresher - [registerNacosListener,129] - [Nacos Config] Listening config: dataId=cms-gateway-dev.yml, group=cms-project
22:11:52.746 [main] INFO  c.a.n.c.e.SearchableProperties - [sortPropertySourceDefaultOrder,197] - properties search order:PROPERTIES->JVM->ENV->DEFAULT_SETTING
22:11:52.806 [background-preinit] INFO  o.h.v.i.util.Version - [<clinit>,21] - HV000001: Hibernate Validator 6.2.5.Final
22:11:53.238 [main] INFO  c.a.n.p.a.s.c.ClientAuthPluginManager - [init,56] - [ClientAuthPluginManager] Load ClientAuthService com.alibaba.nacos.client.auth.impl.NacosClientAuthServiceImpl success.
22:11:53.239 [main] INFO  c.a.n.p.a.s.c.ClientAuthPluginManager - [init,56] - [ClientAuthPluginManager] Load ClientAuthService com.alibaba.nacos.client.auth.ram.RamClientAuthServiceImpl success.
22:12:01.896 [main] INFO  o.s.c.b.c.PropertySourceBootstrapConfiguration - [doInitialize,134] - Located property source: [BootstrapPropertySource@1500697171 {name='bootstrapProperties-cms-gateway-dev.yml,cms-project', properties={server.port=8081, spring.redis.host=127.0.0.1, spring.redis.port=6379, spring.cloud.gateway.discovery.locator.lowerCaseServiceId=true, spring.cloud.gateway.discovery.locator.enabled=true, spring.cloud.gateway.routes[0].id=cms-system, spring.cloud.gateway.routes[0].uri=lb://cms-system, spring.cloud.gateway.routes[0].predicates[0]=Path=/system/**, spring.cloud.gateway.routes[0].filters[0]=StripPrefix=1, spring.cloud.gateway.routes[0].metadata.swaggerName=系统管理服务, spring.cloud.gateway.routes[1].id=cms-file, spring.cloud.gateway.routes[1].uri=lb://cms-file, spring.cloud.gateway.routes[1].predicates[0]=Path=/file/**, spring.cloud.gateway.routes[1].filters[0]=StripPrefix=1, spring.cloud.gateway.routes[1].metadata.swaggerName=系统文件管理服务, security.ignore.whites[0]=/auth/logout, security.ignore.whites[1]=/auth/login, security.ignore.whites[2]=/*/v2/api-docs}}, BootstrapPropertySource@1338770454 {name='bootstrapProperties-cms-gateway.yml,cms-project', properties={}}, BootstrapPropertySource@836972194 {name='bootstrapProperties-cms-gateway,cms-project', properties={}}]
22:12:01.907 [main] INFO  c.c.g.CmsGatewayApplication - [logStartupProfileInfo,638] - The following 1 profile is active: "dev"
22:12:03.206 [main] INFO  o.s.d.r.c.RepositoryConfigurationDelegate - [multipleStoresDetected,262] - Multiple Spring Data modules found, entering strict repository configuration mode
22:12:03.208 [main] INFO  o.s.d.r.c.RepositoryConfigurationDelegate - [registerRepositoriesIn,132] - Bootstrapping Spring Data Redis repositories in DEFAULT mode.
22:12:03.236 [main] INFO  o.s.d.r.c.RepositoryConfigurationDelegate - [registerRepositoriesIn,201] - Finished Spring Data repository scanning in 8 ms. Found 0 Redis repository interfaces.
22:12:03.530 [main] INFO  o.s.c.c.s.GenericScope - [setSerializationId,283] - BeanFactory id=e69dcc2f-0b5e-33b8-aab2-c1ec209db0ab
22:12:03.818 [main] INFO  o.s.c.s.PostProcessorRegistrationDelegate$BeanPostProcessorChecker - [postProcessAfterInitialization,376] - Bean 'com.cms.common.redis.config.RedisConfig' of type [com.cms.common.redis.config.RedisConfig$$EnhancerBySpringCGLIB$$7d36fb1] is not eligible for getting processed by all BeanPostProcessors (for example: not eligible for auto-proxying)
22:12:03.860 [main] INFO  o.s.c.s.PostProcessorRegistrationDelegate$BeanPostProcessorChecker - [postProcessAfterInitialization,376] - Bean 'org.springframework.cloud.client.loadbalancer.reactive.LoadBalancerBeanPostProcessorAutoConfiguration' of type [org.springframework.cloud.client.loadbalancer.reactive.LoadBalancerBeanPostProcessorAutoConfiguration] is not eligible for getting processed by all BeanPostProcessors (for example: not eligible for auto-proxying)
22:12:03.863 [main] INFO  o.s.c.s.PostProcessorRegistrationDelegate$BeanPostProcessorChecker - [postProcessAfterInitialization,376] - Bean 'org.springframework.cloud.client.loadbalancer.reactive.LoadBalancerBeanPostProcessorAutoConfiguration$ReactorDeferringLoadBalancerFilterConfig' of type [org.springframework.cloud.client.loadbalancer.reactive.LoadBalancerBeanPostProcessorAutoConfiguration$ReactorDeferringLoadBalancerFilterConfig] is not eligible for getting processed by all BeanPostProcessors (for example: not eligible for auto-proxying)
22:12:03.865 [main] INFO  o.s.c.s.PostProcessorRegistrationDelegate$BeanPostProcessorChecker - [postProcessAfterInitialization,376] - Bean 'reactorDeferringLoadBalancerExchangeFilterFunction' of type [org.springframework.cloud.client.loadbalancer.reactive.DeferringLoadBalancerExchangeFilterFunction] is not eligible for getting processed by all BeanPostProcessors (for example: not eligible for auto-proxying)
22:12:08.616 [main] INFO  c.a.c.s.g.s.SentinelSCGAutoConfiguration - [sentinelGatewayFilter,144] - [Sentinel SpringCloudGateway] register SentinelGatewayFilter with order: -2147483648
22:12:12.618 [main] INFO  o.s.c.g.r.RouteDefinitionRouteLocator - [lambda$initFactories$1,89] - Loaded RoutePredicateFactory [After]
22:12:12.618 [main] INFO  o.s.c.g.r.RouteDefinitionRouteLocator - [lambda$initFactories$1,89] - Loaded RoutePredicateFactory [Before]
22:12:12.618 [main] INFO  o.s.c.g.r.RouteDefinitionRouteLocator - [lambda$initFactories$1,89] - Loaded RoutePredicateFactory [Between]
22:12:12.618 [main] INFO  o.s.c.g.r.RouteDefinitionRouteLocator - [lambda$initFactories$1,89] - Loaded RoutePredicateFactory [Cookie]
22:12:12.619 [main] INFO  o.s.c.g.r.RouteDefinitionRouteLocator - [lambda$initFactories$1,89] - Loaded RoutePredicateFactory [Header]
22:12:12.619 [main] INFO  o.s.c.g.r.RouteDefinitionRouteLocator - [lambda$initFactories$1,89] - Loaded RoutePredicateFactory [Host]
22:12:12.620 [main] INFO  o.s.c.g.r.RouteDefinitionRouteLocator - [lambda$initFactories$1,89] - Loaded RoutePredicateFactory [Method]
22:12:12.620 [main] INFO  o.s.c.g.r.RouteDefinitionRouteLocator - [lambda$initFactories$1,89] - Loaded RoutePredicateFactory [Path]
22:12:12.620 [main] INFO  o.s.c.g.r.RouteDefinitionRouteLocator - [lambda$initFactories$1,89] - Loaded RoutePredicateFactory [Query]
22:12:12.620 [main] INFO  o.s.c.g.r.RouteDefinitionRouteLocator - [lambda$initFactories$1,89] - Loaded RoutePredicateFactory [ReadBody]
22:12:12.621 [main] INFO  o.s.c.g.r.RouteDefinitionRouteLocator - [lambda$initFactories$1,89] - Loaded RoutePredicateFactory [RemoteAddr]
22:12:12.621 [main] INFO  o.s.c.g.r.RouteDefinitionRouteLocator - [lambda$initFactories$1,89] - Loaded RoutePredicateFactory [XForwardedRemoteAddr]
22:12:12.621 [main] INFO  o.s.c.g.r.RouteDefinitionRouteLocator - [lambda$initFactories$1,89] - Loaded RoutePredicateFactory [Weight]
22:12:12.622 [main] INFO  o.s.c.g.r.RouteDefinitionRouteLocator - [lambda$initFactories$1,89] - Loaded RoutePredicateFactory [CloudFoundryRouteService]
22:12:12.894 [main] INFO  o.s.b.a.e.w.EndpointLinksResolver - [<init>,58] - Exposing 1 endpoint(s) beneath base path '/actuator'
22:12:15.326 [main] INFO  c.a.c.s.g.s.SentinelSCGAutoConfiguration - [sentinelGatewayBlockExceptionHandler,134] - [Sentinel SpringCloudGateway] register SentinelGatewayBlockExceptionHandler
22:12:15.956 [main] INFO  o.s.b.w.e.n.NettyWebServer - [start,111] - Netty started on port 8081
22:12:18.851 [main] INFO  c.a.n.p.a.s.c.ClientAuthPluginManager - [init,56] - [ClientAuthPluginManager] Load ClientAuthService com.alibaba.nacos.client.auth.impl.NacosClientAuthServiceImpl success.
22:12:18.851 [main] INFO  c.a.n.p.a.s.c.ClientAuthPluginManager - [init,56] - [ClientAuthPluginManager] Load ClientAuthService com.alibaba.nacos.client.auth.ram.RamClientAuthServiceImpl success.
22:12:18.989 [main] INFO  c.a.c.n.r.NacosServiceRegistry - [register,76] - nacos registry, cms-project cms-gateway 172.22.32.32:8081 register finished
22:12:19.420 [main] INFO  c.a.c.n.d.GatewayLocatorHeartBeatPublisher - [start,64] - Start nacos gateway locator heartBeat task scheduler.
22:12:19.455 [main] INFO  c.c.g.CmsGatewayApplication - [logStarted,61] - Started CmsGatewayApplication in 29.189 seconds (JVM running for 33.06)
22:12:19.464 [main] INFO  c.a.c.n.r.NacosContextRefresher - [registerNacosListener,129] - [Nacos Config] Listening config: dataId=cms-gateway, group=cms-project
22:12:19.465 [main] INFO  c.a.c.n.r.NacosContextRefresher - [registerNacosListener,129] - [Nacos Config] Listening config: dataId=cms-gateway.yml, group=cms-project
22:12:19.466 [main] INFO  c.a.c.n.r.NacosContextRefresher - [registerNacosListener,129] - [Nacos Config] Listening config: dataId=cms-gateway-dev.yml, group=cms-project
