18:50:20.876 [main] INFO  c.a.n.c.e.SearchableProperties - [sortPropertySourceDefaultOrder,197] - properties search order:PROPERTIES->JVM->ENV->DEFAULT_SETTING
18:50:20.912 [background-preinit] INFO  o.h.v.i.util.Version - [<clinit>,21] - HV000001: Hibernate Validator 6.2.5.Final
18:50:21.197 [main] INFO  c.a.n.p.a.s.c.ClientAuthPluginManager - [init,56] - [ClientAuthPluginManager] Load ClientAuthService com.alibaba.nacos.client.auth.impl.NacosClientAuthServiceImpl success.
18:50:21.197 [main] INFO  c.a.n.p.a.s.c.ClientAuthPluginManager - [init,56] - [ClientAuthPluginManager] Load ClientAuthService com.alibaba.nacos.client.auth.ram.RamClientAuthServiceImpl success.
18:50:24.606 [main] INFO  o.s.c.b.c.PropertySourceBootstrapConfiguration - [doInitialize,134] - Located property source: [BootstrapPropertySource@377667724 {name='bootstrapProperties-cms-gateway-dev.yml,cms-project', properties={server.port=8081, spring.redis.host=192.168.211.200, spring.redis.port=6379, spring.cloud.gateway.discovery.locator.lowerCaseServiceId=true, spring.cloud.gateway.discovery.locator.enabled=true, spring.cloud.gateway.routes[0].id=cms-system, spring.cloud.gateway.routes[0].uri=lb://cms-system, spring.cloud.gateway.routes[0].predicates[0]=Path=/system/**, spring.cloud.gateway.routes[0].filters[0]=StripPrefix=1, spring.cloud.gateway.routes[0].metadata.swaggerName=系统管理服务, spring.cloud.gateway.routes[1].id=cms-file, spring.cloud.gateway.routes[1].uri=lb://cms-file, spring.cloud.gateway.routes[1].predicates[0]=Path=/file/**, spring.cloud.gateway.routes[1].filters[0]=StripPrefix=1, spring.cloud.gateway.routes[1].metadata.swaggerName=系统文件管理服务, spring.cloud.gateway.routes[2].id=cms-auth, spring.cloud.gateway.routes[2].uri=lb://cms-auth, spring.cloud.gateway.routes[2].predicates[0]=Path=/auth/**, spring.cloud.gateway.routes[2].filters[0]=CacheRequestFilter, spring.cloud.gateway.routes[2].filters[1]=StripPrefix=1, security.ignore.whites[0]=/auth/logout, security.ignore.whites[1]=/auth/login, security.ignore.whites[2]=/auth/register, security.ignore.whites[3]=/*/v2/api-docs}}, BootstrapPropertySource@1070619454 {name='bootstrapProperties-cms-gateway.yml,cms-project', properties={}}, BootstrapPropertySource@1320809135 {name='bootstrapProperties-cms-gateway,cms-project', properties={}}]
18:50:24.615 [main] INFO  c.c.g.CmsGatewayApplication - [logStartupProfileInfo,638] - The following 1 profile is active: "dev"
18:50:25.400 [main] INFO  o.s.d.r.c.RepositoryConfigurationDelegate - [multipleStoresDetected,262] - Multiple Spring Data modules found, entering strict repository configuration mode
18:50:25.400 [main] INFO  o.s.d.r.c.RepositoryConfigurationDelegate - [registerRepositoriesIn,132] - Bootstrapping Spring Data Redis repositories in DEFAULT mode.
18:50:25.415 [main] INFO  o.s.d.r.c.RepositoryConfigurationDelegate - [registerRepositoriesIn,201] - Finished Spring Data repository scanning in 4 ms. Found 0 Redis repository interfaces.
18:50:25.597 [main] INFO  o.s.c.c.s.GenericScope - [setSerializationId,283] - BeanFactory id=e69dcc2f-0b5e-33b8-aab2-c1ec209db0ab
18:50:25.769 [main] INFO  o.s.c.s.PostProcessorRegistrationDelegate$BeanPostProcessorChecker - [postProcessAfterInitialization,376] - Bean 'com.cms.common.redis.config.RedisConfig' of type [com.cms.common.redis.config.RedisConfig$$EnhancerBySpringCGLIB$$a4df9439] is not eligible for getting processed by all BeanPostProcessors (for example: not eligible for auto-proxying)
18:50:25.797 [main] INFO  o.s.c.s.PostProcessorRegistrationDelegate$BeanPostProcessorChecker - [postProcessAfterInitialization,376] - Bean 'org.springframework.cloud.client.loadbalancer.reactive.LoadBalancerBeanPostProcessorAutoConfiguration' of type [org.springframework.cloud.client.loadbalancer.reactive.LoadBalancerBeanPostProcessorAutoConfiguration] is not eligible for getting processed by all BeanPostProcessors (for example: not eligible for auto-proxying)
18:50:25.800 [main] INFO  o.s.c.s.PostProcessorRegistrationDelegate$BeanPostProcessorChecker - [postProcessAfterInitialization,376] - Bean 'org.springframework.cloud.client.loadbalancer.reactive.LoadBalancerBeanPostProcessorAutoConfiguration$ReactorDeferringLoadBalancerFilterConfig' of type [org.springframework.cloud.client.loadbalancer.reactive.LoadBalancerBeanPostProcessorAutoConfiguration$ReactorDeferringLoadBalancerFilterConfig] is not eligible for getting processed by all BeanPostProcessors (for example: not eligible for auto-proxying)
18:50:25.800 [main] INFO  o.s.c.s.PostProcessorRegistrationDelegate$BeanPostProcessorChecker - [postProcessAfterInitialization,376] - Bean 'reactorDeferringLoadBalancerExchangeFilterFunction' of type [org.springframework.cloud.client.loadbalancer.reactive.DeferringLoadBalancerExchangeFilterFunction] is not eligible for getting processed by all BeanPostProcessors (for example: not eligible for auto-proxying)
18:50:28.790 [main] INFO  o.s.c.c.u.InetUtils - [convertAddress,170] - Cannot determine local hostname
18:50:29.090 [main] INFO  c.a.c.s.g.s.SentinelSCGAutoConfiguration - [sentinelGatewayFilter,144] - [Sentinel SpringCloudGateway] register SentinelGatewayFilter with order: -2147483648
18:50:30.560 [main] INFO  o.s.c.c.u.InetUtils - [convertAddress,170] - Cannot determine local hostname
18:50:31.178 [main] INFO  o.s.c.g.r.RouteDefinitionRouteLocator - [lambda$initFactories$1,89] - Loaded RoutePredicateFactory [After]
18:50:31.178 [main] INFO  o.s.c.g.r.RouteDefinitionRouteLocator - [lambda$initFactories$1,89] - Loaded RoutePredicateFactory [Before]
18:50:31.178 [main] INFO  o.s.c.g.r.RouteDefinitionRouteLocator - [lambda$initFactories$1,89] - Loaded RoutePredicateFactory [Between]
18:50:31.178 [main] INFO  o.s.c.g.r.RouteDefinitionRouteLocator - [lambda$initFactories$1,89] - Loaded RoutePredicateFactory [Cookie]
18:50:31.178 [main] INFO  o.s.c.g.r.RouteDefinitionRouteLocator - [lambda$initFactories$1,89] - Loaded RoutePredicateFactory [Header]
18:50:31.178 [main] INFO  o.s.c.g.r.RouteDefinitionRouteLocator - [lambda$initFactories$1,89] - Loaded RoutePredicateFactory [Host]
18:50:31.181 [main] INFO  o.s.c.g.r.RouteDefinitionRouteLocator - [lambda$initFactories$1,89] - Loaded RoutePredicateFactory [Method]
18:50:31.181 [main] INFO  o.s.c.g.r.RouteDefinitionRouteLocator - [lambda$initFactories$1,89] - Loaded RoutePredicateFactory [Path]
18:50:31.181 [main] INFO  o.s.c.g.r.RouteDefinitionRouteLocator - [lambda$initFactories$1,89] - Loaded RoutePredicateFactory [Query]
18:50:31.181 [main] INFO  o.s.c.g.r.RouteDefinitionRouteLocator - [lambda$initFactories$1,89] - Loaded RoutePredicateFactory [ReadBody]
18:50:31.181 [main] INFO  o.s.c.g.r.RouteDefinitionRouteLocator - [lambda$initFactories$1,89] - Loaded RoutePredicateFactory [RemoteAddr]
18:50:31.181 [main] INFO  o.s.c.g.r.RouteDefinitionRouteLocator - [lambda$initFactories$1,89] - Loaded RoutePredicateFactory [XForwardedRemoteAddr]
18:50:31.181 [main] INFO  o.s.c.g.r.RouteDefinitionRouteLocator - [lambda$initFactories$1,89] - Loaded RoutePredicateFactory [Weight]
18:50:31.181 [main] INFO  o.s.c.g.r.RouteDefinitionRouteLocator - [lambda$initFactories$1,89] - Loaded RoutePredicateFactory [CloudFoundryRouteService]
18:50:31.312 [main] INFO  o.s.b.a.e.w.EndpointLinksResolver - [<init>,58] - Exposing 1 endpoint(s) beneath base path '/actuator'
18:50:32.787 [main] INFO  o.s.c.c.u.InetUtils - [convertAddress,170] - Cannot determine local hostname
18:50:32.854 [main] INFO  c.a.c.s.g.s.SentinelSCGAutoConfiguration - [sentinelGatewayBlockExceptionHandler,134] - [Sentinel SpringCloudGateway] register SentinelGatewayBlockExceptionHandler
18:50:33.277 [main] INFO  o.s.b.w.e.n.NettyWebServer - [start,111] - Netty started on port 8081
18:50:34.869 [main] INFO  o.s.c.c.u.InetUtils - [convertAddress,170] - Cannot determine local hostname
18:50:36.227 [main] INFO  o.s.c.c.u.InetUtils - [convertAddress,170] - Cannot determine local hostname
18:50:36.233 [main] INFO  c.a.n.p.a.s.c.ClientAuthPluginManager - [init,56] - [ClientAuthPluginManager] Load ClientAuthService com.alibaba.nacos.client.auth.impl.NacosClientAuthServiceImpl success.
18:50:36.236 [main] INFO  c.a.n.p.a.s.c.ClientAuthPluginManager - [init,56] - [ClientAuthPluginManager] Load ClientAuthService com.alibaba.nacos.client.auth.ram.RamClientAuthServiceImpl success.
18:50:36.396 [main] INFO  c.a.c.n.r.NacosServiceRegistry - [register,76] - nacos registry, cms-project cms-gateway 192.168.2.1:8081 register finished
18:50:36.772 [main] INFO  c.a.c.n.d.GatewayLocatorHeartBeatPublisher - [start,64] - Start nacos gateway locator heartBeat task scheduler.
18:50:36.800 [main] INFO  c.c.g.CmsGatewayApplication - [logStarted,61] - Started CmsGatewayApplication in 17.856 seconds (JVM running for 19.193)
18:50:36.803 [main] INFO  c.a.c.n.r.NacosContextRefresher - [registerNacosListener,129] - [Nacos Config] Listening config: dataId=cms-gateway, group=cms-project
18:50:36.803 [main] INFO  c.a.c.n.r.NacosContextRefresher - [registerNacosListener,129] - [Nacos Config] Listening config: dataId=cms-gateway.yml, group=cms-project
18:50:36.803 [main] INFO  c.a.c.n.r.NacosContextRefresher - [registerNacosListener,129] - [Nacos Config] Listening config: dataId=cms-gateway-dev.yml, group=cms-project
20:54:43.948 [SpringApplicationShutdownHook] INFO  c.a.c.n.r.NacosServiceRegistry - [deregister,95] - De-registering from Nacos Server now...
20:54:43.964 [SpringApplicationShutdownHook] INFO  c.a.c.n.r.NacosServiceRegistry - [deregister,115] - De-registration finished.
