11:24:29.108 [main] INFO  c.a.n.c.e.SearchableProperties - [sortPropertySourceDefaultOrder,197] - properties search order:PROPERTIES->JVM->ENV->DEFAULT_SETTING
11:24:29.152 [background-preinit] INFO  o.h.v.i.util.Version - [<clinit>,21] - HV000001: Hibernate Validator 6.2.5.Final
11:24:29.394 [main] INFO  c.a.n.p.a.s.c.ClientAuthPluginManager - [init,56] - [ClientAuthPluginManager] Load ClientAuthService com.alibaba.nacos.client.auth.impl.NacosClientAuthServiceImpl success.
11:24:29.394 [main] INFO  c.a.n.p.a.s.c.ClientAuthPluginManager - [init,56] - [ClientAuthPluginManager] Load ClientAuthService com.alibaba.nacos.client.auth.ram.RamClientAuthServiceImpl success.
11:24:32.586 [main] INFO  o.s.c.b.c.PropertySourceBootstrapConfiguration - [doInitialize,134] - Located property source: [BootstrapPropertySource@1198952052 {name='bootstrapProperties-cms-auth-dev.yml,cms-project', properties={server.port=10241, spring.redis.host=192.168.211.200, spring.redis.port=6379}}, BootstrapPropertySource@658563862 {name='bootstrapProperties-cms-auth.yml,cms-project', properties={}}, BootstrapPropertySource@1532644077 {name='bootstrapProperties-cms-auth,cms-project', properties={}}]
11:24:32.595 [main] INFO  c.c.a.CmsAuthApplication - [logStartupProfileInfo,638] - The following 1 profile is active: "dev"
11:24:33.277 [main] INFO  o.s.d.r.c.RepositoryConfigurationDelegate - [multipleStoresDetected,262] - Multiple Spring Data modules found, entering strict repository configuration mode
11:24:33.282 [main] INFO  o.s.d.r.c.RepositoryConfigurationDelegate - [registerRepositoriesIn,132] - Bootstrapping Spring Data Redis repositories in DEFAULT mode.
11:24:33.311 [main] INFO  o.s.d.r.c.RepositoryConfigurationDelegate - [registerRepositoriesIn,201] - Finished Spring Data repository scanning in 7 ms. Found 0 Redis repository interfaces.
11:24:33.486 [main] INFO  o.s.c.c.s.GenericScope - [setSerializationId,283] - BeanFactory id=a4555949-8ccc-38bf-952d-4b4c3548c9e8
11:24:33.651 [main] INFO  o.s.c.s.PostProcessorRegistrationDelegate$BeanPostProcessorChecker - [postProcessAfterInitialization,376] - Bean 'com.cms.common.redis.config.RedisConfig' of type [com.cms.common.redis.config.RedisConfig$$EnhancerBySpringCGLIB$$2e728866] is not eligible for getting processed by all BeanPostProcessors (for example: not eligible for auto-proxying)
11:24:33.893 [main] INFO  o.s.b.w.e.t.TomcatWebServer - [initialize,108] - Tomcat initialized with port(s): 10241 (http)
11:24:33.904 [main] INFO  o.a.c.h.Http11NioProtocol - [log,173] - Initializing ProtocolHandler ["http-nio-10241"]
11:24:33.906 [main] INFO  o.a.c.c.StandardService - [log,173] - Starting service [Tomcat]
11:24:33.906 [main] INFO  o.a.c.c.StandardEngine - [log,173] - Starting Servlet engine: [Apache Tomcat/9.0.83]
11:24:34.058 [main] INFO  o.a.c.c.C.[.[.[/] - [log,173] - Initializing Spring embedded WebApplicationContext
11:24:34.058 [main] INFO  o.s.b.w.s.c.ServletWebServerApplicationContext - [prepareWebApplicationContext,292] - Root WebApplicationContext: initialization completed in 1448 ms
11:24:34.751 [main] INFO  o.s.c.o.FeignClientFactoryBean - [getTarget,418] - For 'cms-system' URL not provided. Will try picking an instance via load-balancing.
11:24:34.810 [main] INFO  o.s.c.o.FeignClientFactoryBean - [getTarget,418] - For 'cms-system' URL not provided. Will try picking an instance via load-balancing.
11:24:35.025 [main] INFO  c.a.c.s.SentinelWebMvcConfigurer - [addInterceptors,52] - [Sentinel Starter] register SentinelWebInterceptor with urlPatterns: [/**].
11:24:37.106 [main] INFO  o.s.c.c.u.InetUtils - [convertAddress,170] - Cannot determine local hostname
11:24:39.206 [main] INFO  o.s.c.c.u.InetUtils - [convertAddress,170] - Cannot determine local hostname
11:24:39.255 [main] INFO  o.s.b.a.e.w.EndpointLinksResolver - [<init>,58] - Exposing 1 endpoint(s) beneath base path '/actuator'
11:24:39.318 [main] INFO  o.a.c.h.Http11NioProtocol - [log,173] - Starting ProtocolHandler ["http-nio-10241"]
11:24:39.326 [main] INFO  o.s.b.w.e.t.TomcatWebServer - [start,220] - Tomcat started on port(s): 10241 (http) with context path ''
11:24:39.336 [main] INFO  c.a.n.p.a.s.c.ClientAuthPluginManager - [init,56] - [ClientAuthPluginManager] Load ClientAuthService com.alibaba.nacos.client.auth.impl.NacosClientAuthServiceImpl success.
11:24:39.337 [main] INFO  c.a.n.p.a.s.c.ClientAuthPluginManager - [init,56] - [ClientAuthPluginManager] Load ClientAuthService com.alibaba.nacos.client.auth.ram.RamClientAuthServiceImpl success.
11:24:39.521 [main] INFO  c.a.c.n.r.NacosServiceRegistry - [register,76] - nacos registry, cms-project cms-auth 192.168.2.1:10241 register finished
11:24:40.960 [main] INFO  o.s.c.c.u.InetUtils - [convertAddress,170] - Cannot determine local hostname
11:24:40.984 [main] INFO  c.c.a.CmsAuthApplication - [logStarted,61] - Started CmsAuthApplication in 13.51 seconds (JVM running for 14.947)
11:24:40.997 [main] INFO  c.a.c.n.r.NacosContextRefresher - [registerNacosListener,129] - [Nacos Config] Listening config: dataId=cms-auth.yml, group=cms-project
11:24:40.998 [main] INFO  c.a.c.n.r.NacosContextRefresher - [registerNacosListener,129] - [Nacos Config] Listening config: dataId=cms-auth-dev.yml, group=cms-project
11:24:40.999 [main] INFO  c.a.c.n.r.NacosContextRefresher - [registerNacosListener,129] - [Nacos Config] Listening config: dataId=cms-auth, group=cms-project
11:24:41.856 [RMI TCP Connection(9)-192.168.2.1] INFO  o.a.c.c.C.[.[.[/] - [log,173] - Initializing Spring DispatcherServlet 'dispatcherServlet'
11:24:41.856 [RMI TCP Connection(9)-192.168.2.1] INFO  o.s.w.s.DispatcherServlet - [initServletBean,525] - Initializing Servlet 'dispatcherServlet'
11:24:41.858 [RMI TCP Connection(9)-192.168.2.1] INFO  o.s.w.s.DispatcherServlet - [initServletBean,547] - Completed initialization in 2 ms
14:33:02.674 [lettuce-eventExecutorLoop-1-15] INFO  i.l.c.p.ConnectionWatchdog - [log,171] - Reconnecting, last destination was /192.168.211.200:6379
14:33:02.685 [lettuce-nioEventLoop-4-3] INFO  i.l.c.p.ReconnectionHandler - [lambda$null$3,174] - Reconnected to 192.168.211.200:6379
20:23:51.780 [lettuce-nioEventLoop-4-3] INFO  i.l.c.p.CommandHandler - [log,217] - null Unexpected exception during request: java.io.IOException: 远程主机强迫关闭了一个现有的连接。
java.io.IOException: 远程主机强迫关闭了一个现有的连接。
	at sun.nio.ch.SocketDispatcher.read0(Native Method)
	at sun.nio.ch.SocketDispatcher.read(SocketDispatcher.java:43)
	at sun.nio.ch.IOUtil.readIntoNativeBuffer(IOUtil.java:223)
	at sun.nio.ch.IOUtil.read(IOUtil.java:192)
	at sun.nio.ch.SocketChannelImpl.read(SocketChannelImpl.java:380)
	at io.netty.buffer.PooledByteBuf.setBytes(PooledByteBuf.java:254)
	at io.netty.buffer.AbstractByteBuf.writeBytes(AbstractByteBuf.java:1132)
	at io.netty.channel.socket.nio.NioSocketChannel.doReadBytes(NioSocketChannel.java:357)
	at io.netty.channel.nio.AbstractNioByteChannel$NioByteUnsafe.read(AbstractNioByteChannel.java:151)
	at io.netty.channel.nio.NioEventLoop.processSelectedKey(NioEventLoop.java:788)
	at io.netty.channel.nio.NioEventLoop.processSelectedKeysOptimized(NioEventLoop.java:724)
	at io.netty.channel.nio.NioEventLoop.processSelectedKeys(NioEventLoop.java:650)
	at io.netty.channel.nio.NioEventLoop.run(NioEventLoop.java:562)
	at io.netty.util.concurrent.SingleThreadEventExecutor$4.run(SingleThreadEventExecutor.java:997)
	at io.netty.util.internal.ThreadExecutorMap$2.run(ThreadExecutorMap.java:74)
	at io.netty.util.concurrent.FastThreadLocalRunnable.run(FastThreadLocalRunnable.java:30)
	at java.lang.Thread.run(Thread.java:748)
20:23:51.780 [lettuce-nioEventLoop-4-1] INFO  i.l.c.p.CommandHandler - [log,217] - null Unexpected exception during request: java.io.IOException: 远程主机强迫关闭了一个现有的连接。
java.io.IOException: 远程主机强迫关闭了一个现有的连接。
	at sun.nio.ch.SocketDispatcher.read0(Native Method)
	at sun.nio.ch.SocketDispatcher.read(SocketDispatcher.java:43)
	at sun.nio.ch.IOUtil.readIntoNativeBuffer(IOUtil.java:223)
	at sun.nio.ch.IOUtil.read(IOUtil.java:192)
	at sun.nio.ch.SocketChannelImpl.read(SocketChannelImpl.java:380)
	at io.netty.buffer.PooledByteBuf.setBytes(PooledByteBuf.java:254)
	at io.netty.buffer.AbstractByteBuf.writeBytes(AbstractByteBuf.java:1132)
	at io.netty.channel.socket.nio.NioSocketChannel.doReadBytes(NioSocketChannel.java:357)
	at io.netty.channel.nio.AbstractNioByteChannel$NioByteUnsafe.read(AbstractNioByteChannel.java:151)
	at io.netty.channel.nio.NioEventLoop.processSelectedKey(NioEventLoop.java:788)
	at io.netty.channel.nio.NioEventLoop.processSelectedKeysOptimized(NioEventLoop.java:724)
	at io.netty.channel.nio.NioEventLoop.processSelectedKeys(NioEventLoop.java:650)
	at io.netty.channel.nio.NioEventLoop.run(NioEventLoop.java:562)
	at io.netty.util.concurrent.SingleThreadEventExecutor$4.run(SingleThreadEventExecutor.java:997)
	at io.netty.util.internal.ThreadExecutorMap$2.run(ThreadExecutorMap.java:74)
	at io.netty.util.concurrent.FastThreadLocalRunnable.run(FastThreadLocalRunnable.java:30)
	at java.lang.Thread.run(Thread.java:748)
20:23:51.874 [lettuce-eventExecutorLoop-1-13] INFO  i.l.c.p.ConnectionWatchdog - [log,171] - Reconnecting, last destination was /192.168.211.200:6379
20:23:51.874 [lettuce-eventExecutorLoop-1-12] INFO  i.l.c.p.ConnectionWatchdog - [log,171] - Reconnecting, last destination was /192.168.211.200:6379
20:24:00.872 [lettuce-eventExecutorLoop-1-16] INFO  i.l.c.p.ConnectionWatchdog - [log,171] - Reconnecting, last destination was 192.168.211.200:6379
20:24:00.872 [lettuce-eventExecutorLoop-1-17] INFO  i.l.c.p.ConnectionWatchdog - [log,171] - Reconnecting, last destination was 192.168.211.200:6379
20:24:09.073 [lettuce-eventExecutorLoop-1-18] INFO  i.l.c.p.ConnectionWatchdog - [log,171] - Reconnecting, last destination was 192.168.211.200:6379
20:24:09.073 [lettuce-eventExecutorLoop-1-19] INFO  i.l.c.p.ConnectionWatchdog - [log,171] - Reconnecting, last destination was 192.168.211.200:6379
20:24:25.472 [lettuce-eventExecutorLoop-1-20] INFO  i.l.c.p.ConnectionWatchdog - [log,171] - Reconnecting, last destination was 192.168.211.200:6379
20:24:25.472 [lettuce-eventExecutorLoop-1-1] INFO  i.l.c.p.ConnectionWatchdog - [log,171] - Reconnecting, last destination was 192.168.211.200:6379
20:24:25.478 [lettuce-nioEventLoop-4-12] INFO  i.l.c.p.ReconnectionHandler - [lambda$null$3,174] - Reconnected to 192.168.211.200:6379
20:24:25.479 [lettuce-nioEventLoop-4-13] INFO  i.l.c.p.ReconnectionHandler - [lambda$null$3,174] - Reconnected to 192.168.211.200:6379
20:24:29.947 [lettuce-nioEventLoop-4-12] INFO  i.l.c.p.CommandHandler - [log,217] - null Unexpected exception during request: java.io.IOException: 远程主机强迫关闭了一个现有的连接。
java.io.IOException: 远程主机强迫关闭了一个现有的连接。
	at sun.nio.ch.SocketDispatcher.read0(Native Method)
	at sun.nio.ch.SocketDispatcher.read(SocketDispatcher.java:43)
	at sun.nio.ch.IOUtil.readIntoNativeBuffer(IOUtil.java:223)
	at sun.nio.ch.IOUtil.read(IOUtil.java:192)
	at sun.nio.ch.SocketChannelImpl.read(SocketChannelImpl.java:380)
	at io.netty.buffer.PooledByteBuf.setBytes(PooledByteBuf.java:254)
	at io.netty.buffer.AbstractByteBuf.writeBytes(AbstractByteBuf.java:1132)
	at io.netty.channel.socket.nio.NioSocketChannel.doReadBytes(NioSocketChannel.java:357)
	at io.netty.channel.nio.AbstractNioByteChannel$NioByteUnsafe.read(AbstractNioByteChannel.java:151)
	at io.netty.channel.nio.NioEventLoop.processSelectedKey(NioEventLoop.java:788)
	at io.netty.channel.nio.NioEventLoop.processSelectedKeysOptimized(NioEventLoop.java:724)
	at io.netty.channel.nio.NioEventLoop.processSelectedKeys(NioEventLoop.java:650)
	at io.netty.channel.nio.NioEventLoop.run(NioEventLoop.java:562)
	at io.netty.util.concurrent.SingleThreadEventExecutor$4.run(SingleThreadEventExecutor.java:997)
	at io.netty.util.internal.ThreadExecutorMap$2.run(ThreadExecutorMap.java:74)
	at io.netty.util.concurrent.FastThreadLocalRunnable.run(FastThreadLocalRunnable.java:30)
	at java.lang.Thread.run(Thread.java:748)
20:24:29.947 [lettuce-nioEventLoop-4-13] INFO  i.l.c.p.CommandHandler - [log,217] - null Unexpected exception during request: java.io.IOException: 远程主机强迫关闭了一个现有的连接。
java.io.IOException: 远程主机强迫关闭了一个现有的连接。
	at sun.nio.ch.SocketDispatcher.read0(Native Method)
	at sun.nio.ch.SocketDispatcher.read(SocketDispatcher.java:43)
	at sun.nio.ch.IOUtil.readIntoNativeBuffer(IOUtil.java:223)
	at sun.nio.ch.IOUtil.read(IOUtil.java:192)
	at sun.nio.ch.SocketChannelImpl.read(SocketChannelImpl.java:380)
	at io.netty.buffer.PooledByteBuf.setBytes(PooledByteBuf.java:254)
	at io.netty.buffer.AbstractByteBuf.writeBytes(AbstractByteBuf.java:1132)
	at io.netty.channel.socket.nio.NioSocketChannel.doReadBytes(NioSocketChannel.java:357)
	at io.netty.channel.nio.AbstractNioByteChannel$NioByteUnsafe.read(AbstractNioByteChannel.java:151)
	at io.netty.channel.nio.NioEventLoop.processSelectedKey(NioEventLoop.java:788)
	at io.netty.channel.nio.NioEventLoop.processSelectedKeysOptimized(NioEventLoop.java:724)
	at io.netty.channel.nio.NioEventLoop.processSelectedKeys(NioEventLoop.java:650)
	at io.netty.channel.nio.NioEventLoop.run(NioEventLoop.java:562)
	at io.netty.util.concurrent.SingleThreadEventExecutor$4.run(SingleThreadEventExecutor.java:997)
	at io.netty.util.internal.ThreadExecutorMap$2.run(ThreadExecutorMap.java:74)
	at io.netty.util.concurrent.FastThreadLocalRunnable.run(FastThreadLocalRunnable.java:30)
	at java.lang.Thread.run(Thread.java:748)
20:24:29.980 [lettuce-nioEventLoop-4-15] INFO  i.l.c.p.ReconnectionHandler - [lambda$null$3,174] - Reconnected to 192.168.211.200:6379
20:24:29.981 [lettuce-nioEventLoop-4-14] INFO  i.l.c.p.ReconnectionHandler - [lambda$null$3,174] - Reconnected to 192.168.211.200:6379
22:28:03.658 [SpringApplicationShutdownHook] INFO  c.a.c.n.r.NacosServiceRegistry - [deregister,95] - De-registering from Nacos Server now...
22:28:03.680 [SpringApplicationShutdownHook] INFO  c.a.c.n.r.NacosServiceRegistry - [deregister,115] - De-registration finished.
