09:04:16.163 [main] INFO  c.a.n.c.e.SearchableProperties - [sortPropertySourceDefaultOrder,197] - properties search order:PROPERTIES->JVM->ENV->DEFAULT_SETTING
09:04:16.222 [background-preinit] INFO  o.h.v.i.util.Version - [<clinit>,21] - HV000001: Hibernate Validator 6.2.5.Final
09:04:16.509 [main] INFO  c.a.n.p.a.s.c.ClientAuthPluginManager - [init,56] - [ClientAuthPluginManager] Load ClientAuthService com.alibaba.nacos.client.auth.impl.NacosClientAuthServiceImpl success.
09:04:16.509 [main] INFO  c.a.n.p.a.s.c.ClientAuthPluginManager - [init,56] - [ClientAuthPluginManager] Load ClientAuthService com.alibaba.nacos.client.auth.ram.RamClientAuthServiceImpl success.
09:04:20.458 [main] INFO  o.s.c.b.c.PropertySourceBootstrapConfiguration - [doInitialize,134] - Located property source: [BootstrapPropertySource@68866931 {name='bootstrapProperties-cms-auth-dev.yml,cms-project', properties={server.port=10241, spring.redis.host=192.168.211.200, spring.redis.port=6379}}, BootstrapPropertySource@1744942100 {name='bootstrapProperties-cms-auth.yml,cms-project', properties={}}, BootstrapPropertySource@394019287 {name='bootstrapProperties-cms-auth,cms-project', properties={}}]
09:04:20.469 [main] INFO  c.c.a.CmsAuthApplication - [logStartupProfileInfo,638] - The following 1 profile is active: "dev"
09:04:21.637 [main] INFO  o.s.d.r.c.RepositoryConfigurationDelegate - [multipleStoresDetected,262] - Multiple Spring Data modules found, entering strict repository configuration mode
09:04:21.644 [main] INFO  o.s.d.r.c.RepositoryConfigurationDelegate - [registerRepositoriesIn,132] - Bootstrapping Spring Data Redis repositories in DEFAULT mode.
09:04:21.678 [main] INFO  o.s.d.r.c.RepositoryConfigurationDelegate - [registerRepositoriesIn,201] - Finished Spring Data repository scanning in 6 ms. Found 0 Redis repository interfaces.
09:04:21.909 [main] INFO  o.s.c.c.s.GenericScope - [setSerializationId,283] - BeanFactory id=a4555949-8ccc-38bf-952d-4b4c3548c9e8
09:04:22.160 [main] INFO  o.s.c.s.PostProcessorRegistrationDelegate$BeanPostProcessorChecker - [postProcessAfterInitialization,376] - Bean 'com.cms.common.redis.config.RedisConfig' of type [com.cms.common.redis.config.RedisConfig$$EnhancerBySpringCGLIB$$175d74] is not eligible for getting processed by all BeanPostProcessors (for example: not eligible for auto-proxying)
09:04:22.558 [main] INFO  o.s.b.w.e.t.TomcatWebServer - [initialize,108] - Tomcat initialized with port(s): 10241 (http)
09:04:22.570 [main] INFO  o.a.c.h.Http11NioProtocol - [log,173] - Initializing ProtocolHandler ["http-nio-10241"]
09:04:22.573 [main] INFO  o.a.c.c.StandardService - [log,173] - Starting service [Tomcat]
09:04:22.573 [main] INFO  o.a.c.c.StandardEngine - [log,173] - Starting Servlet engine: [Apache Tomcat/9.0.83]
09:04:22.785 [main] INFO  o.a.c.c.C.[.[.[/] - [log,173] - Initializing Spring embedded WebApplicationContext
09:04:22.786 [main] INFO  o.s.b.w.s.c.ServletWebServerApplicationContext - [prepareWebApplicationContext,292] - Root WebApplicationContext: initialization completed in 2293 ms
09:04:23.961 [main] INFO  o.s.c.o.FeignClientFactoryBean - [getTarget,418] - For 'cms-system' URL not provided. Will try picking an instance via load-balancing.
09:04:24.050 [main] INFO  o.s.c.o.FeignClientFactoryBean - [getTarget,418] - For 'cms-system' URL not provided. Will try picking an instance via load-balancing.
09:04:24.326 [main] INFO  c.a.c.s.SentinelWebMvcConfigurer - [addInterceptors,52] - [Sentinel Starter] register SentinelWebInterceptor with urlPatterns: [/**].
09:04:26.589 [main] INFO  o.s.c.c.u.InetUtils - [convertAddress,170] - Cannot determine local hostname
09:04:29.217 [main] INFO  o.s.c.c.u.InetUtils - [convertAddress,170] - Cannot determine local hostname
09:04:29.281 [main] INFO  o.s.b.a.e.w.EndpointLinksResolver - [<init>,58] - Exposing 1 endpoint(s) beneath base path '/actuator'
09:04:29.363 [main] INFO  o.a.c.h.Http11NioProtocol - [log,173] - Starting ProtocolHandler ["http-nio-10241"]
09:04:29.372 [main] INFO  o.s.b.w.e.t.TomcatWebServer - [start,220] - Tomcat started on port(s): 10241 (http) with context path ''
09:04:29.386 [main] INFO  c.a.n.p.a.s.c.ClientAuthPluginManager - [init,56] - [ClientAuthPluginManager] Load ClientAuthService com.alibaba.nacos.client.auth.impl.NacosClientAuthServiceImpl success.
09:04:29.386 [main] INFO  c.a.n.p.a.s.c.ClientAuthPluginManager - [init,56] - [ClientAuthPluginManager] Load ClientAuthService com.alibaba.nacos.client.auth.ram.RamClientAuthServiceImpl success.
09:04:29.548 [main] INFO  c.a.c.n.r.NacosServiceRegistry - [register,76] - nacos registry, cms-project cms-auth 192.168.2.1:10241 register finished
09:04:31.026 [main] INFO  o.s.c.c.u.InetUtils - [convertAddress,170] - Cannot determine local hostname
09:04:31.059 [main] INFO  c.c.a.CmsAuthApplication - [logStarted,61] - Started CmsAuthApplication in 16.962 seconds (JVM running for 19.286)
09:04:31.081 [main] INFO  c.a.c.n.r.NacosContextRefresher - [registerNacosListener,129] - [Nacos Config] Listening config: dataId=cms-auth.yml, group=cms-project
09:04:31.081 [main] INFO  c.a.c.n.r.NacosContextRefresher - [registerNacosListener,129] - [Nacos Config] Listening config: dataId=cms-auth-dev.yml, group=cms-project
09:04:31.081 [main] INFO  c.a.c.n.r.NacosContextRefresher - [registerNacosListener,129] - [Nacos Config] Listening config: dataId=cms-auth, group=cms-project
09:04:31.579 [RMI TCP Connection(2)-192.168.2.1] INFO  o.a.c.c.C.[.[.[/] - [log,173] - Initializing Spring DispatcherServlet 'dispatcherServlet'
09:04:31.583 [RMI TCP Connection(2)-192.168.2.1] INFO  o.s.w.s.DispatcherServlet - [initServletBean,525] - Initializing Servlet 'dispatcherServlet'
09:04:31.583 [RMI TCP Connection(2)-192.168.2.1] INFO  o.s.w.s.DispatcherServlet - [initServletBean,547] - Completed initialization in 0 ms
12:17:50.775 [SpringApplicationShutdownHook] INFO  c.a.c.n.r.NacosServiceRegistry - [deregister,95] - De-registering from Nacos Server now...
12:17:50.784 [SpringApplicationShutdownHook] INFO  c.a.c.n.r.NacosServiceRegistry - [deregister,115] - De-registration finished.
20:45:38.366 [main] INFO  c.a.n.c.e.SearchableProperties - [sortPropertySourceDefaultOrder,197] - properties search order:PROPERTIES->JVM->ENV->DEFAULT_SETTING
20:45:38.411 [background-preinit] INFO  o.h.v.i.util.Version - [<clinit>,21] - HV000001: Hibernate Validator 6.2.5.Final
20:45:38.686 [main] INFO  c.a.n.p.a.s.c.ClientAuthPluginManager - [init,56] - [ClientAuthPluginManager] Load ClientAuthService com.alibaba.nacos.client.auth.impl.NacosClientAuthServiceImpl success.
20:45:38.687 [main] INFO  c.a.n.p.a.s.c.ClientAuthPluginManager - [init,56] - [ClientAuthPluginManager] Load ClientAuthService com.alibaba.nacos.client.auth.ram.RamClientAuthServiceImpl success.
20:45:43.057 [main] INFO  o.s.c.b.c.PropertySourceBootstrapConfiguration - [doInitialize,134] - Located property source: [BootstrapPropertySource@1444500451 {name='bootstrapProperties-cms-auth-dev.yml,cms-project', properties={server.port=10241, spring.redis.host=192.168.211.200, spring.redis.port=6379}}, BootstrapPropertySource@1145023109 {name='bootstrapProperties-cms-auth.yml,cms-project', properties={}}, BootstrapPropertySource@518290846 {name='bootstrapProperties-cms-auth,cms-project', properties={}}]
20:45:43.066 [main] INFO  c.c.a.CmsAuthApplication - [logStartupProfileInfo,638] - The following 1 profile is active: "dev"
20:45:43.737 [main] INFO  o.s.d.r.c.RepositoryConfigurationDelegate - [multipleStoresDetected,262] - Multiple Spring Data modules found, entering strict repository configuration mode
20:45:43.738 [main] INFO  o.s.d.r.c.RepositoryConfigurationDelegate - [registerRepositoriesIn,132] - Bootstrapping Spring Data Redis repositories in DEFAULT mode.
20:45:43.757 [main] INFO  o.s.d.r.c.RepositoryConfigurationDelegate - [registerRepositoriesIn,201] - Finished Spring Data repository scanning in 4 ms. Found 0 Redis repository interfaces.
20:45:43.901 [main] INFO  o.s.c.c.s.GenericScope - [setSerializationId,283] - BeanFactory id=a4555949-8ccc-38bf-952d-4b4c3548c9e8
20:45:44.073 [main] INFO  o.s.c.s.PostProcessorRegistrationDelegate$BeanPostProcessorChecker - [postProcessAfterInitialization,376] - Bean 'com.cms.common.redis.config.RedisConfig' of type [com.cms.common.redis.config.RedisConfig$$EnhancerBySpringCGLIB$$4c8d3f82] is not eligible for getting processed by all BeanPostProcessors (for example: not eligible for auto-proxying)
20:45:44.349 [main] INFO  o.s.b.w.e.t.TomcatWebServer - [initialize,108] - Tomcat initialized with port(s): 10241 (http)
20:45:44.358 [main] INFO  o.a.c.h.Http11NioProtocol - [log,173] - Initializing ProtocolHandler ["http-nio-10241"]
20:45:44.360 [main] INFO  o.a.c.c.StandardService - [log,173] - Starting service [Tomcat]
20:45:44.360 [main] INFO  o.a.c.c.StandardEngine - [log,173] - Starting Servlet engine: [Apache Tomcat/9.0.83]
20:45:44.529 [main] INFO  o.a.c.c.C.[.[.[/] - [log,173] - Initializing Spring embedded WebApplicationContext
20:45:44.529 [main] INFO  o.s.b.w.s.c.ServletWebServerApplicationContext - [prepareWebApplicationContext,292] - Root WebApplicationContext: initialization completed in 1453 ms
20:45:45.172 [main] INFO  o.s.c.o.FeignClientFactoryBean - [getTarget,418] - For 'cms-system' URL not provided. Will try picking an instance via load-balancing.
20:45:45.222 [main] INFO  o.s.c.o.FeignClientFactoryBean - [getTarget,418] - For 'cms-system' URL not provided. Will try picking an instance via load-balancing.
20:45:45.387 [main] INFO  c.a.c.s.SentinelWebMvcConfigurer - [addInterceptors,52] - [Sentinel Starter] register SentinelWebInterceptor with urlPatterns: [/**].
20:45:47.028 [main] INFO  o.s.c.c.u.InetUtils - [convertAddress,170] - Cannot determine local hostname
20:45:49.425 [main] INFO  o.s.c.c.u.InetUtils - [convertAddress,170] - Cannot determine local hostname
20:45:49.511 [main] INFO  o.s.b.a.e.w.EndpointLinksResolver - [<init>,58] - Exposing 1 endpoint(s) beneath base path '/actuator'
20:45:49.591 [main] INFO  o.a.c.h.Http11NioProtocol - [log,173] - Starting ProtocolHandler ["http-nio-10241"]
20:45:49.599 [main] INFO  o.s.b.w.e.t.TomcatWebServer - [start,220] - Tomcat started on port(s): 10241 (http) with context path ''
20:45:49.612 [main] INFO  c.a.n.p.a.s.c.ClientAuthPluginManager - [init,56] - [ClientAuthPluginManager] Load ClientAuthService com.alibaba.nacos.client.auth.impl.NacosClientAuthServiceImpl success.
20:45:49.612 [main] INFO  c.a.n.p.a.s.c.ClientAuthPluginManager - [init,56] - [ClientAuthPluginManager] Load ClientAuthService com.alibaba.nacos.client.auth.ram.RamClientAuthServiceImpl success.
20:45:49.786 [main] INFO  c.a.c.n.r.NacosServiceRegistry - [register,76] - nacos registry, cms-project cms-auth 192.168.2.1:10241 register finished
20:45:51.316 [main] INFO  o.s.c.c.u.InetUtils - [convertAddress,170] - Cannot determine local hostname
20:45:51.333 [main] INFO  c.c.a.CmsAuthApplication - [logStarted,61] - Started CmsAuthApplication in 14.827 seconds (JVM running for 16.372)
20:45:51.346 [main] INFO  c.a.c.n.r.NacosContextRefresher - [registerNacosListener,129] - [Nacos Config] Listening config: dataId=cms-auth.yml, group=cms-project
20:45:51.348 [main] INFO  c.a.c.n.r.NacosContextRefresher - [registerNacosListener,129] - [Nacos Config] Listening config: dataId=cms-auth-dev.yml, group=cms-project
20:45:51.348 [main] INFO  c.a.c.n.r.NacosContextRefresher - [registerNacosListener,129] - [Nacos Config] Listening config: dataId=cms-auth, group=cms-project
20:45:51.956 [RMI TCP Connection(3)-192.168.2.1] INFO  o.a.c.c.C.[.[.[/] - [log,173] - Initializing Spring DispatcherServlet 'dispatcherServlet'
20:45:51.957 [RMI TCP Connection(3)-192.168.2.1] INFO  o.s.w.s.DispatcherServlet - [initServletBean,525] - Initializing Servlet 'dispatcherServlet'
20:45:51.958 [RMI TCP Connection(3)-192.168.2.1] INFO  o.s.w.s.DispatcherServlet - [initServletBean,547] - Completed initialization in 1 ms
23:51:20.817 [SpringApplicationShutdownHook] INFO  c.a.c.n.r.NacosServiceRegistry - [deregister,95] - De-registering from Nacos Server now...
23:51:20.860 [SpringApplicationShutdownHook] INFO  c.a.c.n.r.NacosServiceRegistry - [deregister,115] - De-registration finished.
