18:50:15.773 [main] INFO  c.a.n.c.e.SearchableProperties - [sortPropertySourceDefaultOrder,197] - properties search order:PROPERTIES->JVM->ENV->DEFAULT_SETTING
18:50:15.844 [background-preinit] INFO  o.h.v.i.util.Version - [<clinit>,21] - HV000001: Hibernate Validator 6.2.5.Final
18:50:16.173 [main] INFO  c.a.n.p.a.s.c.ClientAuthPluginManager - [init,56] - [ClientAuthPluginManager] Load ClientAuthService com.alibaba.nacos.client.auth.impl.NacosClientAuthServiceImpl success.
18:50:16.173 [main] INFO  c.a.n.p.a.s.c.ClientAuthPluginManager - [init,56] - [ClientAuthPluginManager] Load ClientAuthService com.alibaba.nacos.client.auth.ram.RamClientAuthServiceImpl success.
18:50:20.236 [main] INFO  o.s.c.b.c.PropertySourceBootstrapConfiguration - [doInitialize,134] - Located property source: [BootstrapPropertySource@1917513667 {name='bootstrapProperties-cms-system-dev.yml,cms-project', properties={server.port=10240, spring.redis.host=192.168.211.200, spring.redis.port=6379, spring.datasource.driver-class-name=com.mysql.cj.jdbc.Driver, spring.datasource.url=jdbc:mysql://192.168.211.200:3306/cms-plus?useUnicode=true&characterEncoding=utf8&zeroDateTimeBehavior=convertToNull&useSSL=true&serverTimezone=GMT%2B8, spring.datasource.username=root, spring.datasource.password=root, swagger.title=系统模块接口文档, swagger.name=邓志军, swagger.description=系统模块接口文档, swagger.Contact.name=邓志军}}, BootstrapPropertySource@2096842550 {name='bootstrapProperties-cms-system.yml,cms-project', properties={}}, BootstrapPropertySource@705265015 {name='bootstrapProperties-cms-system,cms-project', properties={}}, BootstrapPropertySource@1405163418 {name='bootstrapProperties-application-dev.yml,cms-project', properties={spring.autoconfigure.exclude=com.alibaba.druid.spring.boot.autoconfigure.DruidDataSourceAutoConfigure, spring.mvc.pathmatch.matching-strategy=ant_path_matcher, spring.jackson.default-property-inclusion=non_null, mybatis-plus.mapper-locations=classpath*:mapper/**/*.xml, mybatis-plus.configuration.log-impl=org.apache.ibatis.logging.stdout.StdOutImpl, mybatis-plus.global-config.db-config.logic-delete-field=del_flag, mybatis-plus.global-config.db-config.logic-delete-value=1, mybatis-plus.global-config.db-config.logic-not-delete-value=0}}]
18:50:20.246 [main] INFO  c.c.s.CmsSystemApplication - [logStartupProfileInfo,638] - The following 1 profile is active: "dev"
18:50:21.167 [main] INFO  o.s.d.r.c.RepositoryConfigurationDelegate - [multipleStoresDetected,262] - Multiple Spring Data modules found, entering strict repository configuration mode
18:50:21.167 [main] INFO  o.s.d.r.c.RepositoryConfigurationDelegate - [registerRepositoriesIn,132] - Bootstrapping Spring Data Redis repositories in DEFAULT mode.
18:50:21.194 [main] INFO  o.s.d.r.c.RepositoryConfigurationDelegate - [registerRepositoriesIn,201] - Finished Spring Data repository scanning in 9 ms. Found 0 Redis repository interfaces.
18:50:21.412 [main] INFO  o.s.c.c.s.GenericScope - [setSerializationId,283] - BeanFactory id=be3f3d72-f416-336a-814b-b2a307ff1bed
18:50:21.670 [main] INFO  o.s.c.s.PostProcessorRegistrationDelegate$BeanPostProcessorChecker - [postProcessAfterInitialization,376] - Bean 'com.cms.common.redis.config.RedisConfig' of type [com.cms.common.redis.config.RedisConfig$$EnhancerBySpringCGLIB$$c169e568] is not eligible for getting processed by all BeanPostProcessors (for example: not eligible for auto-proxying)
18:50:21.918 [main] INFO  o.s.b.w.e.t.TomcatWebServer - [initialize,108] - Tomcat initialized with port(s): 10240 (http)
18:50:21.924 [main] INFO  o.a.c.h.Http11NioProtocol - [log,173] - Initializing ProtocolHandler ["http-nio-10240"]
18:50:21.924 [main] INFO  o.a.c.c.StandardService - [log,173] - Starting service [Tomcat]
18:50:21.927 [main] INFO  o.a.c.c.StandardEngine - [log,173] - Starting Servlet engine: [Apache Tomcat/9.0.83]
18:50:22.034 [main] INFO  o.a.c.c.C.[.[.[/] - [log,173] - Initializing Spring embedded WebApplicationContext
18:50:22.034 [main] INFO  o.s.b.w.s.c.ServletWebServerApplicationContext - [prepareWebApplicationContext,292] - Root WebApplicationContext: initialization completed in 1768 ms
18:50:23.645 [main] INFO  c.z.h.HikariDataSource - [getConnection,110] - HikariPool-1 - Starting...
18:50:45.778 [main] INFO  o.a.c.c.StandardService - [log,173] - Stopping service [Tomcat]
18:51:28.295 [main] INFO  c.a.n.c.e.SearchableProperties - [sortPropertySourceDefaultOrder,197] - properties search order:PROPERTIES->JVM->ENV->DEFAULT_SETTING
18:51:28.333 [background-preinit] INFO  o.h.v.i.util.Version - [<clinit>,21] - HV000001: Hibernate Validator 6.2.5.Final
18:51:28.562 [main] INFO  c.a.n.p.a.s.c.ClientAuthPluginManager - [init,56] - [ClientAuthPluginManager] Load ClientAuthService com.alibaba.nacos.client.auth.impl.NacosClientAuthServiceImpl success.
18:51:28.562 [main] INFO  c.a.n.p.a.s.c.ClientAuthPluginManager - [init,56] - [ClientAuthPluginManager] Load ClientAuthService com.alibaba.nacos.client.auth.ram.RamClientAuthServiceImpl success.
18:51:31.682 [main] INFO  o.s.c.b.c.PropertySourceBootstrapConfiguration - [doInitialize,134] - Located property source: [BootstrapPropertySource@718130408 {name='bootstrapProperties-cms-system-dev.yml,cms-project', properties={server.port=10240, spring.redis.host=192.168.211.200, spring.redis.port=6379, spring.datasource.driver-class-name=com.mysql.cj.jdbc.Driver, spring.datasource.url=jdbc:mysql://192.168.211.200:3306/cms-plus?useUnicode=true&characterEncoding=utf8&zeroDateTimeBehavior=convertToNull&useSSL=true&serverTimezone=GMT%2B8, spring.datasource.username=root, spring.datasource.password=root, swagger.title=系统模块接口文档, swagger.name=邓志军, swagger.description=系统模块接口文档, swagger.Contact.name=邓志军}}, BootstrapPropertySource@1896000574 {name='bootstrapProperties-cms-system.yml,cms-project', properties={}}, BootstrapPropertySource@1062831184 {name='bootstrapProperties-cms-system,cms-project', properties={}}, BootstrapPropertySource@766681183 {name='bootstrapProperties-application-dev.yml,cms-project', properties={spring.autoconfigure.exclude=com.alibaba.druid.spring.boot.autoconfigure.DruidDataSourceAutoConfigure, spring.mvc.pathmatch.matching-strategy=ant_path_matcher, spring.jackson.default-property-inclusion=non_null, mybatis-plus.mapper-locations=classpath*:mapper/**/*.xml, mybatis-plus.configuration.log-impl=org.apache.ibatis.logging.stdout.StdOutImpl, mybatis-plus.global-config.db-config.logic-delete-field=del_flag, mybatis-plus.global-config.db-config.logic-delete-value=1, mybatis-plus.global-config.db-config.logic-not-delete-value=0}}]
18:51:31.690 [main] INFO  c.c.s.CmsSystemApplication - [logStartupProfileInfo,638] - The following 1 profile is active: "dev"
18:51:32.570 [main] INFO  o.s.d.r.c.RepositoryConfigurationDelegate - [multipleStoresDetected,262] - Multiple Spring Data modules found, entering strict repository configuration mode
18:51:32.572 [main] INFO  o.s.d.r.c.RepositoryConfigurationDelegate - [registerRepositoriesIn,132] - Bootstrapping Spring Data Redis repositories in DEFAULT mode.
18:51:32.595 [main] INFO  o.s.d.r.c.RepositoryConfigurationDelegate - [registerRepositoriesIn,201] - Finished Spring Data repository scanning in 8 ms. Found 0 Redis repository interfaces.
18:51:32.789 [main] INFO  o.s.c.c.s.GenericScope - [setSerializationId,283] - BeanFactory id=be3f3d72-f416-336a-814b-b2a307ff1bed
18:51:33.010 [main] INFO  o.s.c.s.PostProcessorRegistrationDelegate$BeanPostProcessorChecker - [postProcessAfterInitialization,376] - Bean 'com.cms.common.redis.config.RedisConfig' of type [com.cms.common.redis.config.RedisConfig$$EnhancerBySpringCGLIB$$dcb8fb93] is not eligible for getting processed by all BeanPostProcessors (for example: not eligible for auto-proxying)
18:51:33.262 [main] INFO  o.s.b.w.e.t.TomcatWebServer - [initialize,108] - Tomcat initialized with port(s): 10240 (http)
18:51:33.267 [main] INFO  o.a.c.h.Http11NioProtocol - [log,173] - Initializing ProtocolHandler ["http-nio-10240"]
18:51:33.271 [main] INFO  o.a.c.c.StandardService - [log,173] - Starting service [Tomcat]
18:51:33.271 [main] INFO  o.a.c.c.StandardEngine - [log,173] - Starting Servlet engine: [Apache Tomcat/9.0.83]
18:51:33.395 [main] INFO  o.a.c.c.C.[.[.[/] - [log,173] - Initializing Spring embedded WebApplicationContext
18:51:33.395 [main] INFO  o.s.b.w.s.c.ServletWebServerApplicationContext - [prepareWebApplicationContext,292] - Root WebApplicationContext: initialization completed in 1686 ms
18:51:34.962 [main] INFO  c.z.h.HikariDataSource - [getConnection,110] - HikariPool-1 - Starting...
18:51:35.435 [main] INFO  c.z.h.HikariDataSource - [getConnection,123] - HikariPool-1 - Start completed.
18:51:36.676 [main] INFO  c.a.c.s.SentinelWebMvcConfigurer - [addInterceptors,52] - [Sentinel Starter] register SentinelWebInterceptor with urlPatterns: [/**].
18:51:38.182 [main] INFO  o.s.c.c.u.InetUtils - [convertAddress,170] - Cannot determine local hostname
18:51:38.628 [main] INFO  o.s.b.a.e.w.EndpointLinksResolver - [<init>,58] - Exposing 1 endpoint(s) beneath base path '/actuator'
18:51:39.043 [main] INFO  o.s.c.o.FeignClientFactoryBean - [getTarget,418] - For 'cms-system' URL not provided. Will try picking an instance via load-balancing.
18:51:40.743 [main] INFO  o.s.c.c.u.InetUtils - [convertAddress,170] - Cannot determine local hostname
18:51:40.864 [main] INFO  o.a.c.h.Http11NioProtocol - [log,173] - Starting ProtocolHandler ["http-nio-10240"]
18:51:40.875 [main] INFO  o.s.b.w.e.t.TomcatWebServer - [start,220] - Tomcat started on port(s): 10240 (http) with context path ''
18:51:40.885 [main] INFO  c.a.n.p.a.s.c.ClientAuthPluginManager - [init,56] - [ClientAuthPluginManager] Load ClientAuthService com.alibaba.nacos.client.auth.impl.NacosClientAuthServiceImpl success.
18:51:40.885 [main] INFO  c.a.n.p.a.s.c.ClientAuthPluginManager - [init,56] - [ClientAuthPluginManager] Load ClientAuthService com.alibaba.nacos.client.auth.ram.RamClientAuthServiceImpl success.
18:51:41.052 [main] INFO  c.a.c.n.r.NacosServiceRegistry - [register,76] - nacos registry, cms-project cms-system 192.168.2.1:10240 register finished
18:51:42.431 [main] INFO  o.s.c.c.u.InetUtils - [convertAddress,170] - Cannot determine local hostname
18:51:42.860 [main] INFO  c.c.s.CmsSystemApplication - [logStarted,61] - Started CmsSystemApplication in 16.277 seconds (JVM running for 17.233)
18:51:42.872 [main] INFO  c.a.c.n.r.NacosContextRefresher - [registerNacosListener,129] - [Nacos Config] Listening config: dataId=cms-system, group=cms-project
18:51:42.872 [main] INFO  c.a.c.n.r.NacosContextRefresher - [registerNacosListener,129] - [Nacos Config] Listening config: dataId=cms-system.yml, group=cms-project
18:51:42.874 [main] INFO  c.a.c.n.r.NacosContextRefresher - [registerNacosListener,129] - [Nacos Config] Listening config: dataId=cms-system-dev.yml, group=cms-project
18:51:43.843 [RMI TCP Connection(3)-192.168.2.1] INFO  o.a.c.c.C.[.[.[/] - [log,173] - Initializing Spring DispatcherServlet 'dispatcherServlet'
18:51:43.843 [RMI TCP Connection(3)-192.168.2.1] INFO  o.s.w.s.DispatcherServlet - [initServletBean,525] - Initializing Servlet 'dispatcherServlet'
18:51:43.846 [RMI TCP Connection(3)-192.168.2.1] INFO  o.s.w.s.DispatcherServlet - [initServletBean,547] - Completed initialization in 3 ms
20:54:44.283 [SpringApplicationShutdownHook] INFO  c.a.c.n.r.NacosServiceRegistry - [deregister,95] - De-registering from Nacos Server now...
20:54:44.301 [SpringApplicationShutdownHook] INFO  c.a.c.n.r.NacosServiceRegistry - [deregister,115] - De-registration finished.
20:54:44.460 [SpringApplicationShutdownHook] INFO  c.z.h.HikariDataSource - [close,350] - HikariPool-1 - Shutdown initiated...
20:54:44.466 [SpringApplicationShutdownHook] INFO  c.z.h.HikariDataSource - [close,352] - HikariPool-1 - Shutdown completed.
