11:24:31.992 [main] INFO  c.a.n.c.e.SearchableProperties - [sortPropertySourceDefaultOrder,197] - properties search order:PROPERTIES->JVM->ENV->DEFAULT_SETTING
11:24:32.043 [background-preinit] INFO  o.h.v.i.util.Version - [<clinit>,21] - HV000001: Hibernate Validator 6.2.5.Final
11:24:32.305 [main] INFO  c.a.n.p.a.s.c.ClientAuthPluginManager - [init,56] - [ClientAuthPluginManager] Load ClientAuthService com.alibaba.nacos.client.auth.impl.NacosClientAuthServiceImpl success.
11:24:32.306 [main] INFO  c.a.n.p.a.s.c.ClientAuthPluginManager - [init,56] - [ClientAuthPluginManager] Load ClientAuthService com.alibaba.nacos.client.auth.ram.RamClientAuthServiceImpl success.
11:24:35.947 [main] INFO  o.s.c.b.c.PropertySourceBootstrapConfiguration - [doInitialize,134] - Located property source: [BootstrapPropertySource@1373300625 {name='bootstrapProperties-cms-system-dev.yml,cms-project', properties={server.port=10240, spring.redis.host=192.168.211.200, spring.redis.port=6379, spring.datasource.driver-class-name=com.mysql.cj.jdbc.Driver, spring.datasource.url=jdbc:mysql://192.168.211.200:3306/cms-plus?useUnicode=true&characterEncoding=utf8&zeroDateTimeBehavior=convertToNull&useSSL=true&serverTimezone=GMT%2B8, spring.datasource.username=root, spring.datasource.password=root, swagger.title=系统模块接口文档, swagger.name=邓志军, swagger.description=系统模块接口文档, swagger.Contact.name=邓志军}}, BootstrapPropertySource@1753885705 {name='bootstrapProperties-cms-system.yml,cms-project', properties={}}, BootstrapPropertySource@98459285 {name='bootstrapProperties-cms-system,cms-project', properties={}}, BootstrapPropertySource@912054991 {name='bootstrapProperties-application-dev.yml,cms-project', properties={spring.autoconfigure.exclude=com.alibaba.druid.spring.boot.autoconfigure.DruidDataSourceAutoConfigure, spring.mvc.pathmatch.matching-strategy=ant_path_matcher, spring.jackson.default-property-inclusion=non_null, mybatis-plus.mapper-locations=classpath*:mapper/**/*.xml, mybatis-plus.configuration.log-impl=org.apache.ibatis.logging.stdout.StdOutImpl, mybatis-plus.global-config.db-config.logic-delete-field=del_flag, mybatis-plus.global-config.db-config.logic-delete-value=1, mybatis-plus.global-config.db-config.logic-not-delete-value=0}}]
11:24:35.955 [main] INFO  c.c.s.CmsSystemApplication - [logStartupProfileInfo,638] - The following 1 profile is active: "dev"
11:24:36.827 [main] INFO  o.s.d.r.c.RepositoryConfigurationDelegate - [multipleStoresDetected,262] - Multiple Spring Data modules found, entering strict repository configuration mode
11:24:36.829 [main] INFO  o.s.d.r.c.RepositoryConfigurationDelegate - [registerRepositoriesIn,132] - Bootstrapping Spring Data Redis repositories in DEFAULT mode.
11:24:36.851 [main] INFO  o.s.d.r.c.RepositoryConfigurationDelegate - [registerRepositoriesIn,201] - Finished Spring Data repository scanning in 9 ms. Found 0 Redis repository interfaces.
11:24:37.041 [main] INFO  o.s.c.c.s.GenericScope - [setSerializationId,283] - BeanFactory id=be3f3d72-f416-336a-814b-b2a307ff1bed
11:24:37.261 [main] INFO  o.s.c.s.PostProcessorRegistrationDelegate$BeanPostProcessorChecker - [postProcessAfterInitialization,376] - Bean 'com.cms.common.redis.config.RedisConfig' of type [com.cms.common.redis.config.RedisConfig$$EnhancerBySpringCGLIB$$2030db4a] is not eligible for getting processed by all BeanPostProcessors (for example: not eligible for auto-proxying)
11:24:37.539 [main] INFO  o.s.b.w.e.t.TomcatWebServer - [initialize,108] - Tomcat initialized with port(s): 10240 (http)
11:24:37.548 [main] INFO  o.a.c.h.Http11NioProtocol - [log,173] - Initializing ProtocolHandler ["http-nio-10240"]
11:24:37.549 [main] INFO  o.a.c.c.StandardService - [log,173] - Starting service [Tomcat]
11:24:37.549 [main] INFO  o.a.c.c.StandardEngine - [log,173] - Starting Servlet engine: [Apache Tomcat/9.0.83]
11:24:37.687 [main] INFO  o.a.c.c.C.[.[.[/] - [log,173] - Initializing Spring embedded WebApplicationContext
11:24:37.687 [main] INFO  o.s.b.w.s.c.ServletWebServerApplicationContext - [prepareWebApplicationContext,292] - Root WebApplicationContext: initialization completed in 1708 ms
11:24:39.205 [main] INFO  c.z.h.HikariDataSource - [getConnection,110] - HikariPool-1 - Starting...
11:24:39.669 [main] INFO  c.z.h.HikariDataSource - [getConnection,123] - HikariPool-1 - Start completed.
11:24:40.932 [main] INFO  c.a.c.s.SentinelWebMvcConfigurer - [addInterceptors,52] - [Sentinel Starter] register SentinelWebInterceptor with urlPatterns: [/**].
11:24:42.826 [main] INFO  o.s.c.c.u.InetUtils - [convertAddress,170] - Cannot determine local hostname
11:24:43.540 [main] INFO  o.s.b.a.e.w.EndpointLinksResolver - [<init>,58] - Exposing 1 endpoint(s) beneath base path '/actuator'
11:24:43.972 [main] INFO  o.s.c.o.FeignClientFactoryBean - [getTarget,418] - For 'cms-system' URL not provided. Will try picking an instance via load-balancing.
11:24:45.584 [main] INFO  o.s.c.c.u.InetUtils - [convertAddress,170] - Cannot determine local hostname
11:24:45.705 [main] INFO  o.a.c.h.Http11NioProtocol - [log,173] - Starting ProtocolHandler ["http-nio-10240"]
11:24:45.713 [main] INFO  o.s.b.w.e.t.TomcatWebServer - [start,220] - Tomcat started on port(s): 10240 (http) with context path ''
11:24:45.723 [main] INFO  c.a.n.p.a.s.c.ClientAuthPluginManager - [init,56] - [ClientAuthPluginManager] Load ClientAuthService com.alibaba.nacos.client.auth.impl.NacosClientAuthServiceImpl success.
11:24:45.723 [main] INFO  c.a.n.p.a.s.c.ClientAuthPluginManager - [init,56] - [ClientAuthPluginManager] Load ClientAuthService com.alibaba.nacos.client.auth.ram.RamClientAuthServiceImpl success.
11:24:45.886 [main] INFO  c.a.c.n.r.NacosServiceRegistry - [register,76] - nacos registry, cms-project cms-system 192.168.2.1:10240 register finished
11:24:47.191 [main] INFO  o.s.c.c.u.InetUtils - [convertAddress,170] - Cannot determine local hostname
11:24:47.617 [main] INFO  c.c.s.CmsSystemApplication - [logStarted,61] - Started CmsSystemApplication in 17.295 seconds (JVM running for 18.302)
11:24:47.630 [main] INFO  c.a.c.n.r.NacosContextRefresher - [registerNacosListener,129] - [Nacos Config] Listening config: dataId=cms-system, group=cms-project
11:24:47.630 [main] INFO  c.a.c.n.r.NacosContextRefresher - [registerNacosListener,129] - [Nacos Config] Listening config: dataId=cms-system.yml, group=cms-project
11:24:47.630 [main] INFO  c.a.c.n.r.NacosContextRefresher - [registerNacosListener,129] - [Nacos Config] Listening config: dataId=cms-system-dev.yml, group=cms-project
11:24:48.845 [RMI TCP Connection(12)-192.168.2.1] INFO  o.a.c.c.C.[.[.[/] - [log,173] - Initializing Spring DispatcherServlet 'dispatcherServlet'
11:24:48.845 [RMI TCP Connection(12)-192.168.2.1] INFO  o.s.w.s.DispatcherServlet - [initServletBean,525] - Initializing Servlet 'dispatcherServlet'
11:24:48.847 [RMI TCP Connection(12)-192.168.2.1] INFO  o.s.w.s.DispatcherServlet - [initServletBean,547] - Completed initialization in 2 ms
13:12:00.917 [lettuce-eventExecutorLoop-1-8] INFO  i.l.c.p.ConnectionWatchdog - [log,171] - Reconnecting, last destination was /192.168.211.200:6379
13:12:00.929 [lettuce-nioEventLoop-4-3] INFO  i.l.c.p.ReconnectionHandler - [lambda$null$3,174] - Reconnected to 192.168.211.200:6379
17:19:34.163 [SpringApplicationShutdownHook] INFO  c.a.c.n.r.NacosServiceRegistry - [deregister,95] - De-registering from Nacos Server now...
17:19:34.176 [SpringApplicationShutdownHook] INFO  c.a.c.n.r.NacosServiceRegistry - [deregister,115] - De-registration finished.
17:19:34.327 [SpringApplicationShutdownHook] INFO  c.z.h.HikariDataSource - [close,350] - HikariPool-1 - Shutdown initiated...
17:19:34.333 [SpringApplicationShutdownHook] INFO  c.z.h.HikariDataSource - [close,352] - HikariPool-1 - Shutdown completed.
17:19:41.302 [main] INFO  c.a.n.c.e.SearchableProperties - [sortPropertySourceDefaultOrder,197] - properties search order:PROPERTIES->JVM->ENV->DEFAULT_SETTING
17:19:41.347 [background-preinit] INFO  o.h.v.i.util.Version - [<clinit>,21] - HV000001: Hibernate Validator 6.2.5.Final
17:19:41.591 [main] INFO  c.a.n.p.a.s.c.ClientAuthPluginManager - [init,56] - [ClientAuthPluginManager] Load ClientAuthService com.alibaba.nacos.client.auth.impl.NacosClientAuthServiceImpl success.
17:19:41.592 [main] INFO  c.a.n.p.a.s.c.ClientAuthPluginManager - [init,56] - [ClientAuthPluginManager] Load ClientAuthService com.alibaba.nacos.client.auth.ram.RamClientAuthServiceImpl success.
17:19:44.547 [main] INFO  o.s.c.b.c.PropertySourceBootstrapConfiguration - [doInitialize,134] - Located property source: [BootstrapPropertySource@45320991 {name='bootstrapProperties-cms-system-dev.yml,cms-project', properties={server.port=10240, spring.redis.host=192.168.211.200, spring.redis.port=6379, spring.datasource.driver-class-name=com.mysql.cj.jdbc.Driver, spring.datasource.url=jdbc:mysql://192.168.211.200:3306/cms-plus?useUnicode=true&characterEncoding=utf8&zeroDateTimeBehavior=convertToNull&useSSL=true&serverTimezone=GMT%2B8, spring.datasource.username=root, spring.datasource.password=root, swagger.title=系统模块接口文档, swagger.name=邓志军, swagger.description=系统模块接口文档, swagger.Contact.name=邓志军}}, BootstrapPropertySource@491825098 {name='bootstrapProperties-cms-system.yml,cms-project', properties={}}, BootstrapPropertySource@1370169059 {name='bootstrapProperties-cms-system,cms-project', properties={}}, BootstrapPropertySource@779511842 {name='bootstrapProperties-application-dev.yml,cms-project', properties={spring.autoconfigure.exclude=com.alibaba.druid.spring.boot.autoconfigure.DruidDataSourceAutoConfigure, spring.mvc.pathmatch.matching-strategy=ant_path_matcher, spring.jackson.default-property-inclusion=non_null, mybatis-plus.mapper-locations=classpath*:mapper/**/*.xml, mybatis-plus.configuration.log-impl=org.apache.ibatis.logging.stdout.StdOutImpl, mybatis-plus.global-config.db-config.logic-delete-field=del_flag, mybatis-plus.global-config.db-config.logic-delete-value=1, mybatis-plus.global-config.db-config.logic-not-delete-value=0}}]
17:19:44.555 [main] INFO  c.c.s.CmsSystemApplication - [logStartupProfileInfo,638] - The following 1 profile is active: "dev"
17:19:45.515 [main] INFO  o.s.d.r.c.RepositoryConfigurationDelegate - [multipleStoresDetected,262] - Multiple Spring Data modules found, entering strict repository configuration mode
17:19:45.519 [main] INFO  o.s.d.r.c.RepositoryConfigurationDelegate - [registerRepositoriesIn,132] - Bootstrapping Spring Data Redis repositories in DEFAULT mode.
17:19:45.542 [main] INFO  o.s.d.r.c.RepositoryConfigurationDelegate - [registerRepositoriesIn,201] - Finished Spring Data repository scanning in 9 ms. Found 0 Redis repository interfaces.
17:19:45.747 [main] INFO  o.s.c.c.s.GenericScope - [setSerializationId,283] - BeanFactory id=be3f3d72-f416-336a-814b-b2a307ff1bed
17:19:46.005 [main] INFO  o.s.c.s.PostProcessorRegistrationDelegate$BeanPostProcessorChecker - [postProcessAfterInitialization,376] - Bean 'com.cms.common.redis.config.RedisConfig' of type [com.cms.common.redis.config.RedisConfig$$EnhancerBySpringCGLIB$$d4c25065] is not eligible for getting processed by all BeanPostProcessors (for example: not eligible for auto-proxying)
17:19:46.267 [main] INFO  o.s.b.w.e.t.TomcatWebServer - [initialize,108] - Tomcat initialized with port(s): 10240 (http)
17:19:46.275 [main] INFO  o.a.c.h.Http11NioProtocol - [log,173] - Initializing ProtocolHandler ["http-nio-10240"]
17:19:46.276 [main] INFO  o.a.c.c.StandardService - [log,173] - Starting service [Tomcat]
17:19:46.276 [main] INFO  o.a.c.c.StandardEngine - [log,173] - Starting Servlet engine: [Apache Tomcat/9.0.83]
17:19:46.387 [main] INFO  o.a.c.c.C.[.[.[/] - [log,173] - Initializing Spring embedded WebApplicationContext
17:19:46.387 [main] INFO  o.s.b.w.s.c.ServletWebServerApplicationContext - [prepareWebApplicationContext,292] - Root WebApplicationContext: initialization completed in 1809 ms
17:19:47.888 [main] INFO  c.z.h.HikariDataSource - [getConnection,110] - HikariPool-1 - Starting...
17:19:48.313 [main] INFO  c.z.h.HikariDataSource - [getConnection,123] - HikariPool-1 - Start completed.
17:19:49.538 [main] INFO  c.a.c.s.SentinelWebMvcConfigurer - [addInterceptors,52] - [Sentinel Starter] register SentinelWebInterceptor with urlPatterns: [/**].
17:19:50.991 [main] INFO  o.s.c.c.u.InetUtils - [convertAddress,170] - Cannot determine local hostname
17:19:51.419 [main] INFO  o.s.b.a.e.w.EndpointLinksResolver - [<init>,58] - Exposing 1 endpoint(s) beneath base path '/actuator'
17:19:51.847 [main] INFO  o.s.c.o.FeignClientFactoryBean - [getTarget,418] - For 'cms-system' URL not provided. Will try picking an instance via load-balancing.
17:19:53.493 [main] INFO  o.s.c.c.u.InetUtils - [convertAddress,170] - Cannot determine local hostname
17:19:53.655 [main] INFO  o.a.c.h.Http11NioProtocol - [log,173] - Starting ProtocolHandler ["http-nio-10240"]
17:19:53.664 [main] INFO  o.s.b.w.e.t.TomcatWebServer - [start,220] - Tomcat started on port(s): 10240 (http) with context path ''
17:19:53.674 [main] INFO  c.a.n.p.a.s.c.ClientAuthPluginManager - [init,56] - [ClientAuthPluginManager] Load ClientAuthService com.alibaba.nacos.client.auth.impl.NacosClientAuthServiceImpl success.
17:19:53.674 [main] INFO  c.a.n.p.a.s.c.ClientAuthPluginManager - [init,56] - [ClientAuthPluginManager] Load ClientAuthService com.alibaba.nacos.client.auth.ram.RamClientAuthServiceImpl success.
17:19:53.834 [main] INFO  c.a.c.n.r.NacosServiceRegistry - [register,76] - nacos registry, cms-project cms-system 192.168.2.1:10240 register finished
17:19:55.168 [main] INFO  o.s.c.c.u.InetUtils - [convertAddress,170] - Cannot determine local hostname
17:19:55.592 [main] INFO  c.c.s.CmsSystemApplication - [logStarted,61] - Started CmsSystemApplication in 15.931 seconds (JVM running for 16.871)
17:19:55.603 [main] INFO  c.a.c.n.r.NacosContextRefresher - [registerNacosListener,129] - [Nacos Config] Listening config: dataId=cms-system, group=cms-project
17:19:55.603 [main] INFO  c.a.c.n.r.NacosContextRefresher - [registerNacosListener,129] - [Nacos Config] Listening config: dataId=cms-system.yml, group=cms-project
17:19:55.605 [main] INFO  c.a.c.n.r.NacosContextRefresher - [registerNacosListener,129] - [Nacos Config] Listening config: dataId=cms-system-dev.yml, group=cms-project
17:19:55.913 [RMI TCP Connection(4)-192.168.2.1] INFO  o.a.c.c.C.[.[.[/] - [log,173] - Initializing Spring DispatcherServlet 'dispatcherServlet'
17:19:55.913 [RMI TCP Connection(4)-192.168.2.1] INFO  o.s.w.s.DispatcherServlet - [initServletBean,525] - Initializing Servlet 'dispatcherServlet'
17:19:55.915 [RMI TCP Connection(4)-192.168.2.1] INFO  o.s.w.s.DispatcherServlet - [initServletBean,547] - Completed initialization in 2 ms
17:21:46.008 [SpringApplicationShutdownHook] INFO  c.a.c.n.r.NacosServiceRegistry - [deregister,95] - De-registering from Nacos Server now...
17:21:46.022 [SpringApplicationShutdownHook] INFO  c.a.c.n.r.NacosServiceRegistry - [deregister,115] - De-registration finished.
17:21:46.263 [SpringApplicationShutdownHook] INFO  c.z.h.HikariDataSource - [close,350] - HikariPool-1 - Shutdown initiated...
17:21:46.270 [SpringApplicationShutdownHook] INFO  c.z.h.HikariDataSource - [close,352] - HikariPool-1 - Shutdown completed.
17:21:51.978 [main] INFO  c.a.n.c.e.SearchableProperties - [sortPropertySourceDefaultOrder,197] - properties search order:PROPERTIES->JVM->ENV->DEFAULT_SETTING
17:21:52.017 [background-preinit] INFO  o.h.v.i.util.Version - [<clinit>,21] - HV000001: Hibernate Validator 6.2.5.Final
17:21:52.241 [main] INFO  c.a.n.p.a.s.c.ClientAuthPluginManager - [init,56] - [ClientAuthPluginManager] Load ClientAuthService com.alibaba.nacos.client.auth.impl.NacosClientAuthServiceImpl success.
17:21:52.242 [main] INFO  c.a.n.p.a.s.c.ClientAuthPluginManager - [init,56] - [ClientAuthPluginManager] Load ClientAuthService com.alibaba.nacos.client.auth.ram.RamClientAuthServiceImpl success.
17:21:55.105 [main] INFO  o.s.c.b.c.PropertySourceBootstrapConfiguration - [doInitialize,134] - Located property source: [BootstrapPropertySource@1703358554 {name='bootstrapProperties-cms-system-dev.yml,cms-project', properties={server.port=10240, spring.redis.host=192.168.211.200, spring.redis.port=6379, spring.datasource.driver-class-name=com.mysql.cj.jdbc.Driver, spring.datasource.url=jdbc:mysql://192.168.211.200:3306/cms-plus?useUnicode=true&characterEncoding=utf8&zeroDateTimeBehavior=convertToNull&useSSL=true&serverTimezone=GMT%2B8, spring.datasource.username=root, spring.datasource.password=root, swagger.title=系统模块接口文档, swagger.name=邓志军, swagger.description=系统模块接口文档, swagger.Contact.name=邓志军}}, BootstrapPropertySource@180084736 {name='bootstrapProperties-cms-system.yml,cms-project', properties={}}, BootstrapPropertySource@1065443868 {name='bootstrapProperties-cms-system,cms-project', properties={}}, BootstrapPropertySource@1536465406 {name='bootstrapProperties-application-dev.yml,cms-project', properties={spring.autoconfigure.exclude=com.alibaba.druid.spring.boot.autoconfigure.DruidDataSourceAutoConfigure, spring.mvc.pathmatch.matching-strategy=ant_path_matcher, spring.jackson.default-property-inclusion=non_null, mybatis-plus.mapper-locations=classpath*:mapper/**/*.xml, mybatis-plus.configuration.log-impl=org.apache.ibatis.logging.stdout.StdOutImpl, mybatis-plus.global-config.db-config.logic-delete-field=del_flag, mybatis-plus.global-config.db-config.logic-delete-value=1, mybatis-plus.global-config.db-config.logic-not-delete-value=0}}]
17:21:55.114 [main] INFO  c.c.s.CmsSystemApplication - [logStartupProfileInfo,638] - The following 1 profile is active: "dev"
17:21:55.961 [main] INFO  o.s.d.r.c.RepositoryConfigurationDelegate - [multipleStoresDetected,262] - Multiple Spring Data modules found, entering strict repository configuration mode
17:21:55.963 [main] INFO  o.s.d.r.c.RepositoryConfigurationDelegate - [registerRepositoriesIn,132] - Bootstrapping Spring Data Redis repositories in DEFAULT mode.
17:21:55.985 [main] INFO  o.s.d.r.c.RepositoryConfigurationDelegate - [registerRepositoriesIn,201] - Finished Spring Data repository scanning in 9 ms. Found 0 Redis repository interfaces.
17:21:56.177 [main] INFO  o.s.c.c.s.GenericScope - [setSerializationId,283] - BeanFactory id=be3f3d72-f416-336a-814b-b2a307ff1bed
17:21:56.406 [main] INFO  o.s.c.s.PostProcessorRegistrationDelegate$BeanPostProcessorChecker - [postProcessAfterInitialization,376] - Bean 'com.cms.common.redis.config.RedisConfig' of type [com.cms.common.redis.config.RedisConfig$$EnhancerBySpringCGLIB$$de526bc9] is not eligible for getting processed by all BeanPostProcessors (for example: not eligible for auto-proxying)
17:21:56.646 [main] INFO  o.s.b.w.e.t.TomcatWebServer - [initialize,108] - Tomcat initialized with port(s): 10240 (http)
17:21:56.653 [main] INFO  o.a.c.h.Http11NioProtocol - [log,173] - Initializing ProtocolHandler ["http-nio-10240"]
17:21:56.654 [main] INFO  o.a.c.c.StandardService - [log,173] - Starting service [Tomcat]
17:21:56.654 [main] INFO  o.a.c.c.StandardEngine - [log,173] - Starting Servlet engine: [Apache Tomcat/9.0.83]
17:21:56.758 [main] INFO  o.a.c.c.C.[.[.[/] - [log,173] - Initializing Spring embedded WebApplicationContext
17:21:56.759 [main] INFO  o.s.b.w.s.c.ServletWebServerApplicationContext - [prepareWebApplicationContext,292] - Root WebApplicationContext: initialization completed in 1627 ms
17:21:58.222 [main] INFO  c.z.h.HikariDataSource - [getConnection,110] - HikariPool-1 - Starting...
17:21:58.631 [main] INFO  c.z.h.HikariDataSource - [getConnection,123] - HikariPool-1 - Start completed.
17:21:59.786 [main] INFO  c.a.c.s.SentinelWebMvcConfigurer - [addInterceptors,52] - [Sentinel Starter] register SentinelWebInterceptor with urlPatterns: [/**].
17:22:01.232 [main] INFO  o.s.c.c.u.InetUtils - [convertAddress,170] - Cannot determine local hostname
17:22:01.660 [main] INFO  o.s.b.a.e.w.EndpointLinksResolver - [<init>,58] - Exposing 1 endpoint(s) beneath base path '/actuator'
17:22:02.103 [main] INFO  o.s.c.o.FeignClientFactoryBean - [getTarget,418] - For 'cms-system' URL not provided. Will try picking an instance via load-balancing.
17:22:03.785 [main] INFO  o.s.c.c.u.InetUtils - [convertAddress,170] - Cannot determine local hostname
17:22:03.916 [main] INFO  o.a.c.h.Http11NioProtocol - [log,173] - Starting ProtocolHandler ["http-nio-10240"]
17:22:03.927 [main] INFO  o.s.b.w.e.t.TomcatWebServer - [start,220] - Tomcat started on port(s): 10240 (http) with context path ''
17:22:03.937 [main] INFO  c.a.n.p.a.s.c.ClientAuthPluginManager - [init,56] - [ClientAuthPluginManager] Load ClientAuthService com.alibaba.nacos.client.auth.impl.NacosClientAuthServiceImpl success.
17:22:03.937 [main] INFO  c.a.n.p.a.s.c.ClientAuthPluginManager - [init,56] - [ClientAuthPluginManager] Load ClientAuthService com.alibaba.nacos.client.auth.ram.RamClientAuthServiceImpl success.
17:22:04.155 [main] INFO  c.a.c.n.r.NacosServiceRegistry - [register,76] - nacos registry, cms-project cms-system 192.168.2.1:10240 register finished
17:22:05.478 [main] INFO  o.s.c.c.u.InetUtils - [convertAddress,170] - Cannot determine local hostname
17:22:05.901 [main] INFO  c.c.s.CmsSystemApplication - [logStarted,61] - Started CmsSystemApplication in 15.497 seconds (JVM running for 16.346)
17:22:05.913 [main] INFO  c.a.c.n.r.NacosContextRefresher - [registerNacosListener,129] - [Nacos Config] Listening config: dataId=cms-system, group=cms-project
17:22:05.913 [main] INFO  c.a.c.n.r.NacosContextRefresher - [registerNacosListener,129] - [Nacos Config] Listening config: dataId=cms-system.yml, group=cms-project
17:22:05.913 [main] INFO  c.a.c.n.r.NacosContextRefresher - [registerNacosListener,129] - [Nacos Config] Listening config: dataId=cms-system-dev.yml, group=cms-project
17:22:06.494 [RMI TCP Connection(5)-192.168.2.1] INFO  o.a.c.c.C.[.[.[/] - [log,173] - Initializing Spring DispatcherServlet 'dispatcherServlet'
17:22:06.494 [RMI TCP Connection(5)-192.168.2.1] INFO  o.s.w.s.DispatcherServlet - [initServletBean,525] - Initializing Servlet 'dispatcherServlet'
17:22:06.496 [RMI TCP Connection(5)-192.168.2.1] INFO  o.s.w.s.DispatcherServlet - [initServletBean,547] - Completed initialization in 2 ms
17:37:09.265 [SpringApplicationShutdownHook] INFO  c.a.c.n.r.NacosServiceRegistry - [deregister,95] - De-registering from Nacos Server now...
17:37:09.286 [SpringApplicationShutdownHook] INFO  c.a.c.n.r.NacosServiceRegistry - [deregister,115] - De-registration finished.
17:37:09.414 [SpringApplicationShutdownHook] INFO  c.z.h.HikariDataSource - [close,350] - HikariPool-1 - Shutdown initiated...
17:37:09.420 [SpringApplicationShutdownHook] INFO  c.z.h.HikariDataSource - [close,352] - HikariPool-1 - Shutdown completed.
17:37:15.330 [main] INFO  c.a.n.c.e.SearchableProperties - [sortPropertySourceDefaultOrder,197] - properties search order:PROPERTIES->JVM->ENV->DEFAULT_SETTING
17:37:15.370 [background-preinit] INFO  o.h.v.i.util.Version - [<clinit>,21] - HV000001: Hibernate Validator 6.2.5.Final
17:37:15.598 [main] INFO  c.a.n.p.a.s.c.ClientAuthPluginManager - [init,56] - [ClientAuthPluginManager] Load ClientAuthService com.alibaba.nacos.client.auth.impl.NacosClientAuthServiceImpl success.
17:37:15.599 [main] INFO  c.a.n.p.a.s.c.ClientAuthPluginManager - [init,56] - [ClientAuthPluginManager] Load ClientAuthService com.alibaba.nacos.client.auth.ram.RamClientAuthServiceImpl success.
17:37:18.679 [main] INFO  o.s.c.b.c.PropertySourceBootstrapConfiguration - [doInitialize,134] - Located property source: [BootstrapPropertySource@1498259207 {name='bootstrapProperties-cms-system-dev.yml,cms-project', properties={server.port=10240, spring.redis.host=192.168.211.200, spring.redis.port=6379, spring.datasource.driver-class-name=com.mysql.cj.jdbc.Driver, spring.datasource.url=jdbc:mysql://192.168.211.200:3306/cms-plus?useUnicode=true&characterEncoding=utf8&zeroDateTimeBehavior=convertToNull&useSSL=true&serverTimezone=GMT%2B8, spring.datasource.username=root, spring.datasource.password=root, swagger.title=系统模块接口文档, swagger.name=邓志军, swagger.description=系统模块接口文档, swagger.Contact.name=邓志军}}, BootstrapPropertySource@1542437569 {name='bootstrapProperties-cms-system.yml,cms-project', properties={}}, BootstrapPropertySource@99219259 {name='bootstrapProperties-cms-system,cms-project', properties={}}, BootstrapPropertySource@441867003 {name='bootstrapProperties-application-dev.yml,cms-project', properties={spring.autoconfigure.exclude=com.alibaba.druid.spring.boot.autoconfigure.DruidDataSourceAutoConfigure, spring.mvc.pathmatch.matching-strategy=ant_path_matcher, spring.jackson.default-property-inclusion=non_null, mybatis-plus.mapper-locations=classpath*:mapper/**/*.xml, mybatis-plus.configuration.log-impl=org.apache.ibatis.logging.stdout.StdOutImpl, mybatis-plus.global-config.db-config.logic-delete-field=del_flag, mybatis-plus.global-config.db-config.logic-delete-value=1, mybatis-plus.global-config.db-config.logic-not-delete-value=0}}]
17:37:18.688 [main] INFO  c.c.s.CmsSystemApplication - [logStartupProfileInfo,638] - The following 1 profile is active: "dev"
17:37:19.563 [main] INFO  o.s.d.r.c.RepositoryConfigurationDelegate - [multipleStoresDetected,262] - Multiple Spring Data modules found, entering strict repository configuration mode
17:37:19.565 [main] INFO  o.s.d.r.c.RepositoryConfigurationDelegate - [registerRepositoriesIn,132] - Bootstrapping Spring Data Redis repositories in DEFAULT mode.
17:37:19.589 [main] INFO  o.s.d.r.c.RepositoryConfigurationDelegate - [registerRepositoriesIn,201] - Finished Spring Data repository scanning in 10 ms. Found 0 Redis repository interfaces.
17:37:19.788 [main] INFO  o.s.c.c.s.GenericScope - [setSerializationId,283] - BeanFactory id=be3f3d72-f416-336a-814b-b2a307ff1bed
17:37:20.012 [main] INFO  o.s.c.s.PostProcessorRegistrationDelegate$BeanPostProcessorChecker - [postProcessAfterInitialization,376] - Bean 'com.cms.common.redis.config.RedisConfig' of type [com.cms.common.redis.config.RedisConfig$$EnhancerBySpringCGLIB$$aa9fdd64] is not eligible for getting processed by all BeanPostProcessors (for example: not eligible for auto-proxying)
17:37:20.266 [main] INFO  o.s.b.w.e.t.TomcatWebServer - [initialize,108] - Tomcat initialized with port(s): 10240 (http)
17:37:20.273 [main] INFO  o.a.c.h.Http11NioProtocol - [log,173] - Initializing ProtocolHandler ["http-nio-10240"]
17:37:20.274 [main] INFO  o.a.c.c.StandardService - [log,173] - Starting service [Tomcat]
17:37:20.274 [main] INFO  o.a.c.c.StandardEngine - [log,173] - Starting Servlet engine: [Apache Tomcat/9.0.83]
17:37:20.391 [main] INFO  o.a.c.c.C.[.[.[/] - [log,173] - Initializing Spring embedded WebApplicationContext
17:37:20.391 [main] INFO  o.s.b.w.s.c.ServletWebServerApplicationContext - [prepareWebApplicationContext,292] - Root WebApplicationContext: initialization completed in 1684 ms
17:37:21.835 [main] INFO  c.z.h.HikariDataSource - [getConnection,110] - HikariPool-1 - Starting...
17:37:22.248 [main] INFO  c.z.h.HikariDataSource - [getConnection,123] - HikariPool-1 - Start completed.
17:37:23.440 [main] INFO  c.a.c.s.SentinelWebMvcConfigurer - [addInterceptors,52] - [Sentinel Starter] register SentinelWebInterceptor with urlPatterns: [/**].
17:37:24.903 [main] INFO  o.s.c.c.u.InetUtils - [convertAddress,170] - Cannot determine local hostname
17:37:25.338 [main] INFO  o.s.b.a.e.w.EndpointLinksResolver - [<init>,58] - Exposing 1 endpoint(s) beneath base path '/actuator'
17:37:25.790 [main] INFO  o.s.c.o.FeignClientFactoryBean - [getTarget,418] - For 'cms-system' URL not provided. Will try picking an instance via load-balancing.
17:37:27.489 [main] INFO  o.s.c.c.u.InetUtils - [convertAddress,170] - Cannot determine local hostname
17:37:27.620 [main] INFO  o.a.c.h.Http11NioProtocol - [log,173] - Starting ProtocolHandler ["http-nio-10240"]
17:37:27.629 [main] INFO  o.s.b.w.e.t.TomcatWebServer - [start,220] - Tomcat started on port(s): 10240 (http) with context path ''
17:37:27.640 [main] INFO  c.a.n.p.a.s.c.ClientAuthPluginManager - [init,56] - [ClientAuthPluginManager] Load ClientAuthService com.alibaba.nacos.client.auth.impl.NacosClientAuthServiceImpl success.
17:37:27.640 [main] INFO  c.a.n.p.a.s.c.ClientAuthPluginManager - [init,56] - [ClientAuthPluginManager] Load ClientAuthService com.alibaba.nacos.client.auth.ram.RamClientAuthServiceImpl success.
17:37:27.796 [main] INFO  c.a.c.n.r.NacosServiceRegistry - [register,76] - nacos registry, cms-project cms-system 192.168.2.1:10240 register finished
17:37:29.120 [main] INFO  o.s.c.c.u.InetUtils - [convertAddress,170] - Cannot determine local hostname
17:37:29.557 [main] INFO  c.c.s.CmsSystemApplication - [logStarted,61] - Started CmsSystemApplication in 15.796 seconds (JVM running for 16.649)
17:37:29.570 [main] INFO  c.a.c.n.r.NacosContextRefresher - [registerNacosListener,129] - [Nacos Config] Listening config: dataId=cms-system, group=cms-project
17:37:29.570 [main] INFO  c.a.c.n.r.NacosContextRefresher - [registerNacosListener,129] - [Nacos Config] Listening config: dataId=cms-system.yml, group=cms-project
17:37:29.570 [main] INFO  c.a.c.n.r.NacosContextRefresher - [registerNacosListener,129] - [Nacos Config] Listening config: dataId=cms-system-dev.yml, group=cms-project
17:37:29.941 [RMI TCP Connection(1)-192.168.2.1] INFO  o.a.c.c.C.[.[.[/] - [log,173] - Initializing Spring DispatcherServlet 'dispatcherServlet'
17:37:29.941 [RMI TCP Connection(1)-192.168.2.1] INFO  o.s.w.s.DispatcherServlet - [initServletBean,525] - Initializing Servlet 'dispatcherServlet'
17:37:29.944 [RMI TCP Connection(1)-192.168.2.1] INFO  o.s.w.s.DispatcherServlet - [initServletBean,547] - Completed initialization in 3 ms
17:41:13.554 [SpringApplicationShutdownHook] INFO  c.a.c.n.r.NacosServiceRegistry - [deregister,95] - De-registering from Nacos Server now...
17:41:13.563 [SpringApplicationShutdownHook] INFO  c.a.c.n.r.NacosServiceRegistry - [deregister,115] - De-registration finished.
17:41:13.791 [SpringApplicationShutdownHook] INFO  c.z.h.HikariDataSource - [close,350] - HikariPool-1 - Shutdown initiated...
17:41:13.799 [SpringApplicationShutdownHook] INFO  c.z.h.HikariDataSource - [close,352] - HikariPool-1 - Shutdown completed.
17:41:19.437 [main] INFO  c.a.n.c.e.SearchableProperties - [sortPropertySourceDefaultOrder,197] - properties search order:PROPERTIES->JVM->ENV->DEFAULT_SETTING
17:41:19.478 [background-preinit] INFO  o.h.v.i.util.Version - [<clinit>,21] - HV000001: Hibernate Validator 6.2.5.Final
17:41:19.701 [main] INFO  c.a.n.p.a.s.c.ClientAuthPluginManager - [init,56] - [ClientAuthPluginManager] Load ClientAuthService com.alibaba.nacos.client.auth.impl.NacosClientAuthServiceImpl success.
17:41:19.701 [main] INFO  c.a.n.p.a.s.c.ClientAuthPluginManager - [init,56] - [ClientAuthPluginManager] Load ClientAuthService com.alibaba.nacos.client.auth.ram.RamClientAuthServiceImpl success.
17:41:22.592 [main] INFO  o.s.c.b.c.PropertySourceBootstrapConfiguration - [doInitialize,134] - Located property source: [BootstrapPropertySource@779179975 {name='bootstrapProperties-cms-system-dev.yml,cms-project', properties={server.port=10240, spring.redis.host=192.168.211.200, spring.redis.port=6379, spring.datasource.driver-class-name=com.mysql.cj.jdbc.Driver, spring.datasource.url=jdbc:mysql://192.168.211.200:3306/cms-plus?useUnicode=true&characterEncoding=utf8&zeroDateTimeBehavior=convertToNull&useSSL=true&serverTimezone=GMT%2B8, spring.datasource.username=root, spring.datasource.password=root, swagger.title=系统模块接口文档, swagger.name=邓志军, swagger.description=系统模块接口文档, swagger.Contact.name=邓志军}}, BootstrapPropertySource@709091500 {name='bootstrapProperties-cms-system.yml,cms-project', properties={}}, BootstrapPropertySource@584694804 {name='bootstrapProperties-cms-system,cms-project', properties={}}, BootstrapPropertySource@879706537 {name='bootstrapProperties-application-dev.yml,cms-project', properties={spring.autoconfigure.exclude=com.alibaba.druid.spring.boot.autoconfigure.DruidDataSourceAutoConfigure, spring.mvc.pathmatch.matching-strategy=ant_path_matcher, spring.jackson.default-property-inclusion=non_null, mybatis-plus.mapper-locations=classpath*:mapper/**/*.xml, mybatis-plus.configuration.log-impl=org.apache.ibatis.logging.stdout.StdOutImpl, mybatis-plus.global-config.db-config.logic-delete-field=del_flag, mybatis-plus.global-config.db-config.logic-delete-value=1, mybatis-plus.global-config.db-config.logic-not-delete-value=0}}]
17:41:22.601 [main] INFO  c.c.s.CmsSystemApplication - [logStartupProfileInfo,638] - The following 1 profile is active: "dev"
17:41:23.445 [main] INFO  o.s.d.r.c.RepositoryConfigurationDelegate - [multipleStoresDetected,262] - Multiple Spring Data modules found, entering strict repository configuration mode
17:41:23.447 [main] INFO  o.s.d.r.c.RepositoryConfigurationDelegate - [registerRepositoriesIn,132] - Bootstrapping Spring Data Redis repositories in DEFAULT mode.
17:41:23.469 [main] INFO  o.s.d.r.c.RepositoryConfigurationDelegate - [registerRepositoriesIn,201] - Finished Spring Data repository scanning in 8 ms. Found 0 Redis repository interfaces.
17:41:23.660 [main] INFO  o.s.c.c.s.GenericScope - [setSerializationId,283] - BeanFactory id=be3f3d72-f416-336a-814b-b2a307ff1bed
17:41:23.884 [main] INFO  o.s.c.s.PostProcessorRegistrationDelegate$BeanPostProcessorChecker - [postProcessAfterInitialization,376] - Bean 'com.cms.common.redis.config.RedisConfig' of type [com.cms.common.redis.config.RedisConfig$$EnhancerBySpringCGLIB$$486ede69] is not eligible for getting processed by all BeanPostProcessors (for example: not eligible for auto-proxying)
17:41:24.138 [main] INFO  o.s.b.w.e.t.TomcatWebServer - [initialize,108] - Tomcat initialized with port(s): 10240 (http)
17:41:24.146 [main] INFO  o.a.c.h.Http11NioProtocol - [log,173] - Initializing ProtocolHandler ["http-nio-10240"]
17:41:24.147 [main] INFO  o.a.c.c.StandardService - [log,173] - Starting service [Tomcat]
17:41:24.147 [main] INFO  o.a.c.c.StandardEngine - [log,173] - Starting Servlet engine: [Apache Tomcat/9.0.83]
17:41:24.253 [main] INFO  o.a.c.c.C.[.[.[/] - [log,173] - Initializing Spring embedded WebApplicationContext
17:41:24.253 [main] INFO  o.s.b.w.s.c.ServletWebServerApplicationContext - [prepareWebApplicationContext,292] - Root WebApplicationContext: initialization completed in 1634 ms
17:41:25.695 [main] INFO  c.z.h.HikariDataSource - [getConnection,110] - HikariPool-1 - Starting...
17:41:26.097 [main] INFO  c.z.h.HikariDataSource - [getConnection,123] - HikariPool-1 - Start completed.
17:41:27.263 [main] INFO  c.a.c.s.SentinelWebMvcConfigurer - [addInterceptors,52] - [Sentinel Starter] register SentinelWebInterceptor with urlPatterns: [/**].
17:41:28.724 [main] INFO  o.s.c.c.u.InetUtils - [convertAddress,170] - Cannot determine local hostname
17:41:29.144 [main] INFO  o.s.b.a.e.w.EndpointLinksResolver - [<init>,58] - Exposing 1 endpoint(s) beneath base path '/actuator'
17:41:29.562 [main] INFO  o.s.c.o.FeignClientFactoryBean - [getTarget,418] - For 'cms-system' URL not provided. Will try picking an instance via load-balancing.
17:41:31.202 [main] INFO  o.s.c.c.u.InetUtils - [convertAddress,170] - Cannot determine local hostname
17:41:31.328 [main] INFO  o.a.c.h.Http11NioProtocol - [log,173] - Starting ProtocolHandler ["http-nio-10240"]
17:41:31.336 [main] INFO  o.s.b.w.e.t.TomcatWebServer - [start,220] - Tomcat started on port(s): 10240 (http) with context path ''
17:41:31.346 [main] INFO  c.a.n.p.a.s.c.ClientAuthPluginManager - [init,56] - [ClientAuthPluginManager] Load ClientAuthService com.alibaba.nacos.client.auth.impl.NacosClientAuthServiceImpl success.
17:41:31.346 [main] INFO  c.a.n.p.a.s.c.ClientAuthPluginManager - [init,56] - [ClientAuthPluginManager] Load ClientAuthService com.alibaba.nacos.client.auth.ram.RamClientAuthServiceImpl success.
17:41:31.502 [main] INFO  c.a.c.n.r.NacosServiceRegistry - [register,76] - nacos registry, cms-project cms-system 192.168.2.1:10240 register finished
17:41:32.824 [main] INFO  o.s.c.c.u.InetUtils - [convertAddress,170] - Cannot determine local hostname
17:41:33.250 [main] INFO  c.c.s.CmsSystemApplication - [logStarted,61] - Started CmsSystemApplication in 15.382 seconds (JVM running for 16.221)
17:41:33.261 [main] INFO  c.a.c.n.r.NacosContextRefresher - [registerNacosListener,129] - [Nacos Config] Listening config: dataId=cms-system, group=cms-project
17:41:33.261 [main] INFO  c.a.c.n.r.NacosContextRefresher - [registerNacosListener,129] - [Nacos Config] Listening config: dataId=cms-system.yml, group=cms-project
17:41:33.262 [main] INFO  c.a.c.n.r.NacosContextRefresher - [registerNacosListener,129] - [Nacos Config] Listening config: dataId=cms-system-dev.yml, group=cms-project
17:41:33.728 [RMI TCP Connection(2)-192.168.2.1] INFO  o.a.c.c.C.[.[.[/] - [log,173] - Initializing Spring DispatcherServlet 'dispatcherServlet'
17:41:33.728 [RMI TCP Connection(2)-192.168.2.1] INFO  o.s.w.s.DispatcherServlet - [initServletBean,525] - Initializing Servlet 'dispatcherServlet'
17:41:33.730 [RMI TCP Connection(2)-192.168.2.1] INFO  o.s.w.s.DispatcherServlet - [initServletBean,547] - Completed initialization in 2 ms
20:23:51.777 [lettuce-nioEventLoop-4-1] INFO  i.l.c.p.CommandHandler - [log,217] - null Unexpected exception during request: java.io.IOException: 远程主机强迫关闭了一个现有的连接。
java.io.IOException: 远程主机强迫关闭了一个现有的连接。
	at sun.nio.ch.SocketDispatcher.read0(Native Method)
	at sun.nio.ch.SocketDispatcher.read(SocketDispatcher.java:43)
	at sun.nio.ch.IOUtil.readIntoNativeBuffer(IOUtil.java:223)
	at sun.nio.ch.IOUtil.read(IOUtil.java:192)
	at sun.nio.ch.SocketChannelImpl.read(SocketChannelImpl.java:380)
	at io.netty.buffer.PooledByteBuf.setBytes(PooledByteBuf.java:254)
	at io.netty.buffer.AbstractByteBuf.writeBytes(AbstractByteBuf.java:1132)
	at io.netty.channel.socket.nio.NioSocketChannel.doReadBytes(NioSocketChannel.java:357)
	at io.netty.channel.nio.AbstractNioByteChannel$NioByteUnsafe.read(AbstractNioByteChannel.java:151)
	at io.netty.channel.nio.NioEventLoop.processSelectedKey(NioEventLoop.java:788)
	at io.netty.channel.nio.NioEventLoop.processSelectedKeysOptimized(NioEventLoop.java:724)
	at io.netty.channel.nio.NioEventLoop.processSelectedKeys(NioEventLoop.java:650)
	at io.netty.channel.nio.NioEventLoop.run(NioEventLoop.java:562)
	at io.netty.util.concurrent.SingleThreadEventExecutor$4.run(SingleThreadEventExecutor.java:997)
	at io.netty.util.internal.ThreadExecutorMap$2.run(ThreadExecutorMap.java:74)
	at io.netty.util.concurrent.FastThreadLocalRunnable.run(FastThreadLocalRunnable.java:30)
	at java.lang.Thread.run(Thread.java:748)
20:23:51.777 [lettuce-nioEventLoop-4-2] INFO  i.l.c.p.CommandHandler - [log,217] - null Unexpected exception during request: java.io.IOException: 远程主机强迫关闭了一个现有的连接。
java.io.IOException: 远程主机强迫关闭了一个现有的连接。
	at sun.nio.ch.SocketDispatcher.read0(Native Method)
	at sun.nio.ch.SocketDispatcher.read(SocketDispatcher.java:43)
	at sun.nio.ch.IOUtil.readIntoNativeBuffer(IOUtil.java:223)
	at sun.nio.ch.IOUtil.read(IOUtil.java:192)
	at sun.nio.ch.SocketChannelImpl.read(SocketChannelImpl.java:380)
	at io.netty.buffer.PooledByteBuf.setBytes(PooledByteBuf.java:254)
	at io.netty.buffer.AbstractByteBuf.writeBytes(AbstractByteBuf.java:1132)
	at io.netty.channel.socket.nio.NioSocketChannel.doReadBytes(NioSocketChannel.java:357)
	at io.netty.channel.nio.AbstractNioByteChannel$NioByteUnsafe.read(AbstractNioByteChannel.java:151)
	at io.netty.channel.nio.NioEventLoop.processSelectedKey(NioEventLoop.java:788)
	at io.netty.channel.nio.NioEventLoop.processSelectedKeysOptimized(NioEventLoop.java:724)
	at io.netty.channel.nio.NioEventLoop.processSelectedKeys(NioEventLoop.java:650)
	at io.netty.channel.nio.NioEventLoop.run(NioEventLoop.java:562)
	at io.netty.util.concurrent.SingleThreadEventExecutor$4.run(SingleThreadEventExecutor.java:997)
	at io.netty.util.internal.ThreadExecutorMap$2.run(ThreadExecutorMap.java:74)
	at io.netty.util.concurrent.FastThreadLocalRunnable.run(FastThreadLocalRunnable.java:30)
	at java.lang.Thread.run(Thread.java:748)
20:23:51.812 [lettuce-eventExecutorLoop-1-15] INFO  i.l.c.p.ConnectionWatchdog - [log,171] - Reconnecting, last destination was /192.168.211.200:6379
20:23:51.812 [lettuce-eventExecutorLoop-1-14] INFO  i.l.c.p.ConnectionWatchdog - [log,171] - Reconnecting, last destination was /192.168.211.200:6379
20:24:00.810 [lettuce-eventExecutorLoop-1-18] INFO  i.l.c.p.ConnectionWatchdog - [log,171] - Reconnecting, last destination was 192.168.211.200:6379
20:24:00.810 [lettuce-eventExecutorLoop-1-19] INFO  i.l.c.p.ConnectionWatchdog - [log,171] - Reconnecting, last destination was 192.168.211.200:6379
20:24:09.013 [lettuce-eventExecutorLoop-1-20] INFO  i.l.c.p.ConnectionWatchdog - [log,171] - Reconnecting, last destination was 192.168.211.200:6379
20:24:09.013 [lettuce-eventExecutorLoop-1-1] INFO  i.l.c.p.ConnectionWatchdog - [log,171] - Reconnecting, last destination was 192.168.211.200:6379
20:24:25.411 [lettuce-eventExecutorLoop-1-3] INFO  i.l.c.p.ConnectionWatchdog - [log,171] - Reconnecting, last destination was 192.168.211.200:6379
20:24:25.411 [lettuce-eventExecutorLoop-1-2] INFO  i.l.c.p.ConnectionWatchdog - [log,171] - Reconnecting, last destination was 192.168.211.200:6379
20:24:25.416 [lettuce-nioEventLoop-4-12] INFO  i.l.c.p.ReconnectionHandler - [lambda$null$3,174] - Reconnected to 192.168.211.200:6379
20:24:25.417 [lettuce-nioEventLoop-4-11] INFO  i.l.c.p.ReconnectionHandler - [lambda$null$3,174] - Reconnected to 192.168.211.200:6379
20:24:29.947 [lettuce-nioEventLoop-4-11] INFO  i.l.c.p.CommandHandler - [log,217] - null Unexpected exception during request: java.io.IOException: 远程主机强迫关闭了一个现有的连接。
java.io.IOException: 远程主机强迫关闭了一个现有的连接。
	at sun.nio.ch.SocketDispatcher.read0(Native Method)
	at sun.nio.ch.SocketDispatcher.read(SocketDispatcher.java:43)
	at sun.nio.ch.IOUtil.readIntoNativeBuffer(IOUtil.java:223)
	at sun.nio.ch.IOUtil.read(IOUtil.java:192)
	at sun.nio.ch.SocketChannelImpl.read(SocketChannelImpl.java:380)
	at io.netty.buffer.PooledByteBuf.setBytes(PooledByteBuf.java:254)
	at io.netty.buffer.AbstractByteBuf.writeBytes(AbstractByteBuf.java:1132)
	at io.netty.channel.socket.nio.NioSocketChannel.doReadBytes(NioSocketChannel.java:357)
	at io.netty.channel.nio.AbstractNioByteChannel$NioByteUnsafe.read(AbstractNioByteChannel.java:151)
	at io.netty.channel.nio.NioEventLoop.processSelectedKey(NioEventLoop.java:788)
	at io.netty.channel.nio.NioEventLoop.processSelectedKeysOptimized(NioEventLoop.java:724)
	at io.netty.channel.nio.NioEventLoop.processSelectedKeys(NioEventLoop.java:650)
	at io.netty.channel.nio.NioEventLoop.run(NioEventLoop.java:562)
	at io.netty.util.concurrent.SingleThreadEventExecutor$4.run(SingleThreadEventExecutor.java:997)
	at io.netty.util.internal.ThreadExecutorMap$2.run(ThreadExecutorMap.java:74)
	at io.netty.util.concurrent.FastThreadLocalRunnable.run(FastThreadLocalRunnable.java:30)
	at java.lang.Thread.run(Thread.java:748)
20:24:29.947 [lettuce-nioEventLoop-4-12] INFO  i.l.c.p.CommandHandler - [log,217] - null Unexpected exception during request: java.io.IOException: 远程主机强迫关闭了一个现有的连接。
java.io.IOException: 远程主机强迫关闭了一个现有的连接。
	at sun.nio.ch.SocketDispatcher.read0(Native Method)
	at sun.nio.ch.SocketDispatcher.read(SocketDispatcher.java:43)
	at sun.nio.ch.IOUtil.readIntoNativeBuffer(IOUtil.java:223)
	at sun.nio.ch.IOUtil.read(IOUtil.java:192)
	at sun.nio.ch.SocketChannelImpl.read(SocketChannelImpl.java:380)
	at io.netty.buffer.PooledByteBuf.setBytes(PooledByteBuf.java:254)
	at io.netty.buffer.AbstractByteBuf.writeBytes(AbstractByteBuf.java:1132)
	at io.netty.channel.socket.nio.NioSocketChannel.doReadBytes(NioSocketChannel.java:357)
	at io.netty.channel.nio.AbstractNioByteChannel$NioByteUnsafe.read(AbstractNioByteChannel.java:151)
	at io.netty.channel.nio.NioEventLoop.processSelectedKey(NioEventLoop.java:788)
	at io.netty.channel.nio.NioEventLoop.processSelectedKeysOptimized(NioEventLoop.java:724)
	at io.netty.channel.nio.NioEventLoop.processSelectedKeys(NioEventLoop.java:650)
	at io.netty.channel.nio.NioEventLoop.run(NioEventLoop.java:562)
	at io.netty.util.concurrent.SingleThreadEventExecutor$4.run(SingleThreadEventExecutor.java:997)
	at io.netty.util.internal.ThreadExecutorMap$2.run(ThreadExecutorMap.java:74)
	at io.netty.util.concurrent.FastThreadLocalRunnable.run(FastThreadLocalRunnable.java:30)
	at java.lang.Thread.run(Thread.java:748)
20:24:30.017 [lettuce-nioEventLoop-4-13] INFO  i.l.c.p.ReconnectionHandler - [lambda$null$3,174] - Reconnected to 192.168.211.200:6379
20:24:30.017 [lettuce-nioEventLoop-4-14] INFO  i.l.c.p.ReconnectionHandler - [lambda$null$3,174] - Reconnected to 192.168.211.200:6379
22:28:03.568 [SpringApplicationShutdownHook] INFO  c.a.c.n.r.NacosServiceRegistry - [deregister,95] - De-registering from Nacos Server now...
22:28:03.583 [SpringApplicationShutdownHook] INFO  c.a.c.n.r.NacosServiceRegistry - [deregister,115] - De-registration finished.
22:28:03.740 [SpringApplicationShutdownHook] INFO  c.z.h.HikariDataSource - [close,350] - HikariPool-1 - Shutdown initiated...
22:28:03.747 [SpringApplicationShutdownHook] INFO  c.z.h.HikariDataSource - [close,352] - HikariPool-1 - Shutdown completed.
