14:23:21.499 [main] INFO  c.a.n.c.e.SearchableProperties - [sortPropertySourceDefaultOrder,197] - properties search order:PROPERTIES->JVM->ENV->DEFAULT_SETTING
14:23:21.583 [background-preinit] INFO  o.h.v.i.util.Version - [<clinit>,21] - HV000001: Hibernate Validator 6.2.5.Final
14:23:22.017 [main] INFO  c.a.n.p.a.s.c.ClientAuthPluginManager - [init,56] - [ClientAuthPluginManager] Load ClientAuthService com.alibaba.nacos.client.auth.impl.NacosClientAuthServiceImpl success.
14:23:22.018 [main] INFO  c.a.n.p.a.s.c.ClientAuthPluginManager - [init,56] - [ClientAuthPluginManager] Load ClientAuthService com.alibaba.nacos.client.auth.ram.RamClientAuthServiceImpl success.
14:23:33.882 [main] INFO  o.s.c.b.c.PropertySourceBootstrapConfiguration - [doInitialize,134] - Located property source: [BootstrapPropertySource@173440626 {name='bootstrapProperties-cms-system-dev.yml,cms-project', properties={}}, BootstrapPropertySource@442205321 {name='bootstrapProperties-cms-system.yml,cms-project', properties={}}, BootstrapPropertySource@1871678080 {name='bootstrapProperties-cms-system,cms-project', properties={}}, BootstrapPropertySource@1260127127 {name='bootstrapProperties-application-dev.yml,cms-project', properties={}}]
14:23:33.900 [main] INFO  c.c.s.CmsSystemApplication - [logStartupProfileInfo,638] - The following 1 profile is active: "dev"
14:23:37.199 [main] INFO  o.s.d.r.c.RepositoryConfigurationDelegate - [multipleStoresDetected,262] - Multiple Spring Data modules found, entering strict repository configuration mode
14:23:37.203 [main] INFO  o.s.d.r.c.RepositoryConfigurationDelegate - [registerRepositoriesIn,132] - Bootstrapping Spring Data Redis repositories in DEFAULT mode.
14:23:37.254 [main] INFO  o.s.d.r.c.RepositoryConfigurationDelegate - [registerRepositoriesIn,201] - Finished Spring Data repository scanning in 25 ms. Found 0 Redis repository interfaces.
14:23:38.026 [main] INFO  o.s.c.c.s.GenericScope - [setSerializationId,283] - BeanFactory id=be3f3d72-f416-336a-814b-b2a307ff1bed
14:23:38.798 [main] INFO  o.s.c.s.PostProcessorRegistrationDelegate$BeanPostProcessorChecker - [postProcessAfterInitialization,376] - Bean 'com.cms.common.redis.config.RedisConfig' of type [com.cms.common.redis.config.RedisConfig$$EnhancerBySpringCGLIB$$67199b7e] is not eligible for getting processed by all BeanPostProcessors (for example: not eligible for auto-proxying)
14:23:39.425 [main] INFO  o.s.b.w.e.t.TomcatWebServer - [initialize,108] - Tomcat initialized with port(s): 10240 (http)
14:23:39.441 [main] INFO  o.a.c.h.Http11NioProtocol - [log,173] - Initializing ProtocolHandler ["http-nio-10240"]
14:23:39.444 [main] INFO  o.a.c.c.StandardService - [log,173] - Starting service [Tomcat]
14:23:39.444 [main] INFO  o.a.c.c.StandardEngine - [log,173] - Starting Servlet engine: [Apache Tomcat/9.0.83]
14:23:39.680 [main] INFO  o.a.c.c.C.[.[.[/] - [log,173] - Initializing Spring embedded WebApplicationContext
14:23:39.681 [main] INFO  o.s.b.w.s.c.ServletWebServerApplicationContext - [prepareWebApplicationContext,292] - Root WebApplicationContext: initialization completed in 5741 ms
14:23:39.860 [main] INFO  o.a.c.c.StandardService - [log,173] - Stopping service [Tomcat]
14:31:53.644 [main] INFO  c.a.n.c.e.SearchableProperties - [sortPropertySourceDefaultOrder,197] - properties search order:PROPERTIES->JVM->ENV->DEFAULT_SETTING
14:31:53.712 [background-preinit] INFO  o.h.v.i.util.Version - [<clinit>,21] - HV000001: Hibernate Validator 6.2.5.Final
14:31:54.075 [main] INFO  c.a.n.p.a.s.c.ClientAuthPluginManager - [init,56] - [ClientAuthPluginManager] Load ClientAuthService com.alibaba.nacos.client.auth.impl.NacosClientAuthServiceImpl success.
14:31:54.075 [main] INFO  c.a.n.p.a.s.c.ClientAuthPluginManager - [init,56] - [ClientAuthPluginManager] Load ClientAuthService com.alibaba.nacos.client.auth.ram.RamClientAuthServiceImpl success.
14:32:05.681 [main] INFO  o.s.c.b.c.PropertySourceBootstrapConfiguration - [doInitialize,134] - Located property source: [BootstrapPropertySource@129371198 {name='bootstrapProperties-cms-system-dev.yml,cms-project', properties={}}, BootstrapPropertySource@66845334 {name='bootstrapProperties-cms-system.yml,cms-project', properties={}}, BootstrapPropertySource@1701436909 {name='bootstrapProperties-cms-system,cms-project', properties={}}, BootstrapPropertySource@1181567472 {name='bootstrapProperties-application-dev.yml,cms-project', properties={}}]
14:32:05.693 [main] INFO  c.c.s.CmsSystemApplication - [logStartupProfileInfo,638] - The following 1 profile is active: "dev"
14:32:07.284 [main] INFO  o.s.d.r.c.RepositoryConfigurationDelegate - [multipleStoresDetected,262] - Multiple Spring Data modules found, entering strict repository configuration mode
14:32:07.287 [main] INFO  o.s.d.r.c.RepositoryConfigurationDelegate - [registerRepositoriesIn,132] - Bootstrapping Spring Data Redis repositories in DEFAULT mode.
14:32:07.330 [main] INFO  o.s.d.r.c.RepositoryConfigurationDelegate - [registerRepositoriesIn,201] - Finished Spring Data repository scanning in 20 ms. Found 0 Redis repository interfaces.
14:32:07.830 [main] INFO  o.s.c.c.s.GenericScope - [setSerializationId,283] - BeanFactory id=be3f3d72-f416-336a-814b-b2a307ff1bed
14:32:08.312 [main] INFO  o.s.c.s.PostProcessorRegistrationDelegate$BeanPostProcessorChecker - [postProcessAfterInitialization,376] - Bean 'com.cms.common.redis.config.RedisConfig' of type [com.cms.common.redis.config.RedisConfig$$EnhancerBySpringCGLIB$$437a0f48] is not eligible for getting processed by all BeanPostProcessors (for example: not eligible for auto-proxying)
14:32:08.873 [main] INFO  o.s.b.w.e.t.TomcatWebServer - [initialize,108] - Tomcat initialized with port(s): 10240 (http)
14:32:08.884 [main] INFO  o.a.c.h.Http11NioProtocol - [log,173] - Initializing ProtocolHandler ["http-nio-10240"]
14:32:08.885 [main] INFO  o.a.c.c.StandardService - [log,173] - Starting service [Tomcat]
14:32:08.885 [main] INFO  o.a.c.c.StandardEngine - [log,173] - Starting Servlet engine: [Apache Tomcat/9.0.83]
14:32:09.098 [main] INFO  o.a.c.c.C.[.[.[/] - [log,173] - Initializing Spring embedded WebApplicationContext
14:32:09.098 [main] INFO  o.s.b.w.s.c.ServletWebServerApplicationContext - [prepareWebApplicationContext,292] - Root WebApplicationContext: initialization completed in 3375 ms
14:32:09.270 [main] INFO  o.a.c.c.StandardService - [log,173] - Stopping service [Tomcat]
14:40:10.371 [main] INFO  c.a.n.c.e.SearchableProperties - [sortPropertySourceDefaultOrder,197] - properties search order:PROPERTIES->JVM->ENV->DEFAULT_SETTING
14:40:10.443 [background-preinit] INFO  o.h.v.i.util.Version - [<clinit>,21] - HV000001: Hibernate Validator 6.2.5.Final
14:40:10.798 [main] INFO  c.a.n.p.a.s.c.ClientAuthPluginManager - [init,56] - [ClientAuthPluginManager] Load ClientAuthService com.alibaba.nacos.client.auth.impl.NacosClientAuthServiceImpl success.
14:40:10.799 [main] INFO  c.a.n.p.a.s.c.ClientAuthPluginManager - [init,56] - [ClientAuthPluginManager] Load ClientAuthService com.alibaba.nacos.client.auth.ram.RamClientAuthServiceImpl success.
14:40:22.073 [main] INFO  o.s.c.b.c.PropertySourceBootstrapConfiguration - [doInitialize,134] - Located property source: [BootstrapPropertySource@1838250251 {name='bootstrapProperties-cms-system-dev.yml,cms-project', properties={}}, BootstrapPropertySource@1852821063 {name='bootstrapProperties-cms-system.yml,cms-project', properties={}}, BootstrapPropertySource@1204178174 {name='bootstrapProperties-cms-system,cms-project', properties={}}, BootstrapPropertySource@1827212229 {name='bootstrapProperties-application-dev.yml,cms-project', properties={}}]
14:40:22.085 [main] INFO  c.c.s.CmsSystemApplication - [logStartupProfileInfo,638] - The following 1 profile is active: "dev"
14:40:23.667 [main] INFO  o.s.d.r.c.RepositoryConfigurationDelegate - [multipleStoresDetected,262] - Multiple Spring Data modules found, entering strict repository configuration mode
14:40:23.670 [main] INFO  o.s.d.r.c.RepositoryConfigurationDelegate - [registerRepositoriesIn,132] - Bootstrapping Spring Data Redis repositories in DEFAULT mode.
14:40:23.708 [main] INFO  o.s.d.r.c.RepositoryConfigurationDelegate - [registerRepositoriesIn,201] - Finished Spring Data repository scanning in 16 ms. Found 0 Redis repository interfaces.
14:40:24.043 [main] INFO  o.s.c.c.s.GenericScope - [setSerializationId,283] - BeanFactory id=be3f3d72-f416-336a-814b-b2a307ff1bed
14:40:24.452 [main] INFO  o.s.c.s.PostProcessorRegistrationDelegate$BeanPostProcessorChecker - [postProcessAfterInitialization,376] - Bean 'com.cms.common.redis.config.RedisConfig' of type [com.cms.common.redis.config.RedisConfig$$EnhancerBySpringCGLIB$$7e62ed76] is not eligible for getting processed by all BeanPostProcessors (for example: not eligible for auto-proxying)
14:40:24.900 [main] INFO  o.s.b.w.e.t.TomcatWebServer - [initialize,108] - Tomcat initialized with port(s): 10240 (http)
14:40:24.911 [main] INFO  o.a.c.h.Http11NioProtocol - [log,173] - Initializing ProtocolHandler ["http-nio-10240"]
14:40:24.914 [main] INFO  o.a.c.c.StandardService - [log,173] - Starting service [Tomcat]
14:40:24.915 [main] INFO  o.a.c.c.StandardEngine - [log,173] - Starting Servlet engine: [Apache Tomcat/9.0.83]
14:40:25.101 [main] INFO  o.a.c.c.C.[.[.[/] - [log,173] - Initializing Spring embedded WebApplicationContext
14:40:25.102 [main] INFO  o.s.b.w.s.c.ServletWebServerApplicationContext - [prepareWebApplicationContext,292] - Root WebApplicationContext: initialization completed in 2981 ms
14:40:25.250 [main] INFO  o.a.c.c.StandardService - [log,173] - Stopping service [Tomcat]
14:44:06.541 [main] INFO  c.a.n.c.e.SearchableProperties - [sortPropertySourceDefaultOrder,197] - properties search order:PROPERTIES->JVM->ENV->DEFAULT_SETTING
14:44:06.602 [background-preinit] INFO  o.h.v.i.util.Version - [<clinit>,21] - HV000001: Hibernate Validator 6.2.5.Final
14:44:06.935 [main] INFO  c.a.n.p.a.s.c.ClientAuthPluginManager - [init,56] - [ClientAuthPluginManager] Load ClientAuthService com.alibaba.nacos.client.auth.impl.NacosClientAuthServiceImpl success.
14:44:06.936 [main] INFO  c.a.n.p.a.s.c.ClientAuthPluginManager - [init,56] - [ClientAuthPluginManager] Load ClientAuthService com.alibaba.nacos.client.auth.ram.RamClientAuthServiceImpl success.
14:44:18.231 [main] INFO  o.s.c.b.c.PropertySourceBootstrapConfiguration - [doInitialize,134] - Located property source: [BootstrapPropertySource@129371198 {name='bootstrapProperties-cms-system-dev.yml,cms-project', properties={}}, BootstrapPropertySource@66845334 {name='bootstrapProperties-cms-system.yml,cms-project', properties={}}, BootstrapPropertySource@1701436909 {name='bootstrapProperties-cms-system,cms-project', properties={}}, BootstrapPropertySource@1181567472 {name='bootstrapProperties-application-dev.yml,cms-project', properties={}}]
14:44:18.272 [main] INFO  c.c.s.CmsSystemApplication - [logStartupProfileInfo,638] - The following 1 profile is active: "dev"
14:44:19.807 [main] INFO  o.s.d.r.c.RepositoryConfigurationDelegate - [multipleStoresDetected,262] - Multiple Spring Data modules found, entering strict repository configuration mode
14:44:19.811 [main] INFO  o.s.d.r.c.RepositoryConfigurationDelegate - [registerRepositoriesIn,132] - Bootstrapping Spring Data Redis repositories in DEFAULT mode.
14:44:19.851 [main] INFO  o.s.d.r.c.RepositoryConfigurationDelegate - [registerRepositoriesIn,201] - Finished Spring Data repository scanning in 17 ms. Found 0 Redis repository interfaces.
14:44:20.183 [main] INFO  o.s.c.c.s.GenericScope - [setSerializationId,283] - BeanFactory id=be3f3d72-f416-336a-814b-b2a307ff1bed
14:44:20.558 [main] INFO  o.s.c.s.PostProcessorRegistrationDelegate$BeanPostProcessorChecker - [postProcessAfterInitialization,376] - Bean 'com.cms.common.redis.config.RedisConfig' of type [com.cms.common.redis.config.RedisConfig$$EnhancerBySpringCGLIB$$437a0f48] is not eligible for getting processed by all BeanPostProcessors (for example: not eligible for auto-proxying)
14:44:20.997 [main] INFO  o.s.b.w.e.t.TomcatWebServer - [initialize,108] - Tomcat initialized with port(s): 10240 (http)
14:44:21.013 [main] INFO  o.a.c.h.Http11NioProtocol - [log,173] - Initializing ProtocolHandler ["http-nio-10240"]
14:44:21.016 [main] INFO  o.a.c.c.StandardService - [log,173] - Starting service [Tomcat]
14:44:21.016 [main] INFO  o.a.c.c.StandardEngine - [log,173] - Starting Servlet engine: [Apache Tomcat/9.0.83]
14:44:21.206 [main] INFO  o.a.c.c.C.[.[.[/] - [log,173] - Initializing Spring embedded WebApplicationContext
14:44:21.206 [main] INFO  o.s.b.w.s.c.ServletWebServerApplicationContext - [prepareWebApplicationContext,292] - Root WebApplicationContext: initialization completed in 2908 ms
14:44:21.347 [main] INFO  o.a.c.c.StandardService - [log,173] - Stopping service [Tomcat]
17:22:35.490 [main] INFO  c.a.n.c.e.SearchableProperties - [sortPropertySourceDefaultOrder,197] - properties search order:PROPERTIES->JVM->ENV->DEFAULT_SETTING
17:22:35.557 [background-preinit] INFO  o.h.v.i.util.Version - [<clinit>,21] - HV000001: Hibernate Validator 6.2.5.Final
17:22:35.939 [main] INFO  c.a.n.p.a.s.c.ClientAuthPluginManager - [init,56] - [ClientAuthPluginManager] Load ClientAuthService com.alibaba.nacos.client.auth.impl.NacosClientAuthServiceImpl success.
17:22:35.940 [main] INFO  c.a.n.p.a.s.c.ClientAuthPluginManager - [init,56] - [ClientAuthPluginManager] Load ClientAuthService com.alibaba.nacos.client.auth.ram.RamClientAuthServiceImpl success.
17:22:41.189 [main] INFO  o.s.c.b.c.PropertySourceBootstrapConfiguration - [doInitialize,134] - Located property source: [BootstrapPropertySource@1871678080 {name='bootstrapProperties-cms-system-dev.yml,cms-project', properties={}}, BootstrapPropertySource@1260127127 {name='bootstrapProperties-cms-system.yml,cms-project', properties={}}, BootstrapPropertySource@1921012072 {name='bootstrapProperties-cms-system,cms-project', properties={}}, BootstrapPropertySource@884604029 {name='bootstrapProperties-application-dev.yml,cms-project', properties={}}]
17:22:41.204 [main] INFO  c.c.s.CmsSystemApplication - [logStartupProfileInfo,638] - The following 1 profile is active: "dev"
17:22:42.941 [main] INFO  o.s.d.r.c.RepositoryConfigurationDelegate - [multipleStoresDetected,262] - Multiple Spring Data modules found, entering strict repository configuration mode
17:22:42.945 [main] INFO  o.s.d.r.c.RepositoryConfigurationDelegate - [registerRepositoriesIn,132] - Bootstrapping Spring Data Redis repositories in DEFAULT mode.
17:22:42.996 [main] INFO  o.s.d.r.c.RepositoryConfigurationDelegate - [registerRepositoriesIn,201] - Finished Spring Data repository scanning in 17 ms. Found 0 Redis repository interfaces.
17:22:43.308 [main] INFO  o.s.c.c.s.GenericScope - [setSerializationId,283] - BeanFactory id=be3f3d72-f416-336a-814b-b2a307ff1bed
17:22:43.741 [main] INFO  o.s.c.s.PostProcessorRegistrationDelegate$BeanPostProcessorChecker - [postProcessAfterInitialization,376] - Bean 'com.cms.common.redis.config.RedisConfig' of type [com.cms.common.redis.config.RedisConfig$$EnhancerBySpringCGLIB$$59438462] is not eligible for getting processed by all BeanPostProcessors (for example: not eligible for auto-proxying)
17:22:44.216 [main] INFO  o.s.b.w.e.t.TomcatWebServer - [initialize,108] - Tomcat initialized with port(s): 10240 (http)
17:22:44.230 [main] INFO  o.a.c.h.Http11NioProtocol - [log,173] - Initializing ProtocolHandler ["http-nio-10240"]
17:22:44.232 [main] INFO  o.a.c.c.StandardService - [log,173] - Starting service [Tomcat]
17:22:44.232 [main] INFO  o.a.c.c.StandardEngine - [log,173] - Starting Servlet engine: [Apache Tomcat/9.0.83]
17:22:44.423 [main] INFO  o.a.c.c.C.[.[.[/] - [log,173] - Initializing Spring embedded WebApplicationContext
17:22:44.423 [main] INFO  o.s.b.w.s.c.ServletWebServerApplicationContext - [prepareWebApplicationContext,292] - Root WebApplicationContext: initialization completed in 3184 ms
17:22:44.583 [main] INFO  o.a.c.c.StandardService - [log,173] - Stopping service [Tomcat]
17:36:07.421 [main] INFO  c.a.n.c.e.SearchableProperties - [sortPropertySourceDefaultOrder,197] - properties search order:PROPERTIES->JVM->ENV->DEFAULT_SETTING
17:36:07.476 [background-preinit] INFO  o.h.v.i.util.Version - [<clinit>,21] - HV000001: Hibernate Validator 6.2.5.Final
17:36:07.791 [main] INFO  c.a.n.p.a.s.c.ClientAuthPluginManager - [init,56] - [ClientAuthPluginManager] Load ClientAuthService com.alibaba.nacos.client.auth.impl.NacosClientAuthServiceImpl success.
17:36:07.791 [main] INFO  c.a.n.p.a.s.c.ClientAuthPluginManager - [init,56] - [ClientAuthPluginManager] Load ClientAuthService com.alibaba.nacos.client.auth.ram.RamClientAuthServiceImpl success.
17:36:13.529 [main] INFO  o.s.c.b.c.PropertySourceBootstrapConfiguration - [doInitialize,134] - Located property source: [BootstrapPropertySource@2122991287 {name='bootstrapProperties-cms-system-dev.yml,cms-project', properties={server.port=10240, spring.redis.host=127.0.0.1, spring.redis.port=6379, spring.datasource.driver-class-name=com.mysql.cj.jdbc.Driver, spring.datasource.url=jdbc:mysql://127.0.0.1:3306/quality_literacy?useUnicode=true&characterEncoding=utf8&zeroDateTimeBehavior=convertToNull&useSSL=true&serverTimezone=GMT%2B8, spring.datasource.username=root, spring.datasource.password=123456, swagger.title=系统模块接口文档, swagger.name=邓志军, swagger.description=系统模块接口文档, swagger.Contact.name=邓志军}}, BootstrapPropertySource@803768841 {name='bootstrapProperties-cms-system.yml,cms-project', properties={}}, BootstrapPropertySource@420993295 {name='bootstrapProperties-cms-system,cms-project', properties={}}, BootstrapPropertySource@1723848804 {name='bootstrapProperties-application-dev.yml,cms-project', properties={spring.autoconfigure.exclude=com.alibaba.druid.spring.boot.autoconfigure.DruidDataSourceAutoConfigure, spring.servlet.multipart.max-file-size=5MB, spring.servlet.multipart.max-request-size=5MB, spring.mvc.pathmatch.matching-strategy=ant_path_matcher, spring.jackson.default-property-inclusion=non_null, mybatis-plus.mapper-locations=classpath*:mapper/**/*.xml, mybatis-plus.configuration.log-impl=org.apache.ibatis.logging.stdout.StdOutImpl, mybatis-plus.global-config.db-config.logic-delete-field=del_flag, mybatis-plus.global-config.db-config.logic-delete-value=1, mybatis-plus.global-config.db-config.logic-not-delete-value=0}}]
17:36:13.544 [main] INFO  c.c.s.CmsSystemApplication - [logStartupProfileInfo,638] - The following 1 profile is active: "dev"
17:36:15.363 [main] INFO  o.s.d.r.c.RepositoryConfigurationDelegate - [multipleStoresDetected,262] - Multiple Spring Data modules found, entering strict repository configuration mode
17:36:15.366 [main] INFO  o.s.d.r.c.RepositoryConfigurationDelegate - [registerRepositoriesIn,132] - Bootstrapping Spring Data Redis repositories in DEFAULT mode.
17:36:15.405 [main] INFO  o.s.d.r.c.RepositoryConfigurationDelegate - [registerRepositoriesIn,201] - Finished Spring Data repository scanning in 16 ms. Found 0 Redis repository interfaces.
17:36:15.738 [main] INFO  o.s.c.c.s.GenericScope - [setSerializationId,283] - BeanFactory id=be3f3d72-f416-336a-814b-b2a307ff1bed
17:36:16.137 [main] INFO  o.s.c.s.PostProcessorRegistrationDelegate$BeanPostProcessorChecker - [postProcessAfterInitialization,376] - Bean 'com.cms.common.redis.config.RedisConfig' of type [com.cms.common.redis.config.RedisConfig$$EnhancerBySpringCGLIB$$caae6ca6] is not eligible for getting processed by all BeanPostProcessors (for example: not eligible for auto-proxying)
17:36:16.530 [main] INFO  o.s.b.w.e.t.TomcatWebServer - [initialize,108] - Tomcat initialized with port(s): 10240 (http)
17:36:16.540 [main] INFO  o.a.c.h.Http11NioProtocol - [log,173] - Initializing ProtocolHandler ["http-nio-10240"]
17:36:16.542 [main] INFO  o.a.c.c.StandardService - [log,173] - Starting service [Tomcat]
17:36:16.543 [main] INFO  o.a.c.c.StandardEngine - [log,173] - Starting Servlet engine: [Apache Tomcat/9.0.83]
17:36:16.747 [main] INFO  o.a.c.c.C.[.[.[/] - [log,173] - Initializing Spring embedded WebApplicationContext
17:36:16.747 [main] INFO  o.s.b.w.s.c.ServletWebServerApplicationContext - [prepareWebApplicationContext,292] - Root WebApplicationContext: initialization completed in 3171 ms
17:36:20.556 [main] INFO  c.z.h.HikariDataSource - [getConnection,110] - HikariPool-1 - Starting...
17:36:20.999 [main] INFO  c.z.h.HikariDataSource - [getConnection,123] - HikariPool-1 - Start completed.
17:36:21.148 [main] INFO  c.z.h.HikariDataSource - [close,350] - HikariPool-1 - Shutdown initiated...
17:36:21.170 [main] INFO  c.z.h.HikariDataSource - [close,352] - HikariPool-1 - Shutdown completed.
17:36:21.172 [main] INFO  o.a.c.c.StandardService - [log,173] - Stopping service [Tomcat]
17:41:22.275 [main] INFO  c.a.n.c.e.SearchableProperties - [sortPropertySourceDefaultOrder,197] - properties search order:PROPERTIES->JVM->ENV->DEFAULT_SETTING
17:41:22.324 [background-preinit] INFO  o.h.v.i.util.Version - [<clinit>,21] - HV000001: Hibernate Validator 6.2.5.Final
17:41:22.618 [main] INFO  c.a.n.p.a.s.c.ClientAuthPluginManager - [init,56] - [ClientAuthPluginManager] Load ClientAuthService com.alibaba.nacos.client.auth.impl.NacosClientAuthServiceImpl success.
17:41:22.619 [main] INFO  c.a.n.p.a.s.c.ClientAuthPluginManager - [init,56] - [ClientAuthPluginManager] Load ClientAuthService com.alibaba.nacos.client.auth.ram.RamClientAuthServiceImpl success.
17:41:26.880 [main] INFO  o.s.c.b.c.PropertySourceBootstrapConfiguration - [doInitialize,134] - Located property source: [BootstrapPropertySource@2122991287 {name='bootstrapProperties-cms-system-dev.yml,cms-project', properties={server.port=10240, spring.redis.host=127.0.0.1, spring.redis.port=6379, spring.datasource.driver-class-name=com.mysql.cj.jdbc.Driver, spring.datasource.url=jdbc:mysql://127.0.0.1:3306/quality_literacy?useUnicode=true&characterEncoding=utf8&zeroDateTimeBehavior=convertToNull&useSSL=true&serverTimezone=GMT%2B8, spring.datasource.username=root, spring.datasource.password=123456, swagger.title=系统模块接口文档, swagger.name=邓志军, swagger.description=系统模块接口文档, swagger.Contact.name=邓志军}}, BootstrapPropertySource@803768841 {name='bootstrapProperties-cms-system.yml,cms-project', properties={}}, BootstrapPropertySource@420993295 {name='bootstrapProperties-cms-system,cms-project', properties={}}, BootstrapPropertySource@1723848804 {name='bootstrapProperties-application-dev.yml,cms-project', properties={spring.autoconfigure.exclude=com.alibaba.druid.spring.boot.autoconfigure.DruidDataSourceAutoConfigure, spring.servlet.multipart.max-file-size=5MB, spring.servlet.multipart.max-request-size=5MB, spring.mvc.pathmatch.matching-strategy=ant_path_matcher, spring.jackson.default-property-inclusion=non_null, mybatis-plus.mapper-locations=classpath*:mapper/**/*.xml, mybatis-plus.configuration.log-impl=org.apache.ibatis.logging.stdout.StdOutImpl, mybatis-plus.global-config.db-config.logic-delete-field=del_flag, mybatis-plus.global-config.db-config.logic-delete-value=1, mybatis-plus.global-config.db-config.logic-not-delete-value=0}}]
17:41:26.891 [main] INFO  c.c.s.CmsSystemApplication - [logStartupProfileInfo,638] - The following 1 profile is active: "dev"
17:41:28.315 [main] INFO  o.s.d.r.c.RepositoryConfigurationDelegate - [multipleStoresDetected,262] - Multiple Spring Data modules found, entering strict repository configuration mode
17:41:28.317 [main] INFO  o.s.d.r.c.RepositoryConfigurationDelegate - [registerRepositoriesIn,132] - Bootstrapping Spring Data Redis repositories in DEFAULT mode.
17:41:28.350 [main] INFO  o.s.d.r.c.RepositoryConfigurationDelegate - [registerRepositoriesIn,201] - Finished Spring Data repository scanning in 15 ms. Found 0 Redis repository interfaces.
17:41:28.609 [main] INFO  o.s.c.c.s.GenericScope - [setSerializationId,283] - BeanFactory id=be3f3d72-f416-336a-814b-b2a307ff1bed
17:41:28.910 [main] INFO  o.s.c.s.PostProcessorRegistrationDelegate$BeanPostProcessorChecker - [postProcessAfterInitialization,376] - Bean 'com.cms.common.redis.config.RedisConfig' of type [com.cms.common.redis.config.RedisConfig$$EnhancerBySpringCGLIB$$fee6f636] is not eligible for getting processed by all BeanPostProcessors (for example: not eligible for auto-proxying)
17:41:29.291 [main] INFO  o.s.b.w.e.t.TomcatWebServer - [initialize,108] - Tomcat initialized with port(s): 10240 (http)
17:41:29.304 [main] INFO  o.a.c.h.Http11NioProtocol - [log,173] - Initializing ProtocolHandler ["http-nio-10240"]
17:41:29.305 [main] INFO  o.a.c.c.StandardService - [log,173] - Starting service [Tomcat]
17:41:29.306 [main] INFO  o.a.c.c.StandardEngine - [log,173] - Starting Servlet engine: [Apache Tomcat/9.0.83]
17:41:29.502 [main] INFO  o.a.c.c.C.[.[.[/] - [log,173] - Initializing Spring embedded WebApplicationContext
17:41:29.502 [main] INFO  o.s.b.w.s.c.ServletWebServerApplicationContext - [prepareWebApplicationContext,292] - Root WebApplicationContext: initialization completed in 2587 ms
17:41:32.312 [main] INFO  c.z.h.HikariDataSource - [getConnection,110] - HikariPool-1 - Starting...
17:41:32.600 [main] INFO  c.z.h.HikariDataSource - [getConnection,123] - HikariPool-1 - Start completed.
17:41:32.696 [main] INFO  c.z.h.HikariDataSource - [close,350] - HikariPool-1 - Shutdown initiated...
17:41:32.700 [main] INFO  c.z.h.HikariDataSource - [close,352] - HikariPool-1 - Shutdown completed.
17:41:32.702 [main] INFO  o.a.c.c.StandardService - [log,173] - Stopping service [Tomcat]
21:43:04.294 [main] INFO  c.a.n.c.e.SearchableProperties - [sortPropertySourceDefaultOrder,197] - properties search order:PROPERTIES->JVM->ENV->DEFAULT_SETTING
21:43:04.356 [background-preinit] INFO  o.h.v.i.util.Version - [<clinit>,21] - HV000001: Hibernate Validator 6.2.5.Final
21:43:04.751 [main] INFO  c.a.n.p.a.s.c.ClientAuthPluginManager - [init,56] - [ClientAuthPluginManager] Load ClientAuthService com.alibaba.nacos.client.auth.impl.NacosClientAuthServiceImpl success.
21:43:04.751 [main] INFO  c.a.n.p.a.s.c.ClientAuthPluginManager - [init,56] - [ClientAuthPluginManager] Load ClientAuthService com.alibaba.nacos.client.auth.ram.RamClientAuthServiceImpl success.
21:43:12.449 [main] INFO  o.s.c.b.c.PropertySourceBootstrapConfiguration - [doInitialize,134] - Located property source: [BootstrapPropertySource@1783463798 {name='bootstrapProperties-cms-system-dev.yml,cms-project', properties={server.port=10240, spring.redis.host=127.0.0.1, spring.redis.port=6379, spring.datasource.driver-class-name=com.mysql.cj.jdbc.Driver, spring.datasource.url=jdbc:mysql://127.0.0.1:3306/quality_literacy?useUnicode=true&characterEncoding=utf8&zeroDateTimeBehavior=convertToNull&useSSL=true&serverTimezone=GMT%2B8, spring.datasource.username=root, spring.datasource.password=123456, swagger.title=系统模块接口文档, swagger.name=邓志军, swagger.description=系统模块接口文档, swagger.Contact.name=邓志军}}, BootstrapPropertySource@283923004 {name='bootstrapProperties-cms-system.yml,cms-project', properties={}}, BootstrapPropertySource@1407167674 {name='bootstrapProperties-cms-system,cms-project', properties={}}, BootstrapPropertySource@2037806977 {name='bootstrapProperties-application-dev.yml,cms-project', properties={spring.autoconfigure.exclude=com.alibaba.druid.spring.boot.autoconfigure.DruidDataSourceAutoConfigure, spring.servlet.multipart.max-file-size=5MB, spring.servlet.multipart.max-request-size=5MB, spring.mvc.pathmatch.matching-strategy=ant_path_matcher, spring.jackson.default-property-inclusion=non_null, mybatis-plus.mapper-locations=classpath*:mapper/**/*.xml, mybatis-plus.configuration.log-impl=org.apache.ibatis.logging.stdout.StdOutImpl, mybatis-plus.global-config.db-config.logic-delete-field=del_flag, mybatis-plus.global-config.db-config.logic-delete-value=1, mybatis-plus.global-config.db-config.logic-not-delete-value=0}}]
21:43:12.468 [main] INFO  c.c.s.CmsSystemApplication - [logStartupProfileInfo,638] - The following 1 profile is active: "dev"
21:43:14.668 [main] INFO  o.s.d.r.c.RepositoryConfigurationDelegate - [multipleStoresDetected,262] - Multiple Spring Data modules found, entering strict repository configuration mode
21:43:14.673 [main] INFO  o.s.d.r.c.RepositoryConfigurationDelegate - [registerRepositoriesIn,132] - Bootstrapping Spring Data Redis repositories in DEFAULT mode.
21:43:14.716 [main] INFO  o.s.d.r.c.RepositoryConfigurationDelegate - [registerRepositoriesIn,201] - Finished Spring Data repository scanning in 19 ms. Found 0 Redis repository interfaces.
21:43:15.142 [main] INFO  o.s.c.c.s.GenericScope - [setSerializationId,283] - BeanFactory id=be3f3d72-f416-336a-814b-b2a307ff1bed
21:43:15.796 [main] INFO  o.s.c.s.PostProcessorRegistrationDelegate$BeanPostProcessorChecker - [postProcessAfterInitialization,376] - Bean 'com.cms.common.redis.config.RedisConfig' of type [com.cms.common.redis.config.RedisConfig$$EnhancerBySpringCGLIB$$566c0f4] is not eligible for getting processed by all BeanPostProcessors (for example: not eligible for auto-proxying)
21:43:16.534 [main] INFO  o.s.b.w.e.t.TomcatWebServer - [initialize,108] - Tomcat initialized with port(s): 10240 (http)
21:43:16.548 [main] INFO  o.a.c.h.Http11NioProtocol - [log,173] - Initializing ProtocolHandler ["http-nio-10240"]
21:43:16.550 [main] INFO  o.a.c.c.StandardService - [log,173] - Starting service [Tomcat]
21:43:16.550 [main] INFO  o.a.c.c.StandardEngine - [log,173] - Starting Servlet engine: [Apache Tomcat/9.0.83]
21:43:16.846 [main] INFO  o.a.c.c.C.[.[.[/] - [log,173] - Initializing Spring embedded WebApplicationContext
21:43:16.847 [main] INFO  o.s.b.w.s.c.ServletWebServerApplicationContext - [prepareWebApplicationContext,292] - Root WebApplicationContext: initialization completed in 4321 ms
21:43:23.183 [main] INFO  c.z.h.HikariDataSource - [getConnection,110] - HikariPool-1 - Starting...
21:43:23.689 [main] INFO  c.z.h.HikariDataSource - [getConnection,123] - HikariPool-1 - Start completed.
21:43:23.885 [main] INFO  c.z.h.HikariDataSource - [close,350] - HikariPool-1 - Shutdown initiated...
21:43:23.899 [main] INFO  c.z.h.HikariDataSource - [close,352] - HikariPool-1 - Shutdown completed.
21:43:23.902 [main] INFO  o.a.c.c.StandardService - [log,173] - Stopping service [Tomcat]
21:44:28.139 [main] INFO  c.a.n.c.e.SearchableProperties - [sortPropertySourceDefaultOrder,197] - properties search order:PROPERTIES->JVM->ENV->DEFAULT_SETTING
21:44:28.195 [background-preinit] INFO  o.h.v.i.util.Version - [<clinit>,21] - HV000001: Hibernate Validator 6.2.5.Final
21:44:28.513 [main] INFO  c.a.n.p.a.s.c.ClientAuthPluginManager - [init,56] - [ClientAuthPluginManager] Load ClientAuthService com.alibaba.nacos.client.auth.impl.NacosClientAuthServiceImpl success.
21:44:28.513 [main] INFO  c.a.n.p.a.s.c.ClientAuthPluginManager - [init,56] - [ClientAuthPluginManager] Load ClientAuthService com.alibaba.nacos.client.auth.ram.RamClientAuthServiceImpl success.
21:44:34.422 [main] INFO  o.s.c.b.c.PropertySourceBootstrapConfiguration - [doInitialize,134] - Located property source: [BootstrapPropertySource@2122991287 {name='bootstrapProperties-cms-system-dev.yml,cms-project', properties={server.port=10240, spring.redis.host=127.0.0.1, spring.redis.port=6379, spring.datasource.driver-class-name=com.mysql.cj.jdbc.Driver, spring.datasource.url=jdbc:mysql://127.0.0.1:3306/quality_literacy?useUnicode=true&characterEncoding=utf8&zeroDateTimeBehavior=convertToNull&useSSL=true&serverTimezone=GMT%2B8, spring.datasource.username=root, spring.datasource.password=123456, swagger.title=系统模块接口文档, swagger.name=邓志军, swagger.description=系统模块接口文档, swagger.Contact.name=邓志军}}, BootstrapPropertySource@803768841 {name='bootstrapProperties-cms-system.yml,cms-project', properties={}}, BootstrapPropertySource@420993295 {name='bootstrapProperties-cms-system,cms-project', properties={}}, BootstrapPropertySource@1723848804 {name='bootstrapProperties-application-dev.yml,cms-project', properties={spring.autoconfigure.exclude=com.alibaba.druid.spring.boot.autoconfigure.DruidDataSourceAutoConfigure, spring.servlet.multipart.max-file-size=5MB, spring.servlet.multipart.max-request-size=5MB, spring.mvc.pathmatch.matching-strategy=ant_path_matcher, spring.jackson.default-property-inclusion=non_null, mybatis-plus.mapper-locations=classpath*:mapper/**/*.xml, mybatis-plus.configuration.log-impl=org.apache.ibatis.logging.stdout.StdOutImpl, mybatis-plus.global-config.db-config.logic-delete-field=del_flag, mybatis-plus.global-config.db-config.logic-delete-value=1, mybatis-plus.global-config.db-config.logic-not-delete-value=0}}]
21:44:34.432 [main] INFO  c.c.s.CmsSystemApplication - [logStartupProfileInfo,638] - The following 1 profile is active: "dev"
21:44:35.916 [main] INFO  o.s.d.r.c.RepositoryConfigurationDelegate - [multipleStoresDetected,262] - Multiple Spring Data modules found, entering strict repository configuration mode
21:44:35.918 [main] INFO  o.s.d.r.c.RepositoryConfigurationDelegate - [registerRepositoriesIn,132] - Bootstrapping Spring Data Redis repositories in DEFAULT mode.
21:44:35.956 [main] INFO  o.s.d.r.c.RepositoryConfigurationDelegate - [registerRepositoriesIn,201] - Finished Spring Data repository scanning in 17 ms. Found 0 Redis repository interfaces.
21:44:36.261 [main] INFO  o.s.c.c.s.GenericScope - [setSerializationId,283] - BeanFactory id=be3f3d72-f416-336a-814b-b2a307ff1bed
21:44:36.628 [main] INFO  o.s.c.s.PostProcessorRegistrationDelegate$BeanPostProcessorChecker - [postProcessAfterInitialization,376] - Bean 'com.cms.common.redis.config.RedisConfig' of type [com.cms.common.redis.config.RedisConfig$$EnhancerBySpringCGLIB$$fee6f636] is not eligible for getting processed by all BeanPostProcessors (for example: not eligible for auto-proxying)
21:44:37.178 [main] INFO  o.s.b.w.e.t.TomcatWebServer - [initialize,108] - Tomcat initialized with port(s): 10240 (http)
21:44:37.265 [main] INFO  o.a.c.h.Http11NioProtocol - [log,173] - Initializing ProtocolHandler ["http-nio-10240"]
21:44:37.271 [main] INFO  o.a.c.c.StandardService - [log,173] - Starting service [Tomcat]
21:44:37.271 [main] INFO  o.a.c.c.StandardEngine - [log,173] - Starting Servlet engine: [Apache Tomcat/9.0.83]
21:44:37.580 [main] INFO  o.a.c.c.C.[.[.[/] - [log,173] - Initializing Spring embedded WebApplicationContext
21:44:37.580 [main] INFO  o.s.b.w.s.c.ServletWebServerApplicationContext - [prepareWebApplicationContext,292] - Root WebApplicationContext: initialization completed in 3122 ms
21:44:41.110 [main] INFO  c.z.h.HikariDataSource - [getConnection,110] - HikariPool-1 - Starting...
21:44:41.458 [main] INFO  c.z.h.HikariDataSource - [getConnection,123] - HikariPool-1 - Start completed.
21:44:41.560 [main] INFO  c.z.h.HikariDataSource - [close,350] - HikariPool-1 - Shutdown initiated...
21:44:41.565 [main] INFO  c.z.h.HikariDataSource - [close,352] - HikariPool-1 - Shutdown completed.
21:44:41.566 [main] INFO  o.a.c.c.StandardService - [log,173] - Stopping service [Tomcat]
21:47:07.987 [main] INFO  c.a.n.c.e.SearchableProperties - [sortPropertySourceDefaultOrder,197] - properties search order:PROPERTIES->JVM->ENV->DEFAULT_SETTING
21:47:08.121 [background-preinit] INFO  o.h.v.i.util.Version - [<clinit>,21] - HV000001: Hibernate Validator 6.2.5.Final
21:47:08.419 [main] INFO  c.a.n.p.a.s.c.ClientAuthPluginManager - [init,56] - [ClientAuthPluginManager] Load ClientAuthService com.alibaba.nacos.client.auth.impl.NacosClientAuthServiceImpl success.
21:47:08.419 [main] INFO  c.a.n.p.a.s.c.ClientAuthPluginManager - [init,56] - [ClientAuthPluginManager] Load ClientAuthService com.alibaba.nacos.client.auth.ram.RamClientAuthServiceImpl success.
21:47:14.412 [main] INFO  o.s.c.b.c.PropertySourceBootstrapConfiguration - [doInitialize,134] - Located property source: [BootstrapPropertySource@2122991287 {name='bootstrapProperties-cms-system-dev.yml,cms-project', properties={server.port=10240, spring.redis.host=127.0.0.1, spring.redis.port=6379, spring.datasource.driver-class-name=com.mysql.cj.jdbc.Driver, spring.datasource.url=jdbc:mysql://127.0.0.1:3306/cms-plus?useUnicode=true&characterEncoding=utf8&zeroDateTimeBehavior=convertToNull&useSSL=true&serverTimezone=GMT%2B8, spring.datasource.username=root, spring.datasource.password=123456, swagger.title=系统模块接口文档, swagger.name=邓志军, swagger.description=系统模块接口文档, swagger.Contact.name=邓志军}}, BootstrapPropertySource@803768841 {name='bootstrapProperties-cms-system.yml,cms-project', properties={}}, BootstrapPropertySource@420993295 {name='bootstrapProperties-cms-system,cms-project', properties={}}, BootstrapPropertySource@1723848804 {name='bootstrapProperties-application-dev.yml,cms-project', properties={spring.autoconfigure.exclude=com.alibaba.druid.spring.boot.autoconfigure.DruidDataSourceAutoConfigure, spring.servlet.multipart.max-file-size=5MB, spring.servlet.multipart.max-request-size=5MB, spring.mvc.pathmatch.matching-strategy=ant_path_matcher, spring.jackson.default-property-inclusion=non_null, mybatis-plus.mapper-locations=classpath*:mapper/**/*.xml, mybatis-plus.configuration.log-impl=org.apache.ibatis.logging.stdout.StdOutImpl, mybatis-plus.global-config.db-config.logic-delete-field=del_flag, mybatis-plus.global-config.db-config.logic-delete-value=1, mybatis-plus.global-config.db-config.logic-not-delete-value=0}}]
21:47:14.424 [main] INFO  c.c.s.CmsSystemApplication - [logStartupProfileInfo,638] - The following 1 profile is active: "dev"
21:47:15.890 [main] INFO  o.s.d.r.c.RepositoryConfigurationDelegate - [multipleStoresDetected,262] - Multiple Spring Data modules found, entering strict repository configuration mode
21:47:15.892 [main] INFO  o.s.d.r.c.RepositoryConfigurationDelegate - [registerRepositoriesIn,132] - Bootstrapping Spring Data Redis repositories in DEFAULT mode.
21:47:15.926 [main] INFO  o.s.d.r.c.RepositoryConfigurationDelegate - [registerRepositoriesIn,201] - Finished Spring Data repository scanning in 14 ms. Found 0 Redis repository interfaces.
21:47:16.207 [main] INFO  o.s.c.c.s.GenericScope - [setSerializationId,283] - BeanFactory id=be3f3d72-f416-336a-814b-b2a307ff1bed
21:47:16.521 [main] INFO  o.s.c.s.PostProcessorRegistrationDelegate$BeanPostProcessorChecker - [postProcessAfterInitialization,376] - Bean 'com.cms.common.redis.config.RedisConfig' of type [com.cms.common.redis.config.RedisConfig$$EnhancerBySpringCGLIB$$fee6f636] is not eligible for getting processed by all BeanPostProcessors (for example: not eligible for auto-proxying)
21:47:16.971 [main] INFO  o.s.b.w.e.t.TomcatWebServer - [initialize,108] - Tomcat initialized with port(s): 10240 (http)
21:47:16.982 [main] INFO  o.a.c.h.Http11NioProtocol - [log,173] - Initializing ProtocolHandler ["http-nio-10240"]
21:47:16.985 [main] INFO  o.a.c.c.StandardService - [log,173] - Starting service [Tomcat]
21:47:16.985 [main] INFO  o.a.c.c.StandardEngine - [log,173] - Starting Servlet engine: [Apache Tomcat/9.0.83]
21:47:17.206 [main] INFO  o.a.c.c.C.[.[.[/] - [log,173] - Initializing Spring embedded WebApplicationContext
21:47:17.206 [main] INFO  o.s.b.w.s.c.ServletWebServerApplicationContext - [prepareWebApplicationContext,292] - Root WebApplicationContext: initialization completed in 2749 ms
21:47:20.736 [main] INFO  c.z.h.HikariDataSource - [getConnection,110] - HikariPool-1 - Starting...
21:47:21.051 [main] INFO  c.z.h.HikariDataSource - [getConnection,123] - HikariPool-1 - Start completed.
21:47:23.435 [main] INFO  c.a.c.s.SentinelWebMvcConfigurer - [addInterceptors,52] - [Sentinel Starter] register SentinelWebInterceptor with urlPatterns: [/**].
21:47:27.291 [main] INFO  o.s.b.a.e.w.EndpointLinksResolver - [<init>,58] - Exposing 1 endpoint(s) beneath base path '/actuator'
21:47:27.994 [main] INFO  o.s.c.o.FeignClientFactoryBean - [getTarget,418] - For 'cms-system' URL not provided. Will try picking an instance via load-balancing.
21:47:30.178 [main] INFO  o.a.c.h.Http11NioProtocol - [log,173] - Starting ProtocolHandler ["http-nio-10240"]
21:47:30.192 [main] INFO  o.s.b.w.e.t.TomcatWebServer - [start,220] - Tomcat started on port(s): 10240 (http) with context path ''
21:47:30.209 [main] INFO  c.a.n.p.a.s.c.ClientAuthPluginManager - [init,56] - [ClientAuthPluginManager] Load ClientAuthService com.alibaba.nacos.client.auth.impl.NacosClientAuthServiceImpl success.
21:47:30.210 [main] INFO  c.a.n.p.a.s.c.ClientAuthPluginManager - [init,56] - [ClientAuthPluginManager] Load ClientAuthService com.alibaba.nacos.client.auth.ram.RamClientAuthServiceImpl success.
21:47:30.353 [main] INFO  c.a.c.n.r.NacosServiceRegistry - [register,76] - nacos registry, cms-project cms-system 172.22.32.32:10240 register finished
21:47:32.523 [main] INFO  c.c.s.CmsSystemApplication - [logStarted,61] - Started CmsSystemApplication in 26.58 seconds (JVM running for 28.851)
21:47:32.541 [main] INFO  c.a.c.n.r.NacosContextRefresher - [registerNacosListener,129] - [Nacos Config] Listening config: dataId=cms-system, group=cms-project
21:47:32.542 [main] INFO  c.a.c.n.r.NacosContextRefresher - [registerNacosListener,129] - [Nacos Config] Listening config: dataId=cms-system.yml, group=cms-project
21:47:32.544 [main] INFO  c.a.c.n.r.NacosContextRefresher - [registerNacosListener,129] - [Nacos Config] Listening config: dataId=cms-system-dev.yml, group=cms-project
21:47:34.771 [RMI TCP Connection(2)-172.17.239.72] INFO  o.a.c.c.C.[.[.[/] - [log,173] - Initializing Spring DispatcherServlet 'dispatcherServlet'
21:47:34.772 [RMI TCP Connection(2)-172.17.239.72] INFO  o.s.w.s.DispatcherServlet - [initServletBean,525] - Initializing Servlet 'dispatcherServlet'
21:47:34.774 [RMI TCP Connection(2)-172.17.239.72] INFO  o.s.w.s.DispatcherServlet - [initServletBean,547] - Completed initialization in 2 ms
22:11:36.643 [main] INFO  c.a.n.c.e.SearchableProperties - [sortPropertySourceDefaultOrder,197] - properties search order:PROPERTIES->JVM->ENV->DEFAULT_SETTING
22:11:36.707 [background-preinit] INFO  o.h.v.i.util.Version - [<clinit>,21] - HV000001: Hibernate Validator 6.2.5.Final
22:11:37.027 [main] INFO  c.a.n.p.a.s.c.ClientAuthPluginManager - [init,56] - [ClientAuthPluginManager] Load ClientAuthService com.alibaba.nacos.client.auth.impl.NacosClientAuthServiceImpl success.
22:11:37.027 [main] INFO  c.a.n.p.a.s.c.ClientAuthPluginManager - [init,56] - [ClientAuthPluginManager] Load ClientAuthService com.alibaba.nacos.client.auth.ram.RamClientAuthServiceImpl success.
22:11:45.671 [main] INFO  o.s.c.b.c.PropertySourceBootstrapConfiguration - [doInitialize,134] - Located property source: [BootstrapPropertySource@283923004 {name='bootstrapProperties-cms-system-dev.yml,cms-project', properties={server.port=10240, spring.redis.host=127.0.0.1, spring.redis.port=6379, spring.datasource.driver-class-name=com.mysql.cj.jdbc.Driver, spring.datasource.url=jdbc:mysql://127.0.0.1:3306/cms-plus?useUnicode=true&characterEncoding=utf8&zeroDateTimeBehavior=convertToNull&useSSL=true&serverTimezone=GMT%2B8, spring.datasource.username=root, spring.datasource.password=123456, swagger.title=系统模块接口文档, swagger.name=邓志军, swagger.description=系统模块接口文档, swagger.Contact.name=邓志军}}, BootstrapPropertySource@1407167674 {name='bootstrapProperties-cms-system.yml,cms-project', properties={}}, BootstrapPropertySource@2037806977 {name='bootstrapProperties-cms-system,cms-project', properties={}}, BootstrapPropertySource@2017530134 {name='bootstrapProperties-application-dev.yml,cms-project', properties={spring.autoconfigure.exclude=com.alibaba.druid.spring.boot.autoconfigure.DruidDataSourceAutoConfigure, spring.servlet.multipart.max-file-size=5MB, spring.servlet.multipart.max-request-size=5MB, spring.mvc.pathmatch.matching-strategy=ant_path_matcher, spring.jackson.default-property-inclusion=non_null, mybatis-plus.mapper-locations=classpath*:mapper/**/*.xml, mybatis-plus.configuration.log-impl=org.apache.ibatis.logging.stdout.StdOutImpl, mybatis-plus.global-config.db-config.logic-delete-field=del_flag, mybatis-plus.global-config.db-config.logic-delete-value=1, mybatis-plus.global-config.db-config.logic-not-delete-value=0}}]
22:11:45.684 [main] INFO  c.c.s.CmsSystemApplication - [logStartupProfileInfo,638] - The following 1 profile is active: "dev"
22:11:48.000 [main] INFO  o.s.d.r.c.RepositoryConfigurationDelegate - [multipleStoresDetected,262] - Multiple Spring Data modules found, entering strict repository configuration mode
22:11:48.004 [main] INFO  o.s.d.r.c.RepositoryConfigurationDelegate - [registerRepositoriesIn,132] - Bootstrapping Spring Data Redis repositories in DEFAULT mode.
22:11:48.055 [main] INFO  o.s.d.r.c.RepositoryConfigurationDelegate - [registerRepositoriesIn,201] - Finished Spring Data repository scanning in 23 ms. Found 0 Redis repository interfaces.
22:11:48.533 [main] INFO  o.s.c.c.s.GenericScope - [setSerializationId,283] - BeanFactory id=be3f3d72-f416-336a-814b-b2a307ff1bed
22:11:49.237 [main] INFO  o.s.c.s.PostProcessorRegistrationDelegate$BeanPostProcessorChecker - [postProcessAfterInitialization,376] - Bean 'com.cms.common.redis.config.RedisConfig' of type [com.cms.common.redis.config.RedisConfig$$EnhancerBySpringCGLIB$$74bfb595] is not eligible for getting processed by all BeanPostProcessors (for example: not eligible for auto-proxying)
22:11:50.181 [main] INFO  o.s.b.w.e.t.TomcatWebServer - [initialize,108] - Tomcat initialized with port(s): 10240 (http)
22:11:50.197 [main] INFO  o.a.c.h.Http11NioProtocol - [log,173] - Initializing ProtocolHandler ["http-nio-10240"]
22:11:50.200 [main] INFO  o.a.c.c.StandardService - [log,173] - Starting service [Tomcat]
22:11:50.200 [main] INFO  o.a.c.c.StandardEngine - [log,173] - Starting Servlet engine: [Apache Tomcat/9.0.83]
22:11:50.542 [main] INFO  o.a.c.c.C.[.[.[/] - [log,173] - Initializing Spring embedded WebApplicationContext
22:11:50.543 [main] INFO  o.s.b.w.s.c.ServletWebServerApplicationContext - [prepareWebApplicationContext,292] - Root WebApplicationContext: initialization completed in 4827 ms
22:11:55.041 [main] INFO  c.z.h.HikariDataSource - [getConnection,110] - HikariPool-1 - Starting...
22:11:55.821 [main] INFO  c.z.h.HikariDataSource - [getConnection,123] - HikariPool-1 - Start completed.
22:11:59.873 [main] INFO  c.a.c.s.SentinelWebMvcConfigurer - [addInterceptors,52] - [Sentinel Starter] register SentinelWebInterceptor with urlPatterns: [/**].
22:12:04.100 [main] INFO  o.s.b.a.e.w.EndpointLinksResolver - [<init>,58] - Exposing 1 endpoint(s) beneath base path '/actuator'
22:12:04.865 [main] INFO  o.s.c.o.FeignClientFactoryBean - [getTarget,418] - For 'cms-system' URL not provided. Will try picking an instance via load-balancing.
22:12:07.383 [main] INFO  o.a.c.h.Http11NioProtocol - [log,173] - Starting ProtocolHandler ["http-nio-10240"]
22:12:07.398 [main] INFO  o.s.b.w.e.t.TomcatWebServer - [start,220] - Tomcat started on port(s): 10240 (http) with context path ''
22:12:07.411 [main] INFO  c.a.n.p.a.s.c.ClientAuthPluginManager - [init,56] - [ClientAuthPluginManager] Load ClientAuthService com.alibaba.nacos.client.auth.impl.NacosClientAuthServiceImpl success.
22:12:07.411 [main] INFO  c.a.n.p.a.s.c.ClientAuthPluginManager - [init,56] - [ClientAuthPluginManager] Load ClientAuthService com.alibaba.nacos.client.auth.ram.RamClientAuthServiceImpl success.
22:12:07.547 [main] INFO  c.a.c.n.r.NacosServiceRegistry - [register,76] - nacos registry, cms-project cms-system 172.22.32.32:10240 register finished
22:12:10.053 [main] INFO  c.c.s.CmsSystemApplication - [logStarted,61] - Started CmsSystemApplication in 35.438 seconds (JVM running for 38.104)
22:12:10.071 [main] INFO  c.a.c.n.r.NacosContextRefresher - [registerNacosListener,129] - [Nacos Config] Listening config: dataId=cms-system, group=cms-project
22:12:10.073 [main] INFO  c.a.c.n.r.NacosContextRefresher - [registerNacosListener,129] - [Nacos Config] Listening config: dataId=cms-system.yml, group=cms-project
22:12:10.074 [main] INFO  c.a.c.n.r.NacosContextRefresher - [registerNacosListener,129] - [Nacos Config] Listening config: dataId=cms-system-dev.yml, group=cms-project
22:12:12.643 [RMI TCP Connection(9)-172.17.239.72] INFO  o.a.c.c.C.[.[.[/] - [log,173] - Initializing Spring DispatcherServlet 'dispatcherServlet'
22:12:12.644 [RMI TCP Connection(9)-172.17.239.72] INFO  o.s.w.s.DispatcherServlet - [initServletBean,525] - Initializing Servlet 'dispatcherServlet'
22:12:12.648 [RMI TCP Connection(9)-172.17.239.72] INFO  o.s.w.s.DispatcherServlet - [initServletBean,547] - Completed initialization in 4 ms
